<?xml version="1.0" encoding="utf-8"?>
<TestRun id="35acc4c5-2b91-4f51-8de5-3f5753e8d855" name="user@704DESKTOP 2026-04-14 13:13:06" runUser="704DESKTOP\user" xmlns="http://microsoft.com/schemas/VisualStudio/TeamTest/2010">
  <Times creation="2026-04-14T13:13:06.8908951+08:00" queuing="2026-04-14T13:13:06.8908955+08:00" start="2026-04-14T13:13:06.3639737+08:00" finish="2026-04-14T13:13:06.8949546+08:00" />
  <TestSettings name="default" id="135ccef0-bbb5-49e0-b1b4-3f12fd7e0d3f">
    <Deployment runDeploymentRoot="user_704DESKTOP_2026-04-14_13_13_06" />
  </TestSettings>
  <Results>
    <UnitTestResult executionId="3e76dfb3-88a8-4e80-bbe5-0d88ebf41f08" testId="565611b6-c961-f5d2-f463-0b41f5ba7c4d" testName="LAL.Tests.TensorCore.SortSearchTests.Argsort_SearchSorted_NonZero_Work" computerName="704DESKTOP" duration="00:00:00.0096683" startTime="2026-04-14T13:13:06.7893571+08:00" endTime="2026-04-14T13:13:06.7893713+08:00" testType="13cdc9d9-ddb5-4fa4-a97d-d965ccfc6d4b" outcome="Passed" testListId="8c84fa94-04c1-424b-9868-57a2d4851a1d" relativeResultsDirectory="3e76dfb3-88a8-4e80-bbe5-0d88ebf41f08" />
    <UnitTestResult executionId="e163ae8e-515a-43f3-9c95-6fc1c44bfc46" testId="cfb5f73c-cc1b-274d-b874-2ddb6882b070" testName="LAL.Tests.TensorCore.SortSearchTests.ArgMaxArgMinAndLexsort_Work" computerName="704DESKTOP" duration="00:00:00.0014492" startTime="2026-04-14T13:13:06.7912469+08:00" endTime="2026-04-14T13:13:06.7912469+08:00" testType="13cdc9d9-ddb5-4fa4-a97d-d965ccfc6d4b" outcome="Passed" testListId="8c84fa94-04c1-424b-9868-57a2d4851a1d" relativeResultsDirectory="e163ae8e-515a-43f3-9c95-6fc1c44bfc46" />
  </Results>
  <TestDefinitions>
    <UnitTest name="LAL.Tests.TensorCore.SortSearchTests.Argsort_SearchSorted_NonZero_Work" storage="d:\project\lal\lal.tests\bin\release\net8.0\lal.tests.dll" id="565611b6-c961-f5d2-f463-0b41f5ba7c4d">
      <Execution id="3e76dfb3-88a8-4e80-bbe5-0d88ebf41f08" />
      <TestMethod codeBase="D:\Project\LAL\LAL.Tests\bin\Release\net8.0\LAL.Tests.dll" adapterTypeName="executor://xunit/VsTestRunner2/netcoreapp" className="LAL.Tests.TensorCore.SortSearchTests" name="Argsort_SearchSorted_NonZero_Work" />
    </UnitTest>
    <UnitTest name="LAL.Tests.TensorCore.SortSearchTests.ArgMaxArgMinAndLexsort_Work" storage="d:\project\lal\lal.tests\bin\release\net8.0\lal.tests.dll" id="cfb5f73c-cc1b-274d-b874-2ddb6882b070">
      <Execution id="e163ae8e-515a-43f3-9c95-6fc1c44bfc46" />
      <TestMethod codeBase="D:\Project\LAL\LAL.Tests\bin\Release\net8.0\LAL.Tests.dll" adapterTypeName="executor://xunit/VsTestRunner2/netcoreapp" className="LAL.Tests.TensorCore.SortSearchTests" name="ArgMaxArgMinAndLexsort_Work" />
    </UnitTest>
  </TestDefinitions>
  <TestEntries>
    <TestEntry testId="565611b6-c961-f5d2-f463-0b41f5ba7c4d" executionId="3e76dfb3-88a8-4e80-bbe5-0d88ebf41f08" testListId="8c84fa94-04c1-424b-9868-57a2d4851a1d" />
    <TestEntry testId="cfb5f73c-cc1b-274d-b874-2ddb6882b070" executionId="e163ae8e-515a-43f3-9c95-6fc1c44bfc46" testListId="8c84fa94-04c1-424b-9868-57a2d4851a1d" />
  </TestEntries>
  <TestLists>
    <TestList name="不在清單中的結果" id="8c84fa94-04c1-424b-9868-57a2d4851a1d" />
    <TestList name="所有載入的結果" id="19431567-8539-422a-85d7-44ee4e166bda" />
  </TestLists>
  <ResultSummary outcome="Completed">
    <Counters total="2" executed="2" passed="2" failed="0" error="0" timeout="0" aborted="0" inconclusive="0" passedButRunAborted="0" notRunnable="0" notExecuted="0" disconnected="0" warning="0" completed="0" inProgress="0" pending="0" />
    <Output>
      <StdOut>[xUnit.net 00:00:00.00] xUnit.net VSTest Adapter v2.5.3.1+6b60a9e56a (64-bit .NET 8.0.25)&#xD;
[xUnit.net 00:00:00.05]   Discovering: LAL.Tests&#xD;
[xUnit.net 00:00:00.08]   Discovered:  LAL.Tests&#xD;
[xUnit.net 00:00:00.08]   Starting:    LAL.Tests&#xD;
[xUnit.net 00:00:00.13]   Finished:    LAL.Tests&#xD;
</StdOut>
    </Output>
  </ResultSummary>
</TestRun>