<?xml version="1.0" encoding="utf-8"?>
<TestRun id="c49745e2-1ab8-4a7b-b828-ea7b7c394a1a" name="user@704DESKTOP 2026-04-14 13:12:32" runUser="704DESKTOP\user" xmlns="http://microsoft.com/schemas/VisualStudio/TeamTest/2010">
  <Times creation="2026-04-14T13:12:32.9678700+08:00" queuing="2026-04-14T13:12:32.9678702+08:00" start="2026-04-14T13:12:32.3915583+08:00" finish="2026-04-14T13:12:32.9722246+08:00" />
  <TestSettings name="default" id="4dd99d5c-646d-416c-a3f3-0639e4279f07">
    <Deployment runDeploymentRoot="user_704DESKTOP_2026-04-14_13_12_32" />
  </TestSettings>
  <Results>
    <UnitTestResult executionId="9757dc1d-df65-4952-96a3-f2433432cc34" testId="e52015cb-f65c-5695-f8df-6a96af316cd0" testName="LAL.Tests.NumericalCore.Optimization.LbfgsTests.SolveScalar_ConvergesOnQuadratic" computerName="704DESKTOP" duration="00:00:00.0032832" startTime="2026-04-14T13:12:32.8692656+08:00" endTime="2026-04-14T13:12:32.8692796+08:00" testType="13cdc9d9-ddb5-4fa4-a97d-d965ccfc6d4b" outcome="Passed" testListId="8c84fa94-04c1-424b-9868-57a2d4851a1d" relativeResultsDirectory="9757dc1d-df65-4952-96a3-f2433432cc34" />
    <UnitTestResult executionId="cfe88646-8986-4987-a4d4-16762744f2b9" testId="f8b713da-e18c-9eec-3c22-3358d696c10e" testName="LAL.Tests.NumericalCore.Optimization.LbfgsTests.SolveScalar_Float_ConvergesOnQuadratic" computerName="704DESKTOP" duration="00:00:00.0014447" startTime="2026-04-14T13:12:32.8713013+08:00" endTime="2026-04-14T13:12:32.8713014+08:00" testType="13cdc9d9-ddb5-4fa4-a97d-d965ccfc6d4b" outcome="Passed" testListId="8c84fa94-04c1-424b-9868-57a2d4851a1d" relativeResultsDirectory="cfe88646-8986-4987-a4d4-16762744f2b9" />
    <UnitTestResult executionId="bdc74afd-60a8-43d6-b14e-c2d43ac97ff0" testId="ea7bf2d4-abde-0e51-07cb-4f82a8d4c51c" testName="LAL.Tests.NumericalCore.Optimization.LbfgsTests.SolveScalar_Complex_ConvergesOnQuadratic" computerName="704DESKTOP" duration="00:00:00.0006353" startTime="2026-04-14T13:12:32.8715080+08:00" endTime="2026-04-14T13:12:32.8715080+08:00" testType="13cdc9d9-ddb5-4fa4-a97d-d965ccfc6d4b" outcome="Passed" testListId="8c84fa94-04c1-424b-9868-57a2d4851a1d" relativeResultsDirectory="bdc74afd-60a8-43d6-b14e-c2d43ac97ff0" />
  </Results>
  <TestDefinitions>
    <UnitTest name="LAL.Tests.NumericalCore.Optimization.LbfgsTests.SolveScalar_Float_ConvergesOnQuadratic" storage="d:\project\lal\lal.tests\bin\release\net8.0\lal.tests.dll" id="f8b713da-e18c-9eec-3c22-3358d696c10e">
      <Execution id="cfe88646-8986-4987-a4d4-16762744f2b9" />
      <TestMethod codeBase="D:\Project\LAL\LAL.Tests\bin\Release\net8.0\LAL.Tests.dll" adapterTypeName="executor://xunit/VsTestRunner2/netcoreapp" className="LAL.Tests.NumericalCore.Optimization.LbfgsTests" name="SolveScalar_Float_ConvergesOnQuadratic" />
    </UnitTest>
    <UnitTest name="LAL.Tests.NumericalCore.Optimization.LbfgsTests.SolveScalar_Complex_ConvergesOnQuadratic" storage="d:\project\lal\lal.tests\bin\release\net8.0\lal.tests.dll" id="ea7bf2d4-abde-0e51-07cb-4f82a8d4c51c">
      <Execution id="bdc74afd-60a8-43d6-b14e-c2d43ac97ff0" />
      <TestMethod codeBase="D:\Project\LAL\LAL.Tests\bin\Release\net8.0\LAL.Tests.dll" adapterTypeName="executor://xunit/VsTestRunner2/netcoreapp" className="LAL.Tests.NumericalCore.Optimization.LbfgsTests" name="SolveScalar_Complex_ConvergesOnQuadratic" />
    </UnitTest>
    <UnitTest name="LAL.Tests.NumericalCore.Optimization.LbfgsTests.SolveScalar_ConvergesOnQuadratic" storage="d:\project\lal\lal.tests\bin\release\net8.0\lal.tests.dll" id="e52015cb-f65c-5695-f8df-6a96af316cd0">
      <Execution id="9757dc1d-df65-4952-96a3-f2433432cc34" />
      <TestMethod codeBase="D:\Project\LAL\LAL.Tests\bin\Release\net8.0\LAL.Tests.dll" adapterTypeName="executor://xunit/VsTestRunner2/netcoreapp" className="LAL.Tests.NumericalCore.Optimization.LbfgsTests" name="SolveScalar_ConvergesOnQuadratic" />
    </UnitTest>
  </TestDefinitions>
  <TestEntries>
    <TestEntry testId="e52015cb-f65c-5695-f8df-6a96af316cd0" executionId="9757dc1d-df65-4952-96a3-f2433432cc34" testListId="8c84fa94-04c1-424b-9868-57a2d4851a1d" />
    <TestEntry testId="f8b713da-e18c-9eec-3c22-3358d696c10e" executionId="cfe88646-8986-4987-a4d4-16762744f2b9" testListId="8c84fa94-04c1-424b-9868-57a2d4851a1d" />
    <TestEntry testId="ea7bf2d4-abde-0e51-07cb-4f82a8d4c51c" executionId="bdc74afd-60a8-43d6-b14e-c2d43ac97ff0" testListId="8c84fa94-04c1-424b-9868-57a2d4851a1d" />
  </TestEntries>
  <TestLists>
    <TestList name="不在清單中的結果" id="8c84fa94-04c1-424b-9868-57a2d4851a1d" />
    <TestList name="所有載入的結果" id="19431567-8539-422a-85d7-44ee4e166bda" />
  </TestLists>
  <ResultSummary outcome="Completed">
    <Counters total="3" executed="3" passed="3" failed="0" error="0" timeout="0" aborted="0" inconclusive="0" passedButRunAborted="0" notRunnable="0" notExecuted="0" disconnected="0" warning="0" completed="0" inProgress="0" pending="0" />
    <Output>
      <StdOut>[xUnit.net 00:00:00.00] xUnit.net VSTest Adapter v2.5.3.1+6b60a9e56a (64-bit .NET 8.0.25)&#xD;
[xUnit.net 00:00:00.05]   Discovering: LAL.Tests&#xD;
[xUnit.net 00:00:00.08]   Discovered:  LAL.Tests&#xD;
[xUnit.net 00:00:00.08]   Starting:    LAL.Tests&#xD;
[xUnit.net 00:00:00.12]   Finished:    LAL.Tests&#xD;
</StdOut>
    </Output>
  </ResultSummary>
</TestRun>