<?xml version="1.0" encoding="utf-8"?>
<TestRun id="461a11d8-972b-4f02-961c-b4dba27571cd" name="user@704DESKTOP 2026-04-14 13:12:50" runUser="704DESKTOP\user" xmlns="http://microsoft.com/schemas/VisualStudio/TeamTest/2010">
  <Times creation="2026-04-14T13:12:50.4640199+08:00" queuing="2026-04-14T13:12:50.4640201+08:00" start="2026-04-14T13:12:49.9312903+08:00" finish="2026-04-14T13:12:50.4685366+08:00" />
  <TestSettings name="default" id="ab6f2d1a-8bed-41df-a5f7-2030f6a97ed2">
    <Deployment runDeploymentRoot="user_704DESKTOP_2026-04-14_13_12_50" />
  </TestSettings>
  <Results>
    <UnitTestResult executionId="d7329031-9049-4823-aff6-5e84f92b4741" testId="7fae3448-6349-ca0b-d264-c740bc06c681" testName="LAL.Tests.OdeCore.Rk45Tests.Step_Complex_ProducesAccurateEstimateForExpGrowth" computerName="704DESKTOP" duration="00:00:00.0063557" startTime="2026-04-14T13:12:50.3625201+08:00" endTime="2026-04-14T13:12:50.3625346+08:00" testType="13cdc9d9-ddb5-4fa4-a97d-d965ccfc6d4b" outcome="Passed" testListId="8c84fa94-04c1-424b-9868-57a2d4851a1d" relativeResultsDirectory="d7329031-9049-4823-aff6-5e84f92b4741" />
    <UnitTestResult executionId="6ddd939d-e64c-414d-94cc-aee2b97d6c32" testId="39084b3c-a51d-dd2c-2bd9-fc86f6ed4784" testName="LAL.Tests.OdeCore.Rk45Tests.Step_ProducesAccurateEstimateForExpGrowth" computerName="704DESKTOP" duration="00:00:00.0023751" startTime="2026-04-14T13:12:50.3689906+08:00" endTime="2026-04-14T13:12:50.3689906+08:00" testType="13cdc9d9-ddb5-4fa4-a97d-d965ccfc6d4b" outcome="Passed" testListId="8c84fa94-04c1-424b-9868-57a2d4851a1d" relativeResultsDirectory="6ddd939d-e64c-414d-94cc-aee2b97d6c32" />
    <UnitTestResult executionId="378a6887-2a14-4cd5-8126-ea43b9db0d4b" testId="c86ee620-37ab-7d64-6e91-e7b89b974f48" testName="LAL.Tests.OdeCore.Rk45Tests.Step_Float_ProducesAccurateEstimateForExpGrowth" computerName="704DESKTOP" duration="00:00:00.0044144" startTime="2026-04-14T13:12:50.3665885+08:00" endTime="2026-04-14T13:12:50.3665886+08:00" testType="13cdc9d9-ddb5-4fa4-a97d-d965ccfc6d4b" outcome="Passed" testListId="8c84fa94-04c1-424b-9868-57a2d4851a1d" relativeResultsDirectory="378a6887-2a14-4cd5-8126-ea43b9db0d4b" />
  </Results>
  <TestDefinitions>
    <UnitTest name="LAL.Tests.OdeCore.Rk45Tests.Step_Float_ProducesAccurateEstimateForExpGrowth" storage="d:\project\lal\lal.tests\bin\release\net8.0\lal.tests.dll" id="c86ee620-37ab-7d64-6e91-e7b89b974f48">
      <Execution id="378a6887-2a14-4cd5-8126-ea43b9db0d4b" />
      <TestMethod codeBase="D:\Project\LAL\LAL.Tests\bin\Release\net8.0\LAL.Tests.dll" adapterTypeName="executor://xunit/VsTestRunner2/netcoreapp" className="LAL.Tests.OdeCore.Rk45Tests" name="Step_Float_ProducesAccurateEstimateForExpGrowth" />
    </UnitTest>
    <UnitTest name="LAL.Tests.OdeCore.Rk45Tests.Step_Complex_ProducesAccurateEstimateForExpGrowth" storage="d:\project\lal\lal.tests\bin\release\net8.0\lal.tests.dll" id="7fae3448-6349-ca0b-d264-c740bc06c681">
      <Execution id="d7329031-9049-4823-aff6-5e84f92b4741" />
      <TestMethod codeBase="D:\Project\LAL\LAL.Tests\bin\Release\net8.0\LAL.Tests.dll" adapterTypeName="executor://xunit/VsTestRunner2/netcoreapp" className="LAL.Tests.OdeCore.Rk45Tests" name="Step_Complex_ProducesAccurateEstimateForExpGrowth" />
    </UnitTest>
    <UnitTest name="LAL.Tests.OdeCore.Rk45Tests.Step_ProducesAccurateEstimateForExpGrowth" storage="d:\project\lal\lal.tests\bin\release\net8.0\lal.tests.dll" id="39084b3c-a51d-dd2c-2bd9-fc86f6ed4784">
      <Execution id="6ddd939d-e64c-414d-94cc-aee2b97d6c32" />
      <TestMethod codeBase="D:\Project\LAL\LAL.Tests\bin\Release\net8.0\LAL.Tests.dll" adapterTypeName="executor://xunit/VsTestRunner2/netcoreapp" className="LAL.Tests.OdeCore.Rk45Tests" name="Step_ProducesAccurateEstimateForExpGrowth" />
    </UnitTest>
  </TestDefinitions>
  <TestEntries>
    <TestEntry testId="7fae3448-6349-ca0b-d264-c740bc06c681" executionId="d7329031-9049-4823-aff6-5e84f92b4741" testListId="8c84fa94-04c1-424b-9868-57a2d4851a1d" />
    <TestEntry testId="39084b3c-a51d-dd2c-2bd9-fc86f6ed4784" executionId="6ddd939d-e64c-414d-94cc-aee2b97d6c32" testListId="8c84fa94-04c1-424b-9868-57a2d4851a1d" />
    <TestEntry testId="c86ee620-37ab-7d64-6e91-e7b89b974f48" executionId="378a6887-2a14-4cd5-8126-ea43b9db0d4b" testListId="8c84fa94-04c1-424b-9868-57a2d4851a1d" />
  </TestEntries>
  <TestLists>
    <TestList name="不在清單中的結果" id="8c84fa94-04c1-424b-9868-57a2d4851a1d" />
    <TestList name="所有載入的結果" id="19431567-8539-422a-85d7-44ee4e166bda" />
  </TestLists>
  <ResultSummary outcome="Completed">
    <Counters total="3" executed="3" passed="3" failed="0" error="0" timeout="0" aborted="0" inconclusive="0" passedButRunAborted="0" notRunnable="0" notExecuted="0" disconnected="0" warning="0" completed="0" inProgress="0" pending="0" />
    <Output>
      <StdOut>[xUnit.net 00:00:00.00] xUnit.net VSTest Adapter v2.5.3.1+6b60a9e56a (64-bit .NET 8.0.25)&#xD;
[xUnit.net 00:00:00.05]   Discovering: LAL.Tests&#xD;
[xUnit.net 00:00:00.09]   Discovered:  LAL.Tests&#xD;
[xUnit.net 00:00:00.09]   Starting:    LAL.Tests&#xD;
[xUnit.net 00:00:00.14]   Finished:    LAL.Tests&#xD;
</StdOut>
    </Output>
  </ResultSummary>
</TestRun>