<?xml version="1.0" encoding="utf-8"?>
<TestRun id="4f3657fc-4c0b-44b9-8d3e-efa3108796d4" name="user@704DESKTOP 2026-04-14 13:12:40" runUser="704DESKTOP\user" xmlns="http://microsoft.com/schemas/VisualStudio/TeamTest/2010">
  <Times creation="2026-04-14T13:12:40.4374896+08:00" queuing="2026-04-14T13:12:40.4374897+08:00" start="2026-04-14T13:12:39.9277351+08:00" finish="2026-04-14T13:12:40.4415807+08:00" />
  <TestSettings name="default" id="797913ef-60c5-4b55-8bdc-b8e4363dcdaf">
    <Deployment runDeploymentRoot="user_704DESKTOP_2026-04-14_13_12_40" />
  </TestSettings>
  <Results>
    <UnitTestResult executionId="2e0e7b6a-93a9-417c-8980-7ff37cb90793" testId="0d7d9748-258b-f02d-9faf-6827c43b6ee3" testName="LAL.Tests.NumericalCore.Statistics.PearsonCorrelationTests.Compute_Complex_ReturnsNearOneForLinearMapping" computerName="704DESKTOP" duration="00:00:00.0006269" startTime="2026-04-14T13:12:40.3471536+08:00" endTime="2026-04-14T13:12:40.3471537+08:00" testType="13cdc9d9-ddb5-4fa4-a97d-d965ccfc6d4b" outcome="Passed" testListId="8c84fa94-04c1-424b-9868-57a2d4851a1d" relativeResultsDirectory="2e0e7b6a-93a9-417c-8980-7ff37cb90793" />
    <UnitTestResult executionId="dd736663-8dac-4a5d-9440-4557cb6c3bcf" testId="3cbc6f43-c00d-dc6c-f127-0472d14a76ae" testName="LAL.Tests.NumericalCore.Statistics.PearsonCorrelationTests.Compute_ReturnsZeroWhenVarianceIsZero" computerName="704DESKTOP" duration="00:00:00.0014618" startTime="2026-04-14T13:12:40.3463943+08:00" endTime="2026-04-14T13:12:40.3463944+08:00" testType="13cdc9d9-ddb5-4fa4-a97d-d965ccfc6d4b" outcome="Passed" testListId="8c84fa94-04c1-424b-9868-57a2d4851a1d" relativeResultsDirectory="dd736663-8dac-4a5d-9440-4557cb6c3bcf" />
    <UnitTestResult executionId="fac3fdd5-0a0c-4c0f-a4d9-07088c91d30e" testId="a68b2b8e-d1b6-c1d2-bbc8-53f2bb417c11" testName="LAL.Tests.NumericalCore.Statistics.PearsonCorrelationTests.Compute_ReturnsMinusOneForPerfectNegativeCorrelation" computerName="704DESKTOP" duration="00:00:00.0000785" startTime="2026-04-14T13:12:40.3465032+08:00" endTime="2026-04-14T13:12:40.3465032+08:00" testType="13cdc9d9-ddb5-4fa4-a97d-d965ccfc6d4b" outcome="Passed" testListId="8c84fa94-04c1-424b-9868-57a2d4851a1d" relativeResultsDirectory="fac3fdd5-0a0c-4c0f-a4d9-07088c91d30e" />
    <UnitTestResult executionId="5856783a-f3eb-40c6-92ef-4811b48cd421" testId="50752481-76c1-afa3-211b-b63bb233ffd8" testName="LAL.Tests.NumericalCore.Statistics.PearsonCorrelationTests.Compute_Float_ReturnsOneForPerfectPositiveCorrelation" computerName="704DESKTOP" duration="00:00:00.0018429" startTime="2026-04-14T13:12:40.3452509+08:00" endTime="2026-04-14T13:12:40.3452509+08:00" testType="13cdc9d9-ddb5-4fa4-a97d-d965ccfc6d4b" outcome="Passed" testListId="8c84fa94-04c1-424b-9868-57a2d4851a1d" relativeResultsDirectory="5856783a-f3eb-40c6-92ef-4811b48cd421" />
    <UnitTestResult executionId="89f0f2c7-e7d7-42f9-bfb4-782d9845d563" testId="06472fb0-d9a0-2636-368f-28d8c08e57b6" testName="LAL.Tests.NumericalCore.Statistics.PearsonCorrelationTests.Compute_ReturnsOneForPerfectPositiveCorrelation" computerName="704DESKTOP" duration="00:00:00.0038879" startTime="2026-04-14T13:12:40.3434208+08:00" endTime="2026-04-14T13:12:40.3434371+08:00" testType="13cdc9d9-ddb5-4fa4-a97d-d965ccfc6d4b" outcome="Passed" testListId="8c84fa94-04c1-424b-9868-57a2d4851a1d" relativeResultsDirectory="89f0f2c7-e7d7-42f9-bfb4-782d9845d563" />
  </Results>
  <TestDefinitions>
    <UnitTest name="LAL.Tests.NumericalCore.Statistics.PearsonCorrelationTests.Compute_Float_ReturnsOneForPerfectPositiveCorrelation" storage="d:\project\lal\lal.tests\bin\release\net8.0\lal.tests.dll" id="50752481-76c1-afa3-211b-b63bb233ffd8">
      <Execution id="5856783a-f3eb-40c6-92ef-4811b48cd421" />
      <TestMethod codeBase="D:\Project\LAL\LAL.Tests\bin\Release\net8.0\LAL.Tests.dll" adapterTypeName="executor://xunit/VsTestRunner2/netcoreapp" className="LAL.Tests.NumericalCore.Statistics.PearsonCorrelationTests" name="Compute_Float_ReturnsOneForPerfectPositiveCorrelation" />
    </UnitTest>
    <UnitTest name="LAL.Tests.NumericalCore.Statistics.PearsonCorrelationTests.Compute_Complex_ReturnsNearOneForLinearMapping" storage="d:\project\lal\lal.tests\bin\release\net8.0\lal.tests.dll" id="0d7d9748-258b-f02d-9faf-6827c43b6ee3">
      <Execution id="2e0e7b6a-93a9-417c-8980-7ff37cb90793" />
      <TestMethod codeBase="D:\Project\LAL\LAL.Tests\bin\Release\net8.0\LAL.Tests.dll" adapterTypeName="executor://xunit/VsTestRunner2/netcoreapp" className="LAL.Tests.NumericalCore.Statistics.PearsonCorrelationTests" name="Compute_Complex_ReturnsNearOneForLinearMapping" />
    </UnitTest>
    <UnitTest name="LAL.Tests.NumericalCore.Statistics.PearsonCorrelationTests.Compute_ReturnsMinusOneForPerfectNegativeCorrelation" storage="d:\project\lal\lal.tests\bin\release\net8.0\lal.tests.dll" id="a68b2b8e-d1b6-c1d2-bbc8-53f2bb417c11">
      <Execution id="fac3fdd5-0a0c-4c0f-a4d9-07088c91d30e" />
      <TestMethod codeBase="D:\Project\LAL\LAL.Tests\bin\Release\net8.0\LAL.Tests.dll" adapterTypeName="executor://xunit/VsTestRunner2/netcoreapp" className="LAL.Tests.NumericalCore.Statistics.PearsonCorrelationTests" name="Compute_ReturnsMinusOneForPerfectNegativeCorrelation" />
    </UnitTest>
    <UnitTest name="LAL.Tests.NumericalCore.Statistics.PearsonCorrelationTests.Compute_ReturnsOneForPerfectPositiveCorrelation" storage="d:\project\lal\lal.tests\bin\release\net8.0\lal.tests.dll" id="06472fb0-d9a0-2636-368f-28d8c08e57b6">
      <Execution id="89f0f2c7-e7d7-42f9-bfb4-782d9845d563" />
      <TestMethod codeBase="D:\Project\LAL\LAL.Tests\bin\Release\net8.0\LAL.Tests.dll" adapterTypeName="executor://xunit/VsTestRunner2/netcoreapp" className="LAL.Tests.NumericalCore.Statistics.PearsonCorrelationTests" name="Compute_ReturnsOneForPerfectPositiveCorrelation" />
    </UnitTest>
    <UnitTest name="LAL.Tests.NumericalCore.Statistics.PearsonCorrelationTests.Compute_ReturnsZeroWhenVarianceIsZero" storage="d:\project\lal\lal.tests\bin\release\net8.0\lal.tests.dll" id="3cbc6f43-c00d-dc6c-f127-0472d14a76ae">
      <Execution id="dd736663-8dac-4a5d-9440-4557cb6c3bcf" />
      <TestMethod codeBase="D:\Project\LAL\LAL.Tests\bin\Release\net8.0\LAL.Tests.dll" adapterTypeName="executor://xunit/VsTestRunner2/netcoreapp" className="LAL.Tests.NumericalCore.Statistics.PearsonCorrelationTests" name="Compute_ReturnsZeroWhenVarianceIsZero" />
    </UnitTest>
  </TestDefinitions>
  <TestEntries>
    <TestEntry testId="0d7d9748-258b-f02d-9faf-6827c43b6ee3" executionId="2e0e7b6a-93a9-417c-8980-7ff37cb90793" testListId="8c84fa94-04c1-424b-9868-57a2d4851a1d" />
    <TestEntry testId="3cbc6f43-c00d-dc6c-f127-0472d14a76ae" executionId="dd736663-8dac-4a5d-9440-4557cb6c3bcf" testListId="8c84fa94-04c1-424b-9868-57a2d4851a1d" />
    <TestEntry testId="a68b2b8e-d1b6-c1d2-bbc8-53f2bb417c11" executionId="fac3fdd5-0a0c-4c0f-a4d9-07088c91d30e" testListId="8c84fa94-04c1-424b-9868-57a2d4851a1d" />
    <TestEntry testId="50752481-76c1-afa3-211b-b63bb233ffd8" executionId="5856783a-f3eb-40c6-92ef-4811b48cd421" testListId="8c84fa94-04c1-424b-9868-57a2d4851a1d" />
    <TestEntry testId="06472fb0-d9a0-2636-368f-28d8c08e57b6" executionId="89f0f2c7-e7d7-42f9-bfb4-782d9845d563" testListId="8c84fa94-04c1-424b-9868-57a2d4851a1d" />
  </TestEntries>
  <TestLists>
    <TestList name="不在清單中的結果" id="8c84fa94-04c1-424b-9868-57a2d4851a1d" />
    <TestList name="所有載入的結果" id="19431567-8539-422a-85d7-44ee4e166bda" />
  </TestLists>
  <ResultSummary outcome="Completed">
    <Counters total="5" executed="5" passed="5" failed="0" error="0" timeout="0" aborted="0" inconclusive="0" passedButRunAborted="0" notRunnable="0" notExecuted="0" disconnected="0" warning="0" completed="0" inProgress="0" pending="0" />
    <Output>
      <StdOut>[xUnit.net 00:00:00.00] xUnit.net VSTest Adapter v2.5.3.1+6b60a9e56a (64-bit .NET 8.0.25)&#xD;
[xUnit.net 00:00:00.05]   Discovering: LAL.Tests&#xD;
[xUnit.net 00:00:00.08]   Discovered:  LAL.Tests&#xD;
[xUnit.net 00:00:00.08]   Starting:    LAL.Tests&#xD;
[xUnit.net 00:00:00.13]   Finished:    LAL.Tests&#xD;
</StdOut>
    </Output>
  </ResultSummary>
</TestRun>