<?xml version="1.0" encoding="utf-8"?>
<TestRun id="73e3997d-d52d-43d5-b0a8-33bffd82adf9" name="user@704DESKTOP 2026-04-14 13:12:15" runUser="704DESKTOP\user" xmlns="http://microsoft.com/schemas/VisualStudio/TeamTest/2010">
  <Times creation="2026-04-14T13:12:15.3875113+08:00" queuing="2026-04-14T13:12:15.3875114+08:00" start="2026-04-14T13:12:14.8357804+08:00" finish="2026-04-14T13:12:15.3913934+08:00" />
  <TestSettings name="default" id="2fd8d409-f95b-445e-80c7-76e86ab06985">
    <Deployment runDeploymentRoot="user_704DESKTOP_2026-04-14_13_12_15" />
  </TestSettings>
  <Results>
    <UnitTestResult executionId="3aaff670-22a0-46b4-bd32-0e3f585b07ab" testId="8ee377cc-1b89-2ac3-0a9b-17ae30e59290" testName="LAL.Tests.LinalgCore.NormsTests.L1L2AndInfinity_ReturnExpectedValues" computerName="704DESKTOP" duration="00:00:00.0024746" startTime="2026-04-14T13:12:15.2882469+08:00" endTime="2026-04-14T13:12:15.2882612+08:00" testType="13cdc9d9-ddb5-4fa4-a97d-d965ccfc6d4b" outcome="Passed" testListId="8c84fa94-04c1-424b-9868-57a2d4851a1d" relativeResultsDirectory="3aaff670-22a0-46b4-bd32-0e3f585b07ab" />
    <UnitTestResult executionId="78f5d1c3-b9f6-42e3-a4ad-254a9a5560b6" testId="7bed6c14-25d2-2fa5-820a-db51e66f2ac0" testName="LAL.Tests.LinalgCore.NormsTests.Norms_EmptyVector_ReturnsZero" computerName="704DESKTOP" duration="00:00:00.0001210" startTime="2026-04-14T13:12:15.2901529+08:00" endTime="2026-04-14T13:12:15.2901529+08:00" testType="13cdc9d9-ddb5-4fa4-a97d-d965ccfc6d4b" outcome="Passed" testListId="8c84fa94-04c1-424b-9868-57a2d4851a1d" relativeResultsDirectory="78f5d1c3-b9f6-42e3-a4ad-254a9a5560b6" />
    <UnitTestResult executionId="0620b5bc-a152-4039-ada1-a04c117ccd45" testId="dcf7f6cc-3473-02b7-0192-c0393f92ba70" testName="LAL.Tests.LinalgCore.NormsTests.FloatNorms_ReturnExpectedValues" computerName="704DESKTOP" duration="00:00:00.0005019" startTime="2026-04-14T13:12:15.2903560+08:00" endTime="2026-04-14T13:12:15.2903560+08:00" testType="13cdc9d9-ddb5-4fa4-a97d-d965ccfc6d4b" outcome="Passed" testListId="8c84fa94-04c1-424b-9868-57a2d4851a1d" relativeResultsDirectory="0620b5bc-a152-4039-ada1-a04c117ccd45" />
    <UnitTestResult executionId="887aa642-0bb4-4e57-ae54-da80e36e6b05" testId="cb2b3bd6-de06-9842-54e0-3eda0cba8b26" testName="LAL.Tests.LinalgCore.NormsTests.ComplexNorms_ReturnExpectedValues" computerName="704DESKTOP" duration="00:00:00.0004089" startTime="2026-04-14T13:12:15.2903730+08:00" endTime="2026-04-14T13:12:15.2903730+08:00" testType="13cdc9d9-ddb5-4fa4-a97d-d965ccfc6d4b" outcome="Passed" testListId="8c84fa94-04c1-424b-9868-57a2d4851a1d" relativeResultsDirectory="887aa642-0bb4-4e57-ae54-da80e36e6b05" />
  </Results>
  <TestDefinitions>
    <UnitTest name="LAL.Tests.LinalgCore.NormsTests.ComplexNorms_ReturnExpectedValues" storage="d:\project\lal\lal.tests\bin\release\net8.0\lal.tests.dll" id="cb2b3bd6-de06-9842-54e0-3eda0cba8b26">
      <Execution id="887aa642-0bb4-4e57-ae54-da80e36e6b05" />
      <TestMethod codeBase="D:\Project\LAL\LAL.Tests\bin\Release\net8.0\LAL.Tests.dll" adapterTypeName="executor://xunit/VsTestRunner2/netcoreapp" className="LAL.Tests.LinalgCore.NormsTests" name="ComplexNorms_ReturnExpectedValues" />
    </UnitTest>
    <UnitTest name="LAL.Tests.LinalgCore.NormsTests.Norms_EmptyVector_ReturnsZero" storage="d:\project\lal\lal.tests\bin\release\net8.0\lal.tests.dll" id="7bed6c14-25d2-2fa5-820a-db51e66f2ac0">
      <Execution id="78f5d1c3-b9f6-42e3-a4ad-254a9a5560b6" />
      <TestMethod codeBase="D:\Project\LAL\LAL.Tests\bin\Release\net8.0\LAL.Tests.dll" adapterTypeName="executor://xunit/VsTestRunner2/netcoreapp" className="LAL.Tests.LinalgCore.NormsTests" name="Norms_EmptyVector_ReturnsZero" />
    </UnitTest>
    <UnitTest name="LAL.Tests.LinalgCore.NormsTests.FloatNorms_ReturnExpectedValues" storage="d:\project\lal\lal.tests\bin\release\net8.0\lal.tests.dll" id="dcf7f6cc-3473-02b7-0192-c0393f92ba70">
      <Execution id="0620b5bc-a152-4039-ada1-a04c117ccd45" />
      <TestMethod codeBase="D:\Project\LAL\LAL.Tests\bin\Release\net8.0\LAL.Tests.dll" adapterTypeName="executor://xunit/VsTestRunner2/netcoreapp" className="LAL.Tests.LinalgCore.NormsTests" name="FloatNorms_ReturnExpectedValues" />
    </UnitTest>
    <UnitTest name="LAL.Tests.LinalgCore.NormsTests.L1L2AndInfinity_ReturnExpectedValues" storage="d:\project\lal\lal.tests\bin\release\net8.0\lal.tests.dll" id="8ee377cc-1b89-2ac3-0a9b-17ae30e59290">
      <Execution id="3aaff670-22a0-46b4-bd32-0e3f585b07ab" />
      <TestMethod codeBase="D:\Project\LAL\LAL.Tests\bin\Release\net8.0\LAL.Tests.dll" adapterTypeName="executor://xunit/VsTestRunner2/netcoreapp" className="LAL.Tests.LinalgCore.NormsTests" name="L1L2AndInfinity_ReturnExpectedValues" />
    </UnitTest>
  </TestDefinitions>
  <TestEntries>
    <TestEntry testId="8ee377cc-1b89-2ac3-0a9b-17ae30e59290" executionId="3aaff670-22a0-46b4-bd32-0e3f585b07ab" testListId="8c84fa94-04c1-424b-9868-57a2d4851a1d" />
    <TestEntry testId="7bed6c14-25d2-2fa5-820a-db51e66f2ac0" executionId="78f5d1c3-b9f6-42e3-a4ad-254a9a5560b6" testListId="8c84fa94-04c1-424b-9868-57a2d4851a1d" />
    <TestEntry testId="dcf7f6cc-3473-02b7-0192-c0393f92ba70" executionId="0620b5bc-a152-4039-ada1-a04c117ccd45" testListId="8c84fa94-04c1-424b-9868-57a2d4851a1d" />
    <TestEntry testId="cb2b3bd6-de06-9842-54e0-3eda0cba8b26" executionId="887aa642-0bb4-4e57-ae54-da80e36e6b05" testListId="8c84fa94-04c1-424b-9868-57a2d4851a1d" />
  </TestEntries>
  <TestLists>
    <TestList name="不在清單中的結果" id="8c84fa94-04c1-424b-9868-57a2d4851a1d" />
    <TestList name="所有載入的結果" id="19431567-8539-422a-85d7-44ee4e166bda" />
  </TestLists>
  <ResultSummary outcome="Completed">
    <Counters total="4" executed="4" passed="4" failed="0" error="0" timeout="0" aborted="0" inconclusive="0" passedButRunAborted="0" notRunnable="0" notExecuted="0" disconnected="0" warning="0" completed="0" inProgress="0" pending="0" />
    <Output>
      <StdOut>[xUnit.net 00:00:00.00] xUnit.net VSTest Adapter v2.5.3.1+6b60a9e56a (64-bit .NET 8.0.25)&#xD;
[xUnit.net 00:00:00.07]   Discovering: LAL.Tests&#xD;
[xUnit.net 00:00:00.12]   Discovered:  LAL.Tests&#xD;
[xUnit.net 00:00:00.12]   Starting:    LAL.Tests&#xD;
[xUnit.net 00:00:00.16]   Finished:    LAL.Tests&#xD;
</StdOut>
    </Output>
  </ResultSummary>
</TestRun>