<?xml version="1.0" encoding="utf-8"?>
<TestRun id="fe62d6f9-7c61-4b89-bdfd-f5ad364f557e" name="user@704DESKTOP 2026-04-14 13:12:01" runUser="704DESKTOP\user" xmlns="http://microsoft.com/schemas/VisualStudio/TeamTest/2010">
  <Times creation="2026-04-14T13:12:01.9149085+08:00" queuing="2026-04-14T13:12:01.9149087+08:00" start="2026-04-14T13:12:01.3021459+08:00" finish="2026-04-14T13:12:01.9193913+08:00" />
  <TestSettings name="default" id="1e687396-5630-41b2-919d-e3ab0812888c">
    <Deployment runDeploymentRoot="user_704DESKTOP_2026-04-14_13_12_01" />
  </TestSettings>
  <Results>
    <UnitTestResult executionId="7d440317-38e0-432e-ac76-01608f34ea9f" testId="0204491d-8e50-82b7-c5e7-082af2697daa" testName="LAL.Tests.LinalgCore.CholeskyTests.DecomposeLower_FactorsHermitianPositiveDefiniteComplexMatrix" computerName="704DESKTOP" duration="00:00:00.0009472" startTime="2026-04-14T13:12:01.8158202+08:00" endTime="2026-04-14T13:12:01.8158203+08:00" testType="13cdc9d9-ddb5-4fa4-a97d-d965ccfc6d4b" outcome="Passed" testListId="8c84fa94-04c1-424b-9868-57a2d4851a1d" relativeResultsDirectory="7d440317-38e0-432e-ac76-01608f34ea9f" />
    <UnitTestResult executionId="d6368959-e9d8-4e37-b47d-aac9c8d7b195" testId="519f5fb5-093d-976f-a7f1-d7c02c05ed1a" testName="LAL.Tests.LinalgCore.CholeskyTests.DecomposeLower_FactorsSpdMatrix" computerName="704DESKTOP" duration="00:00:00.0038967" startTime="2026-04-14T13:12:01.8136149+08:00" endTime="2026-04-14T13:12:01.8136294+08:00" testType="13cdc9d9-ddb5-4fa4-a97d-d965ccfc6d4b" outcome="Passed" testListId="8c84fa94-04c1-424b-9868-57a2d4851a1d" relativeResultsDirectory="d6368959-e9d8-4e37-b47d-aac9c8d7b195" />
  </Results>
  <TestDefinitions>
    <UnitTest name="LAL.Tests.LinalgCore.CholeskyTests.DecomposeLower_FactorsHermitianPositiveDefiniteComplexMatrix" storage="d:\project\lal\lal.tests\bin\release\net8.0\lal.tests.dll" id="0204491d-8e50-82b7-c5e7-082af2697daa">
      <Execution id="7d440317-38e0-432e-ac76-01608f34ea9f" />
      <TestMethod codeBase="D:\Project\LAL\LAL.Tests\bin\Release\net8.0\LAL.Tests.dll" adapterTypeName="executor://xunit/VsTestRunner2/netcoreapp" className="LAL.Tests.LinalgCore.CholeskyTests" name="DecomposeLower_FactorsHermitianPositiveDefiniteComplexMatrix" />
    </UnitTest>
    <UnitTest name="LAL.Tests.LinalgCore.CholeskyTests.DecomposeLower_FactorsSpdMatrix" storage="d:\project\lal\lal.tests\bin\release\net8.0\lal.tests.dll" id="519f5fb5-093d-976f-a7f1-d7c02c05ed1a">
      <Execution id="d6368959-e9d8-4e37-b47d-aac9c8d7b195" />
      <TestMethod codeBase="D:\Project\LAL\LAL.Tests\bin\Release\net8.0\LAL.Tests.dll" adapterTypeName="executor://xunit/VsTestRunner2/netcoreapp" className="LAL.Tests.LinalgCore.CholeskyTests" name="DecomposeLower_FactorsSpdMatrix" />
    </UnitTest>
  </TestDefinitions>
  <TestEntries>
    <TestEntry testId="0204491d-8e50-82b7-c5e7-082af2697daa" executionId="7d440317-38e0-432e-ac76-01608f34ea9f" testListId="8c84fa94-04c1-424b-9868-57a2d4851a1d" />
    <TestEntry testId="519f5fb5-093d-976f-a7f1-d7c02c05ed1a" executionId="d6368959-e9d8-4e37-b47d-aac9c8d7b195" testListId="8c84fa94-04c1-424b-9868-57a2d4851a1d" />
  </TestEntries>
  <TestLists>
    <TestList name="不在清單中的結果" id="8c84fa94-04c1-424b-9868-57a2d4851a1d" />
    <TestList name="所有載入的結果" id="19431567-8539-422a-85d7-44ee4e166bda" />
  </TestLists>
  <ResultSummary outcome="Completed">
    <Counters total="2" executed="2" passed="2" failed="0" error="0" timeout="0" aborted="0" inconclusive="0" passedButRunAborted="0" notRunnable="0" notExecuted="0" disconnected="0" warning="0" completed="0" inProgress="0" pending="0" />
    <Output>
      <StdOut>[xUnit.net 00:00:00.00] xUnit.net VSTest Adapter v2.5.3.1+6b60a9e56a (64-bit .NET 8.0.25)&#xD;
[xUnit.net 00:00:00.05]   Discovering: LAL.Tests&#xD;
[xUnit.net 00:00:00.09]   Discovered:  LAL.Tests&#xD;
[xUnit.net 00:00:00.09]   Starting:    LAL.Tests&#xD;
[xUnit.net 00:00:00.13]   Finished:    LAL.Tests&#xD;
</StdOut>
    </Output>
  </ResultSummary>
</TestRun>