<?xml version="1.0" encoding="utf-8"?>
<TestRun id="23355305-d54c-4c95-b7cb-fa9993702597" name="user@704DESKTOP 2026-04-14 13:12:42" runUser="704DESKTOP\user" xmlns="http://microsoft.com/schemas/VisualStudio/TeamTest/2010">
  <Times creation="2026-04-14T13:12:42.9326836+08:00" queuing="2026-04-14T13:12:42.9326841+08:00" start="2026-04-14T13:12:42.3721373+08:00" finish="2026-04-14T13:12:42.9382550+08:00" />
  <TestSettings name="default" id="4ccad2e0-d3df-4afe-9637-aa4c1bbcfaac">
    <Deployment runDeploymentRoot="user_704DESKTOP_2026-04-14_13_12_42" />
  </TestSettings>
  <Results>
    <UnitTestResult executionId="a1c708e9-54cb-4b5d-b990-0360f06b4c75" testId="f95032d4-a5f2-38a8-8f2b-b81a660325dd" testName="LAL.Tests.OdeCore.BdfTests.StepBackwardEuler_Float_ApproximatesImplicitStep" computerName="704DESKTOP" duration="00:00:00.0035503" startTime="2026-04-14T13:12:42.8157885+08:00" endTime="2026-04-14T13:12:42.8157890+08:00" testType="13cdc9d9-ddb5-4fa4-a97d-d965ccfc6d4b" outcome="Passed" testListId="8c84fa94-04c1-424b-9868-57a2d4851a1d" relativeResultsDirectory="a1c708e9-54cb-4b5d-b990-0360f06b4c75" />
    <UnitTestResult executionId="e34475e8-4414-41db-be4e-f93bc416f73f" testId="e73c7e72-ad3f-15f2-0191-2116a223a77d" testName="LAL.Tests.OdeCore.BdfTests.StepBackwardEuler_RemainsStableForStiffDecayWithSmallStep" computerName="704DESKTOP" duration="00:00:00.0054440" startTime="2026-04-14T13:12:42.8107898+08:00" endTime="2026-04-14T13:12:42.8108050+08:00" testType="13cdc9d9-ddb5-4fa4-a97d-d965ccfc6d4b" outcome="Passed" testListId="8c84fa94-04c1-424b-9868-57a2d4851a1d" relativeResultsDirectory="e34475e8-4414-41db-be4e-f93bc416f73f" />
    <UnitTestResult executionId="5bda7cd7-c48a-43ae-8c37-ea42297533cd" testId="29b57941-d1eb-86a7-8a9d-415e3623e0fb" testName="LAL.Tests.OdeCore.BdfTests.StepBackwardEuler_ApproximatesImplicitStep" computerName="704DESKTOP" duration="00:00:00.0003694" startTime="2026-04-14T13:12:42.8162742+08:00" endTime="2026-04-14T13:12:42.8162743+08:00" testType="13cdc9d9-ddb5-4fa4-a97d-d965ccfc6d4b" outcome="Passed" testListId="8c84fa94-04c1-424b-9868-57a2d4851a1d" relativeResultsDirectory="5bda7cd7-c48a-43ae-8c37-ea42297533cd" />
    <UnitTestResult executionId="8ea4e289-99d2-4dd3-ba53-3c9dfc17090b" testId="612c90f4-7f18-be16-a5f5-28ee49c7eda2" testName="LAL.Tests.OdeCore.BdfTests.StepBackwardEuler_Complex_ApproximatesImplicitStep" computerName="704DESKTOP" duration="00:00:00.0016860" startTime="2026-04-14T13:12:42.8130194+08:00" endTime="2026-04-14T13:12:42.8130194+08:00" testType="13cdc9d9-ddb5-4fa4-a97d-d965ccfc6d4b" outcome="Passed" testListId="8c84fa94-04c1-424b-9868-57a2d4851a1d" relativeResultsDirectory="8ea4e289-99d2-4dd3-ba53-3c9dfc17090b" />
  </Results>
  <TestDefinitions>
    <UnitTest name="LAL.Tests.OdeCore.BdfTests.StepBackwardEuler_ApproximatesImplicitStep" storage="d:\project\lal\lal.tests\bin\release\net8.0\lal.tests.dll" id="29b57941-d1eb-86a7-8a9d-415e3623e0fb">
      <Execution id="5bda7cd7-c48a-43ae-8c37-ea42297533cd" />
      <TestMethod codeBase="D:\Project\LAL\LAL.Tests\bin\Release\net8.0\LAL.Tests.dll" adapterTypeName="executor://xunit/VsTestRunner2/netcoreapp" className="LAL.Tests.OdeCore.BdfTests" name="StepBackwardEuler_ApproximatesImplicitStep" />
    </UnitTest>
    <UnitTest name="LAL.Tests.OdeCore.BdfTests.StepBackwardEuler_Float_ApproximatesImplicitStep" storage="d:\project\lal\lal.tests\bin\release\net8.0\lal.tests.dll" id="f95032d4-a5f2-38a8-8f2b-b81a660325dd">
      <Execution id="a1c708e9-54cb-4b5d-b990-0360f06b4c75" />
      <TestMethod codeBase="D:\Project\LAL\LAL.Tests\bin\Release\net8.0\LAL.Tests.dll" adapterTypeName="executor://xunit/VsTestRunner2/netcoreapp" className="LAL.Tests.OdeCore.BdfTests" name="StepBackwardEuler_Float_ApproximatesImplicitStep" />
    </UnitTest>
    <UnitTest name="LAL.Tests.OdeCore.BdfTests.StepBackwardEuler_RemainsStableForStiffDecayWithSmallStep" storage="d:\project\lal\lal.tests\bin\release\net8.0\lal.tests.dll" id="e73c7e72-ad3f-15f2-0191-2116a223a77d">
      <Execution id="e34475e8-4414-41db-be4e-f93bc416f73f" />
      <TestMethod codeBase="D:\Project\LAL\LAL.Tests\bin\Release\net8.0\LAL.Tests.dll" adapterTypeName="executor://xunit/VsTestRunner2/netcoreapp" className="LAL.Tests.OdeCore.BdfTests" name="StepBackwardEuler_RemainsStableForStiffDecayWithSmallStep" />
    </UnitTest>
    <UnitTest name="LAL.Tests.OdeCore.BdfTests.StepBackwardEuler_Complex_ApproximatesImplicitStep" storage="d:\project\lal\lal.tests\bin\release\net8.0\lal.tests.dll" id="612c90f4-7f18-be16-a5f5-28ee49c7eda2">
      <Execution id="8ea4e289-99d2-4dd3-ba53-3c9dfc17090b" />
      <TestMethod codeBase="D:\Project\LAL\LAL.Tests\bin\Release\net8.0\LAL.Tests.dll" adapterTypeName="executor://xunit/VsTestRunner2/netcoreapp" className="LAL.Tests.OdeCore.BdfTests" name="StepBackwardEuler_Complex_ApproximatesImplicitStep" />
    </UnitTest>
  </TestDefinitions>
  <TestEntries>
    <TestEntry testId="f95032d4-a5f2-38a8-8f2b-b81a660325dd" executionId="a1c708e9-54cb-4b5d-b990-0360f06b4c75" testListId="8c84fa94-04c1-424b-9868-57a2d4851a1d" />
    <TestEntry testId="e73c7e72-ad3f-15f2-0191-2116a223a77d" executionId="e34475e8-4414-41db-be4e-f93bc416f73f" testListId="8c84fa94-04c1-424b-9868-57a2d4851a1d" />
    <TestEntry testId="29b57941-d1eb-86a7-8a9d-415e3623e0fb" executionId="5bda7cd7-c48a-43ae-8c37-ea42297533cd" testListId="8c84fa94-04c1-424b-9868-57a2d4851a1d" />
    <TestEntry testId="612c90f4-7f18-be16-a5f5-28ee49c7eda2" executionId="8ea4e289-99d2-4dd3-ba53-3c9dfc17090b" testListId="8c84fa94-04c1-424b-9868-57a2d4851a1d" />
  </TestEntries>
  <TestLists>
    <TestList name="不在清單中的結果" id="8c84fa94-04c1-424b-9868-57a2d4851a1d" />
    <TestList name="所有載入的結果" id="19431567-8539-422a-85d7-44ee4e166bda" />
  </TestLists>
  <ResultSummary outcome="Completed">
    <Counters total="4" executed="4" passed="4" failed="0" error="0" timeout="0" aborted="0" inconclusive="0" passedButRunAborted="0" notRunnable="0" notExecuted="0" disconnected="0" warning="0" completed="0" inProgress="0" pending="0" />
    <Output>
      <StdOut>[xUnit.net 00:00:00.00] xUnit.net VSTest Adapter v2.5.3.1+6b60a9e56a (64-bit .NET 8.0.25)&#xD;
[xUnit.net 00:00:00.05]   Discovering: LAL.Tests&#xD;
[xUnit.net 00:00:00.09]   Discovered:  LAL.Tests&#xD;
[xUnit.net 00:00:00.10]   Starting:    LAL.Tests&#xD;
[xUnit.net 00:00:00.15]   Finished:    LAL.Tests&#xD;
</StdOut>
    </Output>
  </ResultSummary>
</TestRun>