<?xml version="1.0" encoding="utf-8"?>
<TestRun id="de2a8936-7dd1-4a20-a553-56d0ce53f36b" name="user@704DESKTOP 2026-04-14 13:12:21" runUser="704DESKTOP\user" xmlns="http://microsoft.com/schemas/VisualStudio/TeamTest/2010">
  <Times creation="2026-04-14T13:12:21.6626691+08:00" queuing="2026-04-14T13:12:21.6626693+08:00" start="2026-04-14T13:12:21.1176968+08:00" finish="2026-04-14T13:12:21.6668057+08:00" />
  <TestSettings name="default" id="6a371621-31de-41bd-81ab-7248064d14e3">
    <Deployment runDeploymentRoot="user_704DESKTOP_2026-04-14_13_12_21" />
  </TestSettings>
  <Results>
    <UnitTestResult executionId="6c0232f3-bd6a-40a6-8feb-ab623e76f9af" testId="44306889-2a0e-ae6b-e434-91275c3e2a79" testName="LAL.Tests.LinalgCore.SvdTests.SingularValues_ReturnsDiagonalSpectrum" computerName="704DESKTOP" duration="00:00:00.0002014" startTime="2026-04-14T13:12:21.5671829+08:00" endTime="2026-04-14T13:12:21.5671829+08:00" testType="13cdc9d9-ddb5-4fa4-a97d-d965ccfc6d4b" outcome="Passed" testListId="8c84fa94-04c1-424b-9868-57a2d4851a1d" relativeResultsDirectory="6c0232f3-bd6a-40a6-8feb-ab623e76f9af" />
    <UnitTestResult executionId="f75b1f2b-d563-49de-88f8-c3b8e94a7423" testId="f4b158e4-9561-a823-c0f2-dbfa2294e99c" testName="LAL.Tests.LinalgCore.SvdTests.SingularValues_Complex_DiagonalSpectrumMatchesMagnitudes" computerName="704DESKTOP" duration="00:00:00.0057672" startTime="2026-04-14T13:12:21.5652173+08:00" endTime="2026-04-14T13:12:21.5652319+08:00" testType="13cdc9d9-ddb5-4fa4-a97d-d965ccfc6d4b" outcome="Passed" testListId="8c84fa94-04c1-424b-9868-57a2d4851a1d" relativeResultsDirectory="f75b1f2b-d563-49de-88f8-c3b8e94a7423" />
  </Results>
  <TestDefinitions>
    <UnitTest name="LAL.Tests.LinalgCore.SvdTests.SingularValues_ReturnsDiagonalSpectrum" storage="d:\project\lal\lal.tests\bin\release\net8.0\lal.tests.dll" id="44306889-2a0e-ae6b-e434-91275c3e2a79">
      <Execution id="6c0232f3-bd6a-40a6-8feb-ab623e76f9af" />
      <TestMethod codeBase="D:\Project\LAL\LAL.Tests\bin\Release\net8.0\LAL.Tests.dll" adapterTypeName="executor://xunit/VsTestRunner2/netcoreapp" className="LAL.Tests.LinalgCore.SvdTests" name="SingularValues_ReturnsDiagonalSpectrum" />
    </UnitTest>
    <UnitTest name="LAL.Tests.LinalgCore.SvdTests.SingularValues_Complex_DiagonalSpectrumMatchesMagnitudes" storage="d:\project\lal\lal.tests\bin\release\net8.0\lal.tests.dll" id="f4b158e4-9561-a823-c0f2-dbfa2294e99c">
      <Execution id="f75b1f2b-d563-49de-88f8-c3b8e94a7423" />
      <TestMethod codeBase="D:\Project\LAL\LAL.Tests\bin\Release\net8.0\LAL.Tests.dll" adapterTypeName="executor://xunit/VsTestRunner2/netcoreapp" className="LAL.Tests.LinalgCore.SvdTests" name="SingularValues_Complex_DiagonalSpectrumMatchesMagnitudes" />
    </UnitTest>
  </TestDefinitions>
  <TestEntries>
    <TestEntry testId="44306889-2a0e-ae6b-e434-91275c3e2a79" executionId="6c0232f3-bd6a-40a6-8feb-ab623e76f9af" testListId="8c84fa94-04c1-424b-9868-57a2d4851a1d" />
    <TestEntry testId="f4b158e4-9561-a823-c0f2-dbfa2294e99c" executionId="f75b1f2b-d563-49de-88f8-c3b8e94a7423" testListId="8c84fa94-04c1-424b-9868-57a2d4851a1d" />
  </TestEntries>
  <TestLists>
    <TestList name="不在清單中的結果" id="8c84fa94-04c1-424b-9868-57a2d4851a1d" />
    <TestList name="所有載入的結果" id="19431567-8539-422a-85d7-44ee4e166bda" />
  </TestLists>
  <ResultSummary outcome="Completed">
    <Counters total="2" executed="2" passed="2" failed="0" error="0" timeout="0" aborted="0" inconclusive="0" passedButRunAborted="0" notRunnable="0" notExecuted="0" disconnected="0" warning="0" completed="0" inProgress="0" pending="0" />
    <Output>
      <StdOut>[xUnit.net 00:00:00.00] xUnit.net VSTest Adapter v2.5.3.1+6b60a9e56a (64-bit .NET 8.0.25)&#xD;
[xUnit.net 00:00:00.06]   Discovering: LAL.Tests&#xD;
[xUnit.net 00:00:00.09]   Discovered:  LAL.Tests&#xD;
[xUnit.net 00:00:00.09]   Starting:    LAL.Tests&#xD;
[xUnit.net 00:00:00.14]   Finished:    LAL.Tests&#xD;
</StdOut>
    </Output>
  </ResultSummary>
</TestRun>