<?xml version="1.0" encoding="utf-8"?>
<TestRun id="5622cac0-0bee-48e2-bec2-be1632cf8669" name="user@704DESKTOP 2026-04-14 13:13:08" runUser="704DESKTOP\user" xmlns="http://microsoft.com/schemas/VisualStudio/TeamTest/2010">
  <Times creation="2026-04-14T13:13:08.1259578+08:00" queuing="2026-04-14T13:13:08.1259581+08:00" start="2026-04-14T13:13:07.6081133+08:00" finish="2026-04-14T13:13:08.1298873+08:00" />
  <TestSettings name="default" id="a76eb4c8-c936-4f38-9708-7099ee838352">
    <Deployment runDeploymentRoot="user_704DESKTOP_2026-04-14_13_13_08" />
  </TestSettings>
  <Results>
    <UnitTestResult executionId="3329d290-0662-4f26-bb9e-7a9c0e0df161" testId="35091540-bb91-244e-8ed8-170e0b4ae961" testName="LAL.Tests.TensorCore.StridedViewTests.PermuteShape_ReordersAxes" computerName="704DESKTOP" duration="00:00:00.0002124" startTime="2026-04-14T13:13:08.0357381+08:00" endTime="2026-04-14T13:13:08.0357381+08:00" testType="13cdc9d9-ddb5-4fa4-a97d-d965ccfc6d4b" outcome="Passed" testListId="8c84fa94-04c1-424b-9868-57a2d4851a1d" relativeResultsDirectory="3329d290-0662-4f26-bb9e-7a9c0e0df161" />
    <UnitTestResult executionId="c08aaa5a-94ce-4857-a52a-e448a069dd45" testId="6753295d-cdfc-1831-1551-d6801783e49b" testName="LAL.Tests.TensorCore.StridedViewTests.ExpandAndSqueeze_RoundTripShape" computerName="704DESKTOP" duration="00:00:00.0004321" startTime="2026-04-14T13:13:08.0355333+08:00" endTime="2026-04-14T13:13:08.0355333+08:00" testType="13cdc9d9-ddb5-4fa4-a97d-d965ccfc6d4b" outcome="Passed" testListId="8c84fa94-04c1-424b-9868-57a2d4851a1d" relativeResultsDirectory="c08aaa5a-94ce-4857-a52a-e448a069dd45" />
    <UnitTestResult executionId="d3f55c89-5d2b-461a-b6f0-d435cf272dc5" testId="a2ad3e2c-33f2-2614-7679-c2dde3252d03" testName="LAL.Tests.TensorCore.StridedViewTests.Slice1D_WithStep_Works" computerName="704DESKTOP" duration="00:00:00.0077746" startTime="2026-04-14T13:13:08.0336599+08:00" endTime="2026-04-14T13:13:08.0336748+08:00" testType="13cdc9d9-ddb5-4fa4-a97d-d965ccfc6d4b" outcome="Passed" testListId="8c84fa94-04c1-424b-9868-57a2d4851a1d" relativeResultsDirectory="d3f55c89-5d2b-461a-b6f0-d435cf272dc5" />
    <UnitTestResult executionId="5488c2d3-9938-46e2-aa37-2b5250c5093a" testId="9a0752ee-bf17-645a-2735-577b07c124e8" testName="LAL.Tests.TensorCore.StridedViewTests.Slice1D_WithNegativeStep_Works" computerName="704DESKTOP" duration="00:00:00.0001139" startTime="2026-04-14T13:13:08.0357554+08:00" endTime="2026-04-14T13:13:08.0357554+08:00" testType="13cdc9d9-ddb5-4fa4-a97d-d965ccfc6d4b" outcome="Passed" testListId="8c84fa94-04c1-424b-9868-57a2d4851a1d" relativeResultsDirectory="5488c2d3-9938-46e2-aa37-2b5250c5093a" />
  </Results>
  <TestDefinitions>
    <UnitTest name="LAL.Tests.TensorCore.StridedViewTests.PermuteShape_ReordersAxes" storage="d:\project\lal\lal.tests\bin\release\net8.0\lal.tests.dll" id="35091540-bb91-244e-8ed8-170e0b4ae961">
      <Execution id="3329d290-0662-4f26-bb9e-7a9c0e0df161" />
      <TestMethod codeBase="D:\Project\LAL\LAL.Tests\bin\Release\net8.0\LAL.Tests.dll" adapterTypeName="executor://xunit/VsTestRunner2/netcoreapp" className="LAL.Tests.TensorCore.StridedViewTests" name="PermuteShape_ReordersAxes" />
    </UnitTest>
    <UnitTest name="LAL.Tests.TensorCore.StridedViewTests.Slice1D_WithNegativeStep_Works" storage="d:\project\lal\lal.tests\bin\release\net8.0\lal.tests.dll" id="9a0752ee-bf17-645a-2735-577b07c124e8">
      <Execution id="5488c2d3-9938-46e2-aa37-2b5250c5093a" />
      <TestMethod codeBase="D:\Project\LAL\LAL.Tests\bin\Release\net8.0\LAL.Tests.dll" adapterTypeName="executor://xunit/VsTestRunner2/netcoreapp" className="LAL.Tests.TensorCore.StridedViewTests" name="Slice1D_WithNegativeStep_Works" />
    </UnitTest>
    <UnitTest name="LAL.Tests.TensorCore.StridedViewTests.ExpandAndSqueeze_RoundTripShape" storage="d:\project\lal\lal.tests\bin\release\net8.0\lal.tests.dll" id="6753295d-cdfc-1831-1551-d6801783e49b">
      <Execution id="c08aaa5a-94ce-4857-a52a-e448a069dd45" />
      <TestMethod codeBase="D:\Project\LAL\LAL.Tests\bin\Release\net8.0\LAL.Tests.dll" adapterTypeName="executor://xunit/VsTestRunner2/netcoreapp" className="LAL.Tests.TensorCore.StridedViewTests" name="ExpandAndSqueeze_RoundTripShape" />
    </UnitTest>
    <UnitTest name="LAL.Tests.TensorCore.StridedViewTests.Slice1D_WithStep_Works" storage="d:\project\lal\lal.tests\bin\release\net8.0\lal.tests.dll" id="a2ad3e2c-33f2-2614-7679-c2dde3252d03">
      <Execution id="d3f55c89-5d2b-461a-b6f0-d435cf272dc5" />
      <TestMethod codeBase="D:\Project\LAL\LAL.Tests\bin\Release\net8.0\LAL.Tests.dll" adapterTypeName="executor://xunit/VsTestRunner2/netcoreapp" className="LAL.Tests.TensorCore.StridedViewTests" name="Slice1D_WithStep_Works" />
    </UnitTest>
  </TestDefinitions>
  <TestEntries>
    <TestEntry testId="35091540-bb91-244e-8ed8-170e0b4ae961" executionId="3329d290-0662-4f26-bb9e-7a9c0e0df161" testListId="8c84fa94-04c1-424b-9868-57a2d4851a1d" />
    <TestEntry testId="6753295d-cdfc-1831-1551-d6801783e49b" executionId="c08aaa5a-94ce-4857-a52a-e448a069dd45" testListId="8c84fa94-04c1-424b-9868-57a2d4851a1d" />
    <TestEntry testId="a2ad3e2c-33f2-2614-7679-c2dde3252d03" executionId="d3f55c89-5d2b-461a-b6f0-d435cf272dc5" testListId="8c84fa94-04c1-424b-9868-57a2d4851a1d" />
    <TestEntry testId="9a0752ee-bf17-645a-2735-577b07c124e8" executionId="5488c2d3-9938-46e2-aa37-2b5250c5093a" testListId="8c84fa94-04c1-424b-9868-57a2d4851a1d" />
  </TestEntries>
  <TestLists>
    <TestList name="不在清單中的結果" id="8c84fa94-04c1-424b-9868-57a2d4851a1d" />
    <TestList name="所有載入的結果" id="19431567-8539-422a-85d7-44ee4e166bda" />
  </TestLists>
  <ResultSummary outcome="Completed">
    <Counters total="4" executed="4" passed="4" failed="0" error="0" timeout="0" aborted="0" inconclusive="0" passedButRunAborted="0" notRunnable="0" notExecuted="0" disconnected="0" warning="0" completed="0" inProgress="0" pending="0" />
    <Output>
      <StdOut>[xUnit.net 00:00:00.00] xUnit.net VSTest Adapter v2.5.3.1+6b60a9e56a (64-bit .NET 8.0.25)&#xD;
[xUnit.net 00:00:00.05]   Discovering: LAL.Tests&#xD;
[xUnit.net 00:00:00.08]   Discovered:  LAL.Tests&#xD;
[xUnit.net 00:00:00.09]   Starting:    LAL.Tests&#xD;
[xUnit.net 00:00:00.13]   Finished:    LAL.Tests&#xD;
</StdOut>
    </Output>
  </ResultSummary>
</TestRun>