<?xml version="1.0" encoding="utf-8"?>
<TestRun id="4fd9d89d-086e-4956-9f47-d7acee91a985" name="user@704DESKTOP 2026-04-14 13:12:46" runUser="704DESKTOP\user" xmlns="http://microsoft.com/schemas/VisualStudio/TeamTest/2010">
  <Times creation="2026-04-14T13:12:46.6708574+08:00" queuing="2026-04-14T13:12:46.6708575+08:00" start="2026-04-14T13:12:46.1534865+08:00" finish="2026-04-14T13:12:46.6749177+08:00" />
  <TestSettings name="default" id="a7bcde8f-31a5-43fb-a9d3-12b07392247e">
    <Deployment runDeploymentRoot="user_704DESKTOP_2026-04-14_13_12_46" />
  </TestSettings>
  <Results>
    <UnitTestResult executionId="f6bddb00-3140-465d-9d04-c00a2f31e3a9" testId="4a43d69c-e49e-b214-9969-0ba2e8bed93b" testName="LAL.Tests.OdeCore.JacobianEstimatorTests.EstimateForwardDifference_Complex_ApproximatesLinearSystemJacobian" computerName="704DESKTOP" duration="00:00:00.0033049" startTime="2026-04-14T13:12:46.5881271+08:00" endTime="2026-04-14T13:12:46.5881272+08:00" testType="13cdc9d9-ddb5-4fa4-a97d-d965ccfc6d4b" outcome="Passed" testListId="8c84fa94-04c1-424b-9868-57a2d4851a1d" relativeResultsDirectory="f6bddb00-3140-465d-9d04-c00a2f31e3a9" />
    <UnitTestResult executionId="6053709c-5340-415a-91e4-af49099fceaa" testId="efe7c3fc-46b4-5431-022b-929b5d88114f" testName="LAL.Tests.OdeCore.JacobianEstimatorTests.EstimateForwardDifference_Float_ApproximatesLinearSystemJacobian" computerName="704DESKTOP" duration="00:00:00.0041747" startTime="2026-04-14T13:12:46.5847780+08:00" endTime="2026-04-14T13:12:46.5847782+08:00" testType="13cdc9d9-ddb5-4fa4-a97d-d965ccfc6d4b" outcome="Passed" testListId="8c84fa94-04c1-424b-9868-57a2d4851a1d" relativeResultsDirectory="6053709c-5340-415a-91e4-af49099fceaa" />
    <UnitTestResult executionId="44dc56cf-0829-4b6f-9814-02f25dc26bda" testId="4493c10a-8fbd-c05e-1e94-5f762785b729" testName="LAL.Tests.OdeCore.JacobianEstimatorTests.EstimateForwardDifference_ApproximatesLinearSystemJacobian" computerName="704DESKTOP" duration="00:00:00.0075240" startTime="2026-04-14T13:12:46.5718293+08:00" endTime="2026-04-14T13:12:46.5718441+08:00" testType="13cdc9d9-ddb5-4fa4-a97d-d965ccfc6d4b" outcome="Passed" testListId="8c84fa94-04c1-424b-9868-57a2d4851a1d" relativeResultsDirectory="44dc56cf-0829-4b6f-9814-02f25dc26bda" />
    <UnitTestResult executionId="4007b88e-eeb4-43bd-9bf7-61e8e618cb8b" testId="2ff9d9ba-54e5-d94f-9ad9-e42bfc2798c2" testName="LAL.Tests.OdeCore.JacobianEstimatorTests.EstimateForwardDifference_ParallelMode_MatchesSequential" computerName="704DESKTOP" duration="00:00:00.0090631" startTime="2026-04-14T13:12:46.5805618+08:00" endTime="2026-04-14T13:12:46.5805620+08:00" testType="13cdc9d9-ddb5-4fa4-a97d-d965ccfc6d4b" outcome="Passed" testListId="8c84fa94-04c1-424b-9868-57a2d4851a1d" relativeResultsDirectory="4007b88e-eeb4-43bd-9bf7-61e8e618cb8b" />
  </Results>
  <TestDefinitions>
    <UnitTest name="LAL.Tests.OdeCore.JacobianEstimatorTests.EstimateForwardDifference_Complex_ApproximatesLinearSystemJacobian" storage="d:\project\lal\lal.tests\bin\release\net8.0\lal.tests.dll" id="4a43d69c-e49e-b214-9969-0ba2e8bed93b">
      <Execution id="f6bddb00-3140-465d-9d04-c00a2f31e3a9" />
      <TestMethod codeBase="D:\Project\LAL\LAL.Tests\bin\Release\net8.0\LAL.Tests.dll" adapterTypeName="executor://xunit/VsTestRunner2/netcoreapp" className="LAL.Tests.OdeCore.JacobianEstimatorTests" name="EstimateForwardDifference_Complex_ApproximatesLinearSystemJacobian" />
    </UnitTest>
    <UnitTest name="LAL.Tests.OdeCore.JacobianEstimatorTests.EstimateForwardDifference_Float_ApproximatesLinearSystemJacobian" storage="d:\project\lal\lal.tests\bin\release\net8.0\lal.tests.dll" id="efe7c3fc-46b4-5431-022b-929b5d88114f">
      <Execution id="6053709c-5340-415a-91e4-af49099fceaa" />
      <TestMethod codeBase="D:\Project\LAL\LAL.Tests\bin\Release\net8.0\LAL.Tests.dll" adapterTypeName="executor://xunit/VsTestRunner2/netcoreapp" className="LAL.Tests.OdeCore.JacobianEstimatorTests" name="EstimateForwardDifference_Float_ApproximatesLinearSystemJacobian" />
    </UnitTest>
    <UnitTest name="LAL.Tests.OdeCore.JacobianEstimatorTests.EstimateForwardDifference_ApproximatesLinearSystemJacobian" storage="d:\project\lal\lal.tests\bin\release\net8.0\lal.tests.dll" id="4493c10a-8fbd-c05e-1e94-5f762785b729">
      <Execution id="44dc56cf-0829-4b6f-9814-02f25dc26bda" />
      <TestMethod codeBase="D:\Project\LAL\LAL.Tests\bin\Release\net8.0\LAL.Tests.dll" adapterTypeName="executor://xunit/VsTestRunner2/netcoreapp" className="LAL.Tests.OdeCore.JacobianEstimatorTests" name="EstimateForwardDifference_ApproximatesLinearSystemJacobian" />
    </UnitTest>
    <UnitTest name="LAL.Tests.OdeCore.JacobianEstimatorTests.EstimateForwardDifference_ParallelMode_MatchesSequential" storage="d:\project\lal\lal.tests\bin\release\net8.0\lal.tests.dll" id="2ff9d9ba-54e5-d94f-9ad9-e42bfc2798c2">
      <Execution id="4007b88e-eeb4-43bd-9bf7-61e8e618cb8b" />
      <TestMethod codeBase="D:\Project\LAL\LAL.Tests\bin\Release\net8.0\LAL.Tests.dll" adapterTypeName="executor://xunit/VsTestRunner2/netcoreapp" className="LAL.Tests.OdeCore.JacobianEstimatorTests" name="EstimateForwardDifference_ParallelMode_MatchesSequential" />
    </UnitTest>
  </TestDefinitions>
  <TestEntries>
    <TestEntry testId="4a43d69c-e49e-b214-9969-0ba2e8bed93b" executionId="f6bddb00-3140-465d-9d04-c00a2f31e3a9" testListId="8c84fa94-04c1-424b-9868-57a2d4851a1d" />
    <TestEntry testId="efe7c3fc-46b4-5431-022b-929b5d88114f" executionId="6053709c-5340-415a-91e4-af49099fceaa" testListId="8c84fa94-04c1-424b-9868-57a2d4851a1d" />
    <TestEntry testId="4493c10a-8fbd-c05e-1e94-5f762785b729" executionId="44dc56cf-0829-4b6f-9814-02f25dc26bda" testListId="8c84fa94-04c1-424b-9868-57a2d4851a1d" />
    <TestEntry testId="2ff9d9ba-54e5-d94f-9ad9-e42bfc2798c2" executionId="4007b88e-eeb4-43bd-9bf7-61e8e618cb8b" testListId="8c84fa94-04c1-424b-9868-57a2d4851a1d" />
  </TestEntries>
  <TestLists>
    <TestList name="不在清單中的結果" id="8c84fa94-04c1-424b-9868-57a2d4851a1d" />
    <TestList name="所有載入的結果" id="19431567-8539-422a-85d7-44ee4e166bda" />
  </TestLists>
  <ResultSummary outcome="Completed">
    <Counters total="4" executed="4" passed="4" failed="0" error="0" timeout="0" aborted="0" inconclusive="0" passedButRunAborted="0" notRunnable="0" notExecuted="0" disconnected="0" warning="0" completed="0" inProgress="0" pending="0" />
    <Output>
      <StdOut>[xUnit.net 00:00:00.00] xUnit.net VSTest Adapter v2.5.3.1+6b60a9e56a (64-bit .NET 8.0.25)&#xD;
[xUnit.net 00:00:00.05]   Discovering: LAL.Tests&#xD;
[xUnit.net 00:00:00.08]   Discovered:  LAL.Tests&#xD;
[xUnit.net 00:00:00.08]   Starting:    LAL.Tests&#xD;
[xUnit.net 00:00:00.14]   Finished:    LAL.Tests&#xD;
</StdOut>
    </Output>
  </ResultSummary>
</TestRun>