<?xml version="1.0" encoding="utf-8"?>
<TestRun id="d64c4379-5339-421b-b3eb-e83faea6c273" name="user@704DESKTOP 2026-04-14 13:12:29" runUser="704DESKTOP\user" xmlns="http://microsoft.com/schemas/VisualStudio/TeamTest/2010">
  <Times creation="2026-04-14T13:12:29.1670665+08:00" queuing="2026-04-14T13:12:29.1670667+08:00" start="2026-04-14T13:12:28.6412554+08:00" finish="2026-04-14T13:12:29.1720205+08:00" />
  <TestSettings name="default" id="c0c98c5c-4370-4809-821c-28a53407df83">
    <Deployment runDeploymentRoot="user_704DESKTOP_2026-04-14_13_12_29" />
  </TestSettings>
  <Results>
    <UnitTestResult executionId="32987521-7fa2-48a3-a1a1-ff168df1714c" testId="4a909dd2-5c9e-b558-3ca2-4e4e1d0c8597" testName="LAL.Tests.NumericalCore.Interpolation.RbfTests.ComputeWeights_Float_InterpolatesCenters" computerName="704DESKTOP" duration="00:00:00.0002490" startTime="2026-04-14T13:12:29.0779455+08:00" endTime="2026-04-14T13:12:29.0779456+08:00" testType="13cdc9d9-ddb5-4fa4-a97d-d965ccfc6d4b" outcome="Passed" testListId="8c84fa94-04c1-424b-9868-57a2d4851a1d" relativeResultsDirectory="32987521-7fa2-48a3-a1a1-ff168df1714c" />
    <UnitTestResult executionId="982433eb-e8e0-4bb2-a836-ac1f456ed502" testId="901062c8-6eb3-ab62-0ae8-e1be82f11dea" testName="LAL.Tests.NumericalCore.Interpolation.RbfTests.ComputeWeights_Double_ParallelMatchesSequential" computerName="704DESKTOP" duration="00:00:00.0020869" startTime="2026-04-14T13:12:29.0800703+08:00" endTime="2026-04-14T13:12:29.0800705+08:00" testType="13cdc9d9-ddb5-4fa4-a97d-d965ccfc6d4b" outcome="Passed" testListId="8c84fa94-04c1-424b-9868-57a2d4851a1d" relativeResultsDirectory="982433eb-e8e0-4bb2-a836-ac1f456ed502" />
    <UnitTestResult executionId="3e8fca4e-87f1-4097-a4e5-6a91844eaa3b" testId="959b0ad1-72d2-6d05-86dd-304d7101eb4c" testName="LAL.Tests.NumericalCore.Interpolation.RbfTests.ComputeWeights_Float_ParallelMatchesSequential" computerName="704DESKTOP" duration="00:00:00.0059563" startTime="2026-04-14T13:12:29.0772491+08:00" endTime="2026-04-14T13:12:29.0772495+08:00" testType="13cdc9d9-ddb5-4fa4-a97d-d965ccfc6d4b" outcome="Passed" testListId="8c84fa94-04c1-424b-9868-57a2d4851a1d" relativeResultsDirectory="3e8fca4e-87f1-4097-a4e5-6a91844eaa3b" />
    <UnitTestResult executionId="0cb8a682-14cd-4054-9b89-26c219e2a53a" testId="f9b149bc-325f-b796-a669-ff0dae56cadf" testName="LAL.Tests.NumericalCore.Interpolation.RbfTests.ComputeWeights_Complex_ParallelMatchesSequential" computerName="704DESKTOP" duration="00:00:00.0052852" startTime="2026-04-14T13:12:29.0712283+08:00" endTime="2026-04-14T13:12:29.0712285+08:00" testType="13cdc9d9-ddb5-4fa4-a97d-d965ccfc6d4b" outcome="Passed" testListId="8c84fa94-04c1-424b-9868-57a2d4851a1d" relativeResultsDirectory="0cb8a682-14cd-4054-9b89-26c219e2a53a" />
    <UnitTestResult executionId="3e1e4418-d394-40bc-b085-18f488d4fda1" testId="724bd1de-53cd-2f3a-0368-3459a63b48e0" testName="LAL.Tests.NumericalCore.Interpolation.RbfTests.ComputeWeights_InterpolatesCenters" computerName="704DESKTOP" duration="00:00:00.0003426" startTime="2026-04-14T13:12:29.0776538+08:00" endTime="2026-04-14T13:12:29.0776539+08:00" testType="13cdc9d9-ddb5-4fa4-a97d-d965ccfc6d4b" outcome="Passed" testListId="8c84fa94-04c1-424b-9868-57a2d4851a1d" relativeResultsDirectory="3e1e4418-d394-40bc-b085-18f488d4fda1" />
    <UnitTestResult executionId="7aa7e200-fee5-4cb5-a184-92f5c9c7380b" testId="e2fa2aa5-7974-2e79-ffe1-aeab1d866f0c" testName="LAL.Tests.NumericalCore.Interpolation.RbfTests.ComputeWeights_Complex_InterpolatesCenters" computerName="704DESKTOP" duration="00:00:00.0072676" startTime="2026-04-14T13:12:29.0662821+08:00" endTime="2026-04-14T13:12:29.0662981+08:00" testType="13cdc9d9-ddb5-4fa4-a97d-d965ccfc6d4b" outcome="Passed" testListId="8c84fa94-04c1-424b-9868-57a2d4851a1d" relativeResultsDirectory="7aa7e200-fee5-4cb5-a184-92f5c9c7380b" />
  </Results>
  <TestDefinitions>
    <UnitTest name="LAL.Tests.NumericalCore.Interpolation.RbfTests.ComputeWeights_Complex_InterpolatesCenters" storage="d:\project\lal\lal.tests\bin\release\net8.0\lal.tests.dll" id="e2fa2aa5-7974-2e79-ffe1-aeab1d866f0c">
      <Execution id="7aa7e200-fee5-4cb5-a184-92f5c9c7380b" />
      <TestMethod codeBase="D:\Project\LAL\LAL.Tests\bin\Release\net8.0\LAL.Tests.dll" adapterTypeName="executor://xunit/VsTestRunner2/netcoreapp" className="LAL.Tests.NumericalCore.Interpolation.RbfTests" name="ComputeWeights_Complex_InterpolatesCenters" />
    </UnitTest>
    <UnitTest name="LAL.Tests.NumericalCore.Interpolation.RbfTests.ComputeWeights_Float_ParallelMatchesSequential" storage="d:\project\lal\lal.tests\bin\release\net8.0\lal.tests.dll" id="959b0ad1-72d2-6d05-86dd-304d7101eb4c">
      <Execution id="3e8fca4e-87f1-4097-a4e5-6a91844eaa3b" />
      <TestMethod codeBase="D:\Project\LAL\LAL.Tests\bin\Release\net8.0\LAL.Tests.dll" adapterTypeName="executor://xunit/VsTestRunner2/netcoreapp" className="LAL.Tests.NumericalCore.Interpolation.RbfTests" name="ComputeWeights_Float_ParallelMatchesSequential" />
    </UnitTest>
    <UnitTest name="LAL.Tests.NumericalCore.Interpolation.RbfTests.ComputeWeights_Complex_ParallelMatchesSequential" storage="d:\project\lal\lal.tests\bin\release\net8.0\lal.tests.dll" id="f9b149bc-325f-b796-a669-ff0dae56cadf">
      <Execution id="0cb8a682-14cd-4054-9b89-26c219e2a53a" />
      <TestMethod codeBase="D:\Project\LAL\LAL.Tests\bin\Release\net8.0\LAL.Tests.dll" adapterTypeName="executor://xunit/VsTestRunner2/netcoreapp" className="LAL.Tests.NumericalCore.Interpolation.RbfTests" name="ComputeWeights_Complex_ParallelMatchesSequential" />
    </UnitTest>
    <UnitTest name="LAL.Tests.NumericalCore.Interpolation.RbfTests.ComputeWeights_Double_ParallelMatchesSequential" storage="d:\project\lal\lal.tests\bin\release\net8.0\lal.tests.dll" id="901062c8-6eb3-ab62-0ae8-e1be82f11dea">
      <Execution id="982433eb-e8e0-4bb2-a836-ac1f456ed502" />
      <TestMethod codeBase="D:\Project\LAL\LAL.Tests\bin\Release\net8.0\LAL.Tests.dll" adapterTypeName="executor://xunit/VsTestRunner2/netcoreapp" className="LAL.Tests.NumericalCore.Interpolation.RbfTests" name="ComputeWeights_Double_ParallelMatchesSequential" />
    </UnitTest>
    <UnitTest name="LAL.Tests.NumericalCore.Interpolation.RbfTests.ComputeWeights_InterpolatesCenters" storage="d:\project\lal\lal.tests\bin\release\net8.0\lal.tests.dll" id="724bd1de-53cd-2f3a-0368-3459a63b48e0">
      <Execution id="3e1e4418-d394-40bc-b085-18f488d4fda1" />
      <TestMethod codeBase="D:\Project\LAL\LAL.Tests\bin\Release\net8.0\LAL.Tests.dll" adapterTypeName="executor://xunit/VsTestRunner2/netcoreapp" className="LAL.Tests.NumericalCore.Interpolation.RbfTests" name="ComputeWeights_InterpolatesCenters" />
    </UnitTest>
    <UnitTest name="LAL.Tests.NumericalCore.Interpolation.RbfTests.ComputeWeights_Float_InterpolatesCenters" storage="d:\project\lal\lal.tests\bin\release\net8.0\lal.tests.dll" id="4a909dd2-5c9e-b558-3ca2-4e4e1d0c8597">
      <Execution id="32987521-7fa2-48a3-a1a1-ff168df1714c" />
      <TestMethod codeBase="D:\Project\LAL\LAL.Tests\bin\Release\net8.0\LAL.Tests.dll" adapterTypeName="executor://xunit/VsTestRunner2/netcoreapp" className="LAL.Tests.NumericalCore.Interpolation.RbfTests" name="ComputeWeights_Float_InterpolatesCenters" />
    </UnitTest>
  </TestDefinitions>
  <TestEntries>
    <TestEntry testId="4a909dd2-5c9e-b558-3ca2-4e4e1d0c8597" executionId="32987521-7fa2-48a3-a1a1-ff168df1714c" testListId="8c84fa94-04c1-424b-9868-57a2d4851a1d" />
    <TestEntry testId="901062c8-6eb3-ab62-0ae8-e1be82f11dea" executionId="982433eb-e8e0-4bb2-a836-ac1f456ed502" testListId="8c84fa94-04c1-424b-9868-57a2d4851a1d" />
    <TestEntry testId="959b0ad1-72d2-6d05-86dd-304d7101eb4c" executionId="3e8fca4e-87f1-4097-a4e5-6a91844eaa3b" testListId="8c84fa94-04c1-424b-9868-57a2d4851a1d" />
    <TestEntry testId="f9b149bc-325f-b796-a669-ff0dae56cadf" executionId="0cb8a682-14cd-4054-9b89-26c219e2a53a" testListId="8c84fa94-04c1-424b-9868-57a2d4851a1d" />
    <TestEntry testId="724bd1de-53cd-2f3a-0368-3459a63b48e0" executionId="3e1e4418-d394-40bc-b085-18f488d4fda1" testListId="8c84fa94-04c1-424b-9868-57a2d4851a1d" />
    <TestEntry testId="e2fa2aa5-7974-2e79-ffe1-aeab1d866f0c" executionId="7aa7e200-fee5-4cb5-a184-92f5c9c7380b" testListId="8c84fa94-04c1-424b-9868-57a2d4851a1d" />
  </TestEntries>
  <TestLists>
    <TestList name="不在清單中的結果" id="8c84fa94-04c1-424b-9868-57a2d4851a1d" />
    <TestList name="所有載入的結果" id="19431567-8539-422a-85d7-44ee4e166bda" />
  </TestLists>
  <ResultSummary outcome="Completed">
    <Counters total="6" executed="6" passed="6" failed="0" error="0" timeout="0" aborted="0" inconclusive="0" passedButRunAborted="0" notRunnable="0" notExecuted="0" disconnected="0" warning="0" completed="0" inProgress="0" pending="0" />
    <Output>
      <StdOut>[xUnit.net 00:00:00.00] xUnit.net VSTest Adapter v2.5.3.1+6b60a9e56a (64-bit .NET 8.0.25)&#xD;
[xUnit.net 00:00:00.05]   Discovering: LAL.Tests&#xD;
[xUnit.net 00:00:00.08]   Discovered:  LAL.Tests&#xD;
[xUnit.net 00:00:00.08]   Starting:    LAL.Tests&#xD;
[xUnit.net 00:00:00.14]   Finished:    LAL.Tests&#xD;
</StdOut>
    </Output>
  </ResultSummary>
</TestRun>