<?xml version="1.0" encoding="utf-8"?>
<TestRun id="11e4e9bc-5dc5-4133-a310-0d42a62fbf84" name="user@704DESKTOP 2026-04-14 13:12:22" runUser="704DESKTOP\user" xmlns="http://microsoft.com/schemas/VisualStudio/TeamTest/2010">
  <Times creation="2026-04-14T13:12:22.9851724+08:00" queuing="2026-04-14T13:12:22.9851725+08:00" start="2026-04-14T13:12:22.4644601+08:00" finish="2026-04-14T13:12:22.9892922+08:00" />
  <TestSettings name="default" id="9e865da7-2194-4bdc-b5c9-6c34acb9c16a">
    <Deployment runDeploymentRoot="user_704DESKTOP_2026-04-14_13_12_22" />
  </TestSettings>
  <Results>
    <UnitTestResult executionId="4295635c-c25f-454c-8e36-498b9a2a7316" testId="6e4ed417-ae38-3460-980f-4ec323d5f442" testName="LAL.Tests.LinalgCore.TransposeTests.Matrix_TransposesRowMajorMatrix" computerName="704DESKTOP" duration="00:00:00.0004300" startTime="2026-04-14T13:12:22.8936152+08:00" endTime="2026-04-14T13:12:22.8936152+08:00" testType="13cdc9d9-ddb5-4fa4-a97d-d965ccfc6d4b" outcome="Passed" testListId="8c84fa94-04c1-424b-9868-57a2d4851a1d" relativeResultsDirectory="4295635c-c25f-454c-8e36-498b9a2a7316" />
    <UnitTestResult executionId="53d753aa-a3c1-44c5-815d-8d4da74ca6bd" testId="b8b037ce-1d89-9ebd-5aaa-c89e72584981" testName="LAL.Tests.LinalgCore.TransposeTests.Matrix_Complex_TransposesWithoutConjugation" computerName="704DESKTOP" duration="00:00:00.0006856" startTime="2026-04-14T13:12:22.8933074+08:00" endTime="2026-04-14T13:12:22.8933074+08:00" testType="13cdc9d9-ddb5-4fa4-a97d-d965ccfc6d4b" outcome="Passed" testListId="8c84fa94-04c1-424b-9868-57a2d4851a1d" relativeResultsDirectory="53d753aa-a3c1-44c5-815d-8d4da74ca6bd" />
    <UnitTestResult executionId="29d7305d-cd90-4297-8e47-ec79e2f8ec11" testId="8a2a0113-bbc8-636b-8eea-a02ee1ac2063" testName="LAL.Tests.LinalgCore.TransposeTests.ConjugateTranspose_ConjugatesAndTransposes" computerName="704DESKTOP" duration="00:00:00.0002571" startTime="2026-04-14T13:12:22.8935978+08:00" endTime="2026-04-14T13:12:22.8935979+08:00" testType="13cdc9d9-ddb5-4fa4-a97d-d965ccfc6d4b" outcome="Passed" testListId="8c84fa94-04c1-424b-9868-57a2d4851a1d" relativeResultsDirectory="29d7305d-cd90-4297-8e47-ec79e2f8ec11" />
    <UnitTestResult executionId="d5e8f50a-4506-4f18-906e-612aafb30d9a" testId="d5d18b7f-0d1b-f6bf-fa8f-1ff1b22ebaf7" testName="LAL.Tests.LinalgCore.TransposeTests.Matrix_Float_TransposesRowMajorMatrix" computerName="704DESKTOP" duration="00:00:00.0065640" startTime="2026-04-14T13:12:22.8914420+08:00" endTime="2026-04-14T13:12:22.8914562+08:00" testType="13cdc9d9-ddb5-4fa4-a97d-d965ccfc6d4b" outcome="Passed" testListId="8c84fa94-04c1-424b-9868-57a2d4851a1d" relativeResultsDirectory="d5e8f50a-4506-4f18-906e-612aafb30d9a" />
  </Results>
  <TestDefinitions>
    <UnitTest name="LAL.Tests.LinalgCore.TransposeTests.Matrix_TransposesRowMajorMatrix" storage="d:\project\lal\lal.tests\bin\release\net8.0\lal.tests.dll" id="6e4ed417-ae38-3460-980f-4ec323d5f442">
      <Execution id="4295635c-c25f-454c-8e36-498b9a2a7316" />
      <TestMethod codeBase="D:\Project\LAL\LAL.Tests\bin\Release\net8.0\LAL.Tests.dll" adapterTypeName="executor://xunit/VsTestRunner2/netcoreapp" className="LAL.Tests.LinalgCore.TransposeTests" name="Matrix_TransposesRowMajorMatrix" />
    </UnitTest>
    <UnitTest name="LAL.Tests.LinalgCore.TransposeTests.Matrix_Float_TransposesRowMajorMatrix" storage="d:\project\lal\lal.tests\bin\release\net8.0\lal.tests.dll" id="d5d18b7f-0d1b-f6bf-fa8f-1ff1b22ebaf7">
      <Execution id="d5e8f50a-4506-4f18-906e-612aafb30d9a" />
      <TestMethod codeBase="D:\Project\LAL\LAL.Tests\bin\Release\net8.0\LAL.Tests.dll" adapterTypeName="executor://xunit/VsTestRunner2/netcoreapp" className="LAL.Tests.LinalgCore.TransposeTests" name="Matrix_Float_TransposesRowMajorMatrix" />
    </UnitTest>
    <UnitTest name="LAL.Tests.LinalgCore.TransposeTests.ConjugateTranspose_ConjugatesAndTransposes" storage="d:\project\lal\lal.tests\bin\release\net8.0\lal.tests.dll" id="8a2a0113-bbc8-636b-8eea-a02ee1ac2063">
      <Execution id="29d7305d-cd90-4297-8e47-ec79e2f8ec11" />
      <TestMethod codeBase="D:\Project\LAL\LAL.Tests\bin\Release\net8.0\LAL.Tests.dll" adapterTypeName="executor://xunit/VsTestRunner2/netcoreapp" className="LAL.Tests.LinalgCore.TransposeTests" name="ConjugateTranspose_ConjugatesAndTransposes" />
    </UnitTest>
    <UnitTest name="LAL.Tests.LinalgCore.TransposeTests.Matrix_Complex_TransposesWithoutConjugation" storage="d:\project\lal\lal.tests\bin\release\net8.0\lal.tests.dll" id="b8b037ce-1d89-9ebd-5aaa-c89e72584981">
      <Execution id="53d753aa-a3c1-44c5-815d-8d4da74ca6bd" />
      <TestMethod codeBase="D:\Project\LAL\LAL.Tests\bin\Release\net8.0\LAL.Tests.dll" adapterTypeName="executor://xunit/VsTestRunner2/netcoreapp" className="LAL.Tests.LinalgCore.TransposeTests" name="Matrix_Complex_TransposesWithoutConjugation" />
    </UnitTest>
  </TestDefinitions>
  <TestEntries>
    <TestEntry testId="6e4ed417-ae38-3460-980f-4ec323d5f442" executionId="4295635c-c25f-454c-8e36-498b9a2a7316" testListId="8c84fa94-04c1-424b-9868-57a2d4851a1d" />
    <TestEntry testId="b8b037ce-1d89-9ebd-5aaa-c89e72584981" executionId="53d753aa-a3c1-44c5-815d-8d4da74ca6bd" testListId="8c84fa94-04c1-424b-9868-57a2d4851a1d" />
    <TestEntry testId="8a2a0113-bbc8-636b-8eea-a02ee1ac2063" executionId="29d7305d-cd90-4297-8e47-ec79e2f8ec11" testListId="8c84fa94-04c1-424b-9868-57a2d4851a1d" />
    <TestEntry testId="d5d18b7f-0d1b-f6bf-fa8f-1ff1b22ebaf7" executionId="d5e8f50a-4506-4f18-906e-612aafb30d9a" testListId="8c84fa94-04c1-424b-9868-57a2d4851a1d" />
  </TestEntries>
  <TestLists>
    <TestList name="不在清單中的結果" id="8c84fa94-04c1-424b-9868-57a2d4851a1d" />
    <TestList name="所有載入的結果" id="19431567-8539-422a-85d7-44ee4e166bda" />
  </TestLists>
  <ResultSummary outcome="Completed">
    <Counters total="4" executed="4" passed="4" failed="0" error="0" timeout="0" aborted="0" inconclusive="0" passedButRunAborted="0" notRunnable="0" notExecuted="0" disconnected="0" warning="0" completed="0" inProgress="0" pending="0" />
    <Output>
      <StdOut>[xUnit.net 00:00:00.00] xUnit.net VSTest Adapter v2.5.3.1+6b60a9e56a (64-bit .NET 8.0.25)&#xD;
[xUnit.net 00:00:00.05]   Discovering: LAL.Tests&#xD;
[xUnit.net 00:00:00.08]   Discovered:  LAL.Tests&#xD;
[xUnit.net 00:00:00.08]   Starting:    LAL.Tests&#xD;
[xUnit.net 00:00:00.12]   Finished:    LAL.Tests&#xD;
</StdOut>
    </Output>
  </ResultSummary>
</TestRun>