<?xml version="1.0" encoding="utf-8"?>
<TestRun id="7f722f71-f8e1-4f48-9948-2787d2a18e6a" name="user@704DESKTOP 2026-04-14 13:12:37" runUser="704DESKTOP\user" xmlns="http://microsoft.com/schemas/VisualStudio/TeamTest/2010">
  <Times creation="2026-04-14T13:12:37.9436121+08:00" queuing="2026-04-14T13:12:37.9436123+08:00" start="2026-04-14T13:12:37.4211657+08:00" finish="2026-04-14T13:12:37.9475362+08:00" />
  <TestSettings name="default" id="050f195c-badf-4a4d-828a-e83e49c27ebf">
    <Deployment runDeploymentRoot="user_704DESKTOP_2026-04-14_13_12_37" />
  </TestSettings>
  <Results>
    <UnitTestResult executionId="2a4f12c5-ac4b-4ad9-99a5-7ebfec08314d" testId="40685db0-0177-021c-35b0-3ab94f7810b6" testName="LAL.Tests.NumericalCore.RootFinding.SecantTests.Solve_ReturnsNotConvergedWhenDenominatorDegenerates" computerName="704DESKTOP" duration="00:00:00.0020460" startTime="2026-04-14T13:12:37.8500431+08:00" endTime="2026-04-14T13:12:37.8500574+08:00" testType="13cdc9d9-ddb5-4fa4-a97d-d965ccfc6d4b" outcome="Passed" testListId="8c84fa94-04c1-424b-9868-57a2d4851a1d" relativeResultsDirectory="2a4f12c5-ac4b-4ad9-99a5-7ebfec08314d" />
    <UnitTestResult executionId="9ba7b019-802f-4f3b-89ff-0a557061c39e" testId="5eedf6aa-f070-2ffe-041f-c672d42c5878" testName="LAL.Tests.NumericalCore.RootFinding.SecantTests.Solve_FindsSquareRootOfTwo" computerName="704DESKTOP" duration="00:00:00.0001150" startTime="2026-04-14T13:12:37.8520790+08:00" endTime="2026-04-14T13:12:37.8520791+08:00" testType="13cdc9d9-ddb5-4fa4-a97d-d965ccfc6d4b" outcome="Passed" testListId="8c84fa94-04c1-424b-9868-57a2d4851a1d" relativeResultsDirectory="9ba7b019-802f-4f3b-89ff-0a557061c39e" />
    <UnitTestResult executionId="178f942b-ddf5-453c-9d38-7c9c239980df" testId="a3a7dcbd-7593-e61f-d0f5-c1b0bf1481a9" testName="LAL.Tests.NumericalCore.RootFinding.SecantTests.Solve_Complex_FindsImaginaryUnitRoot" computerName="704DESKTOP" duration="00:00:00.0016899" startTime="2026-04-14T13:12:37.8518672+08:00" endTime="2026-04-14T13:12:37.8518672+08:00" testType="13cdc9d9-ddb5-4fa4-a97d-d965ccfc6d4b" outcome="Passed" testListId="8c84fa94-04c1-424b-9868-57a2d4851a1d" relativeResultsDirectory="178f942b-ddf5-453c-9d38-7c9c239980df" />
    <UnitTestResult executionId="9c32b069-9ded-43cc-8aa0-5e48db3206e4" testId="f930e3ee-2f35-0c22-f94b-b5852210c43b" testName="LAL.Tests.NumericalCore.RootFinding.SecantTests.Solve_Float_FindsSquareRootOfTwo" computerName="704DESKTOP" duration="00:00:00.0013508" startTime="2026-04-14T13:12:37.8528562+08:00" endTime="2026-04-14T13:12:37.8528563+08:00" testType="13cdc9d9-ddb5-4fa4-a97d-d965ccfc6d4b" outcome="Passed" testListId="8c84fa94-04c1-424b-9868-57a2d4851a1d" relativeResultsDirectory="9c32b069-9ded-43cc-8aa0-5e48db3206e4" />
  </Results>
  <TestDefinitions>
    <UnitTest name="LAL.Tests.NumericalCore.RootFinding.SecantTests.Solve_Float_FindsSquareRootOfTwo" storage="d:\project\lal\lal.tests\bin\release\net8.0\lal.tests.dll" id="f930e3ee-2f35-0c22-f94b-b5852210c43b">
      <Execution id="9c32b069-9ded-43cc-8aa0-5e48db3206e4" />
      <TestMethod codeBase="D:\Project\LAL\LAL.Tests\bin\Release\net8.0\LAL.Tests.dll" adapterTypeName="executor://xunit/VsTestRunner2/netcoreapp" className="LAL.Tests.NumericalCore.RootFinding.SecantTests" name="Solve_Float_FindsSquareRootOfTwo" />
    </UnitTest>
    <UnitTest name="LAL.Tests.NumericalCore.RootFinding.SecantTests.Solve_Complex_FindsImaginaryUnitRoot" storage="d:\project\lal\lal.tests\bin\release\net8.0\lal.tests.dll" id="a3a7dcbd-7593-e61f-d0f5-c1b0bf1481a9">
      <Execution id="178f942b-ddf5-453c-9d38-7c9c239980df" />
      <TestMethod codeBase="D:\Project\LAL\LAL.Tests\bin\Release\net8.0\LAL.Tests.dll" adapterTypeName="executor://xunit/VsTestRunner2/netcoreapp" className="LAL.Tests.NumericalCore.RootFinding.SecantTests" name="Solve_Complex_FindsImaginaryUnitRoot" />
    </UnitTest>
    <UnitTest name="LAL.Tests.NumericalCore.RootFinding.SecantTests.Solve_FindsSquareRootOfTwo" storage="d:\project\lal\lal.tests\bin\release\net8.0\lal.tests.dll" id="5eedf6aa-f070-2ffe-041f-c672d42c5878">
      <Execution id="9ba7b019-802f-4f3b-89ff-0a557061c39e" />
      <TestMethod codeBase="D:\Project\LAL\LAL.Tests\bin\Release\net8.0\LAL.Tests.dll" adapterTypeName="executor://xunit/VsTestRunner2/netcoreapp" className="LAL.Tests.NumericalCore.RootFinding.SecantTests" name="Solve_FindsSquareRootOfTwo" />
    </UnitTest>
    <UnitTest name="LAL.Tests.NumericalCore.RootFinding.SecantTests.Solve_ReturnsNotConvergedWhenDenominatorDegenerates" storage="d:\project\lal\lal.tests\bin\release\net8.0\lal.tests.dll" id="40685db0-0177-021c-35b0-3ab94f7810b6">
      <Execution id="2a4f12c5-ac4b-4ad9-99a5-7ebfec08314d" />
      <TestMethod codeBase="D:\Project\LAL\LAL.Tests\bin\Release\net8.0\LAL.Tests.dll" adapterTypeName="executor://xunit/VsTestRunner2/netcoreapp" className="LAL.Tests.NumericalCore.RootFinding.SecantTests" name="Solve_ReturnsNotConvergedWhenDenominatorDegenerates" />
    </UnitTest>
  </TestDefinitions>
  <TestEntries>
    <TestEntry testId="40685db0-0177-021c-35b0-3ab94f7810b6" executionId="2a4f12c5-ac4b-4ad9-99a5-7ebfec08314d" testListId="8c84fa94-04c1-424b-9868-57a2d4851a1d" />
    <TestEntry testId="5eedf6aa-f070-2ffe-041f-c672d42c5878" executionId="9ba7b019-802f-4f3b-89ff-0a557061c39e" testListId="8c84fa94-04c1-424b-9868-57a2d4851a1d" />
    <TestEntry testId="a3a7dcbd-7593-e61f-d0f5-c1b0bf1481a9" executionId="178f942b-ddf5-453c-9d38-7c9c239980df" testListId="8c84fa94-04c1-424b-9868-57a2d4851a1d" />
    <TestEntry testId="f930e3ee-2f35-0c22-f94b-b5852210c43b" executionId="9c32b069-9ded-43cc-8aa0-5e48db3206e4" testListId="8c84fa94-04c1-424b-9868-57a2d4851a1d" />
  </TestEntries>
  <TestLists>
    <TestList name="不在清單中的結果" id="8c84fa94-04c1-424b-9868-57a2d4851a1d" />
    <TestList name="所有載入的結果" id="19431567-8539-422a-85d7-44ee4e166bda" />
  </TestLists>
  <ResultSummary outcome="Completed">
    <Counters total="4" executed="4" passed="4" failed="0" error="0" timeout="0" aborted="0" inconclusive="0" passedButRunAborted="0" notRunnable="0" notExecuted="0" disconnected="0" warning="0" completed="0" inProgress="0" pending="0" />
    <Output>
      <StdOut>[xUnit.net 00:00:00.00] xUnit.net VSTest Adapter v2.5.3.1+6b60a9e56a (64-bit .NET 8.0.25)&#xD;
[xUnit.net 00:00:00.05]   Discovering: LAL.Tests&#xD;
[xUnit.net 00:00:00.08]   Discovered:  LAL.Tests&#xD;
[xUnit.net 00:00:00.09]   Starting:    LAL.Tests&#xD;
[xUnit.net 00:00:00.13]   Finished:    LAL.Tests&#xD;
</StdOut>
    </Output>
  </ResultSummary>
</TestRun>