<?xml version="1.0" encoding="utf-8"?>
<TestRun id="4bfc42e1-f5ab-4897-8270-a9bf525ee1df" name="user@704DESKTOP 2026-04-14 13:12:10" runUser="704DESKTOP\user" xmlns="http://microsoft.com/schemas/VisualStudio/TeamTest/2010">
  <Times creation="2026-04-14T13:12:10.2053853+08:00" queuing="2026-04-14T13:12:10.2053857+08:00" start="2026-04-14T13:12:09.6713716+08:00" finish="2026-04-14T13:12:10.2104597+08:00" />
  <TestSettings name="default" id="63f52874-9d28-41ac-bd19-7a33ce462c3a">
    <Deployment runDeploymentRoot="user_704DESKTOP_2026-04-14_13_12_10" />
  </TestSettings>
  <Results>
    <UnitTestResult executionId="19482e88-ff9f-4147-9329-d6b66820aa0d" testId="235b20e6-bb9b-c3fc-f15c-567fcef245e5" testName="LAL.Tests.LinalgCore.GemvTests.Multiply_Float_ComputesMatrixVectorProduct" computerName="704DESKTOP" duration="00:00:00.0017576" startTime="2026-04-14T13:12:10.1084717+08:00" endTime="2026-04-14T13:12:10.1084717+08:00" testType="13cdc9d9-ddb5-4fa4-a97d-d965ccfc6d4b" outcome="Passed" testListId="8c84fa94-04c1-424b-9868-57a2d4851a1d" relativeResultsDirectory="19482e88-ff9f-4147-9329-d6b66820aa0d" />
    <UnitTestResult executionId="842ec8cf-f1d3-4026-9dcc-1427c83e39cb" testId="64fc4aa4-cc6a-f01b-d76c-f0783e38c137" testName="LAL.Tests.LinalgCore.GemvTests.Multiply_Complex_ComputesMatrixVectorProduct" computerName="704DESKTOP" duration="00:00:00.0020775" startTime="2026-04-14T13:12:10.1100484+08:00" endTime="2026-04-14T13:12:10.1100485+08:00" testType="13cdc9d9-ddb5-4fa4-a97d-d965ccfc6d4b" outcome="Passed" testListId="8c84fa94-04c1-424b-9868-57a2d4851a1d" relativeResultsDirectory="842ec8cf-f1d3-4026-9dcc-1427c83e39cb" />
    <UnitTestResult executionId="81d84688-ebf5-4def-a676-6a90a261544f" testId="bd354157-58eb-2ee4-0c55-4c7601efc783" testName="LAL.Tests.LinalgCore.GemvTests.Multiply_ComputesMatrixVectorProduct" computerName="704DESKTOP" duration="00:00:00.0107125" startTime="2026-04-14T13:12:10.1066094+08:00" endTime="2026-04-14T13:12:10.1066236+08:00" testType="13cdc9d9-ddb5-4fa4-a97d-d965ccfc6d4b" outcome="Passed" testListId="8c84fa94-04c1-424b-9868-57a2d4851a1d" relativeResultsDirectory="81d84688-ebf5-4def-a676-6a90a261544f" />
    <UnitTestResult executionId="bf95340f-3874-41b6-bdcf-c8075e735fa0" testId="76ac7ef8-a7e7-06f3-50a6-7a595c795cae" testName="LAL.Tests.LinalgCore.GemvTests.Multiply_StrategyToggle_ProducesConsistentResult" computerName="704DESKTOP" duration="00:00:00.0028869" startTime="2026-04-14T13:12:10.1129711+08:00" endTime="2026-04-14T13:12:10.1129712+08:00" testType="13cdc9d9-ddb5-4fa4-a97d-d965ccfc6d4b" outcome="Passed" testListId="8c84fa94-04c1-424b-9868-57a2d4851a1d" relativeResultsDirectory="bf95340f-3874-41b6-bdcf-c8075e735fa0" />
  </Results>
  <TestDefinitions>
    <UnitTest name="LAL.Tests.LinalgCore.GemvTests.Multiply_ComputesMatrixVectorProduct" storage="d:\project\lal\lal.tests\bin\release\net8.0\lal.tests.dll" id="bd354157-58eb-2ee4-0c55-4c7601efc783">
      <Execution id="81d84688-ebf5-4def-a676-6a90a261544f" />
      <TestMethod codeBase="D:\Project\LAL\LAL.Tests\bin\Release\net8.0\LAL.Tests.dll" adapterTypeName="executor://xunit/VsTestRunner2/netcoreapp" className="LAL.Tests.LinalgCore.GemvTests" name="Multiply_ComputesMatrixVectorProduct" />
    </UnitTest>
    <UnitTest name="LAL.Tests.LinalgCore.GemvTests.Multiply_Float_ComputesMatrixVectorProduct" storage="d:\project\lal\lal.tests\bin\release\net8.0\lal.tests.dll" id="235b20e6-bb9b-c3fc-f15c-567fcef245e5">
      <Execution id="19482e88-ff9f-4147-9329-d6b66820aa0d" />
      <TestMethod codeBase="D:\Project\LAL\LAL.Tests\bin\Release\net8.0\LAL.Tests.dll" adapterTypeName="executor://xunit/VsTestRunner2/netcoreapp" className="LAL.Tests.LinalgCore.GemvTests" name="Multiply_Float_ComputesMatrixVectorProduct" />
    </UnitTest>
    <UnitTest name="LAL.Tests.LinalgCore.GemvTests.Multiply_Complex_ComputesMatrixVectorProduct" storage="d:\project\lal\lal.tests\bin\release\net8.0\lal.tests.dll" id="64fc4aa4-cc6a-f01b-d76c-f0783e38c137">
      <Execution id="842ec8cf-f1d3-4026-9dcc-1427c83e39cb" />
      <TestMethod codeBase="D:\Project\LAL\LAL.Tests\bin\Release\net8.0\LAL.Tests.dll" adapterTypeName="executor://xunit/VsTestRunner2/netcoreapp" className="LAL.Tests.LinalgCore.GemvTests" name="Multiply_Complex_ComputesMatrixVectorProduct" />
    </UnitTest>
    <UnitTest name="LAL.Tests.LinalgCore.GemvTests.Multiply_StrategyToggle_ProducesConsistentResult" storage="d:\project\lal\lal.tests\bin\release\net8.0\lal.tests.dll" id="76ac7ef8-a7e7-06f3-50a6-7a595c795cae">
      <Execution id="bf95340f-3874-41b6-bdcf-c8075e735fa0" />
      <TestMethod codeBase="D:\Project\LAL\LAL.Tests\bin\Release\net8.0\LAL.Tests.dll" adapterTypeName="executor://xunit/VsTestRunner2/netcoreapp" className="LAL.Tests.LinalgCore.GemvTests" name="Multiply_StrategyToggle_ProducesConsistentResult" />
    </UnitTest>
  </TestDefinitions>
  <TestEntries>
    <TestEntry testId="235b20e6-bb9b-c3fc-f15c-567fcef245e5" executionId="19482e88-ff9f-4147-9329-d6b66820aa0d" testListId="8c84fa94-04c1-424b-9868-57a2d4851a1d" />
    <TestEntry testId="64fc4aa4-cc6a-f01b-d76c-f0783e38c137" executionId="842ec8cf-f1d3-4026-9dcc-1427c83e39cb" testListId="8c84fa94-04c1-424b-9868-57a2d4851a1d" />
    <TestEntry testId="bd354157-58eb-2ee4-0c55-4c7601efc783" executionId="81d84688-ebf5-4def-a676-6a90a261544f" testListId="8c84fa94-04c1-424b-9868-57a2d4851a1d" />
    <TestEntry testId="76ac7ef8-a7e7-06f3-50a6-7a595c795cae" executionId="bf95340f-3874-41b6-bdcf-c8075e735fa0" testListId="8c84fa94-04c1-424b-9868-57a2d4851a1d" />
  </TestEntries>
  <TestLists>
    <TestList name="不在清單中的結果" id="8c84fa94-04c1-424b-9868-57a2d4851a1d" />
    <TestList name="所有載入的結果" id="19431567-8539-422a-85d7-44ee4e166bda" />
  </TestLists>
  <ResultSummary outcome="Completed">
    <Counters total="4" executed="4" passed="4" failed="0" error="0" timeout="0" aborted="0" inconclusive="0" passedButRunAborted="0" notRunnable="0" notExecuted="0" disconnected="0" warning="0" completed="0" inProgress="0" pending="0" />
    <Output>
      <StdOut>[xUnit.net 00:00:00.00] xUnit.net VSTest Adapter v2.5.3.1+6b60a9e56a (64-bit .NET 8.0.25)&#xD;
[xUnit.net 00:00:00.05]   Discovering: LAL.Tests&#xD;
[xUnit.net 00:00:00.08]   Discovered:  LAL.Tests&#xD;
[xUnit.net 00:00:00.09]   Starting:    LAL.Tests&#xD;
[xUnit.net 00:00:00.14]   Finished:    LAL.Tests&#xD;
</StdOut>
    </Output>
  </ResultSummary>
</TestRun>