<?xml version="1.0" encoding="utf-8"?>
<TestRun id="4e581af0-8402-4c47-b46f-e96007cdb1c8" name="user@704DESKTOP 2026-04-14 13:12:03" runUser="704DESKTOP\user" xmlns="http://microsoft.com/schemas/VisualStudio/TeamTest/2010">
  <Times creation="2026-04-14T13:12:03.3204090+08:00" queuing="2026-04-14T13:12:03.3204095+08:00" start="2026-04-14T13:12:02.7368310+08:00" finish="2026-04-14T13:12:03.3287035+08:00" />
  <TestSettings name="default" id="3d22020d-ee16-443e-bf21-e1edcc7dbbf6">
    <Deployment runDeploymentRoot="user_704DESKTOP_2026-04-14_13_12_03" />
  </TestSettings>
  <Results>
    <UnitTestResult executionId="4774755f-825f-4ba5-956e-b1b4f3d37b65" testId="ff6c2344-39a8-756c-b878-965a68962158" testName="LAL.Tests.LinalgCore.DenseSolverTests.Solve_ComputesSolution" computerName="704DESKTOP" duration="00:00:00.0060225" startTime="2026-04-14T13:12:03.2034784+08:00" endTime="2026-04-14T13:12:03.2035035+08:00" testType="13cdc9d9-ddb5-4fa4-a97d-d965ccfc6d4b" outcome="Passed" testListId="8c84fa94-04c1-424b-9868-57a2d4851a1d" relativeResultsDirectory="4774755f-825f-4ba5-956e-b1b4f3d37b65" />
    <UnitTestResult executionId="7d35bc3a-65fc-4814-a4e1-01da8790fe7e" testId="1b04eba7-2ed5-4b15-dc9e-378d7b5a78a6" testName="LAL.Tests.LinalgCore.DenseSolverTests.Solve_Complex_ComputesSolution" computerName="704DESKTOP" duration="00:00:00.0025557" startTime="2026-04-14T13:12:03.2059370+08:00" endTime="2026-04-14T13:12:03.2059373+08:00" testType="13cdc9d9-ddb5-4fa4-a97d-d965ccfc6d4b" outcome="Passed" testListId="8c84fa94-04c1-424b-9868-57a2d4851a1d" relativeResultsDirectory="7d35bc3a-65fc-4814-a4e1-01da8790fe7e" />
  </Results>
  <TestDefinitions>
    <UnitTest name="LAL.Tests.LinalgCore.DenseSolverTests.Solve_ComputesSolution" storage="d:\project\lal\lal.tests\bin\release\net8.0\lal.tests.dll" id="ff6c2344-39a8-756c-b878-965a68962158">
      <Execution id="4774755f-825f-4ba5-956e-b1b4f3d37b65" />
      <TestMethod codeBase="D:\Project\LAL\LAL.Tests\bin\Release\net8.0\LAL.Tests.dll" adapterTypeName="executor://xunit/VsTestRunner2/netcoreapp" className="LAL.Tests.LinalgCore.DenseSolverTests" name="Solve_ComputesSolution" />
    </UnitTest>
    <UnitTest name="LAL.Tests.LinalgCore.DenseSolverTests.Solve_Complex_ComputesSolution" storage="d:\project\lal\lal.tests\bin\release\net8.0\lal.tests.dll" id="1b04eba7-2ed5-4b15-dc9e-378d7b5a78a6">
      <Execution id="7d35bc3a-65fc-4814-a4e1-01da8790fe7e" />
      <TestMethod codeBase="D:\Project\LAL\LAL.Tests\bin\Release\net8.0\LAL.Tests.dll" adapterTypeName="executor://xunit/VsTestRunner2/netcoreapp" className="LAL.Tests.LinalgCore.DenseSolverTests" name="Solve_Complex_ComputesSolution" />
    </UnitTest>
  </TestDefinitions>
  <TestEntries>
    <TestEntry testId="ff6c2344-39a8-756c-b878-965a68962158" executionId="4774755f-825f-4ba5-956e-b1b4f3d37b65" testListId="8c84fa94-04c1-424b-9868-57a2d4851a1d" />
    <TestEntry testId="1b04eba7-2ed5-4b15-dc9e-378d7b5a78a6" executionId="7d35bc3a-65fc-4814-a4e1-01da8790fe7e" testListId="8c84fa94-04c1-424b-9868-57a2d4851a1d" />
  </TestEntries>
  <TestLists>
    <TestList name="不在清單中的結果" id="8c84fa94-04c1-424b-9868-57a2d4851a1d" />
    <TestList name="所有載入的結果" id="19431567-8539-422a-85d7-44ee4e166bda" />
  </TestLists>
  <ResultSummary outcome="Completed">
    <Counters total="2" executed="2" passed="2" failed="0" error="0" timeout="0" aborted="0" inconclusive="0" passedButRunAborted="0" notRunnable="0" notExecuted="0" disconnected="0" warning="0" completed="0" inProgress="0" pending="0" />
    <Output>
      <StdOut>[xUnit.net 00:00:00.00] xUnit.net VSTest Adapter v2.5.3.1+6b60a9e56a (64-bit .NET 8.0.25)&#xD;
[xUnit.net 00:00:00.06]   Discovering: LAL.Tests&#xD;
[xUnit.net 00:00:00.09]   Discovered:  LAL.Tests&#xD;
[xUnit.net 00:00:00.09]   Starting:    LAL.Tests&#xD;
[xUnit.net 00:00:00.14]   Finished:    LAL.Tests&#xD;
</StdOut>
    </Output>
  </ResultSummary>
</TestRun>