<?xml version="1.0" encoding="utf-8"?>
<TestRun id="a7002c57-9f61-4009-bf82-ed8610bbdc23" name="user@704DESKTOP 2026-04-14 13:12:44" runUser="704DESKTOP\user" xmlns="http://microsoft.com/schemas/VisualStudio/TeamTest/2010">
  <Times creation="2026-04-14T13:12:44.2167094+08:00" queuing="2026-04-14T13:12:44.2167096+08:00" start="2026-04-14T13:12:43.6693014+08:00" finish="2026-04-14T13:12:44.2206075+08:00" />
  <TestSettings name="default" id="d230aa34-0574-4460-89a5-8ad22ea74efd">
    <Deployment runDeploymentRoot="user_704DESKTOP_2026-04-14_13_12_44" />
  </TestSettings>
  <Results>
    <UnitTestResult executionId="89684058-9d06-4df0-bd3d-16f73f8da183" testId="8b01faf4-450e-a34b-2552-a9ead6b19c41" testName="LAL.Tests.OdeCore.DenseOutputTests.InterpolateLinear_ReturnsExpectedPoint" computerName="704DESKTOP" duration="00:00:00.0074910" startTime="2026-04-14T13:12:44.1154259+08:00" endTime="2026-04-14T13:12:44.1154403+08:00" testType="13cdc9d9-ddb5-4fa4-a97d-d965ccfc6d4b" outcome="Passed" testListId="8c84fa94-04c1-424b-9868-57a2d4851a1d" relativeResultsDirectory="89684058-9d06-4df0-bd3d-16f73f8da183" />
    <UnitTestResult executionId="4ef17997-8c98-4306-a8a2-cfdb62a9241a" testId="cb3c8af9-ae8b-8464-9dfc-280badf4ada4" testName="LAL.Tests.OdeCore.DenseOutputTests.InterpolateLinear_Complex_ReturnsExpectedPoint" computerName="704DESKTOP" duration="00:00:00.0015607" startTime="2026-04-14T13:12:44.1180231+08:00" endTime="2026-04-14T13:12:44.1180232+08:00" testType="13cdc9d9-ddb5-4fa4-a97d-d965ccfc6d4b" outcome="Passed" testListId="8c84fa94-04c1-424b-9868-57a2d4851a1d" relativeResultsDirectory="4ef17997-8c98-4306-a8a2-cfdb62a9241a" />
    <UnitTestResult executionId="8510f153-5874-420e-8d66-e1782dca7fa3" testId="cd8e10f6-86ac-918a-4c28-5a05f3298520" testName="LAL.Tests.OdeCore.DenseOutputTests.InterpolateLinear_Float_ReturnsExpectedPoint" computerName="704DESKTOP" duration="00:00:00.0017207" startTime="2026-04-14T13:12:44.1175674+08:00" endTime="2026-04-14T13:12:44.1175674+08:00" testType="13cdc9d9-ddb5-4fa4-a97d-d965ccfc6d4b" outcome="Passed" testListId="8c84fa94-04c1-424b-9868-57a2d4851a1d" relativeResultsDirectory="8510f153-5874-420e-8d66-e1782dca7fa3" />
  </Results>
  <TestDefinitions>
    <UnitTest name="LAL.Tests.OdeCore.DenseOutputTests.InterpolateLinear_ReturnsExpectedPoint" storage="d:\project\lal\lal.tests\bin\release\net8.0\lal.tests.dll" id="8b01faf4-450e-a34b-2552-a9ead6b19c41">
      <Execution id="89684058-9d06-4df0-bd3d-16f73f8da183" />
      <TestMethod codeBase="D:\Project\LAL\LAL.Tests\bin\Release\net8.0\LAL.Tests.dll" adapterTypeName="executor://xunit/VsTestRunner2/netcoreapp" className="LAL.Tests.OdeCore.DenseOutputTests" name="InterpolateLinear_ReturnsExpectedPoint" />
    </UnitTest>
    <UnitTest name="LAL.Tests.OdeCore.DenseOutputTests.InterpolateLinear_Complex_ReturnsExpectedPoint" storage="d:\project\lal\lal.tests\bin\release\net8.0\lal.tests.dll" id="cb3c8af9-ae8b-8464-9dfc-280badf4ada4">
      <Execution id="4ef17997-8c98-4306-a8a2-cfdb62a9241a" />
      <TestMethod codeBase="D:\Project\LAL\LAL.Tests\bin\Release\net8.0\LAL.Tests.dll" adapterTypeName="executor://xunit/VsTestRunner2/netcoreapp" className="LAL.Tests.OdeCore.DenseOutputTests" name="InterpolateLinear_Complex_ReturnsExpectedPoint" />
    </UnitTest>
    <UnitTest name="LAL.Tests.OdeCore.DenseOutputTests.InterpolateLinear_Float_ReturnsExpectedPoint" storage="d:\project\lal\lal.tests\bin\release\net8.0\lal.tests.dll" id="cd8e10f6-86ac-918a-4c28-5a05f3298520">
      <Execution id="8510f153-5874-420e-8d66-e1782dca7fa3" />
      <TestMethod codeBase="D:\Project\LAL\LAL.Tests\bin\Release\net8.0\LAL.Tests.dll" adapterTypeName="executor://xunit/VsTestRunner2/netcoreapp" className="LAL.Tests.OdeCore.DenseOutputTests" name="InterpolateLinear_Float_ReturnsExpectedPoint" />
    </UnitTest>
  </TestDefinitions>
  <TestEntries>
    <TestEntry testId="8b01faf4-450e-a34b-2552-a9ead6b19c41" executionId="89684058-9d06-4df0-bd3d-16f73f8da183" testListId="8c84fa94-04c1-424b-9868-57a2d4851a1d" />
    <TestEntry testId="cb3c8af9-ae8b-8464-9dfc-280badf4ada4" executionId="4ef17997-8c98-4306-a8a2-cfdb62a9241a" testListId="8c84fa94-04c1-424b-9868-57a2d4851a1d" />
    <TestEntry testId="cd8e10f6-86ac-918a-4c28-5a05f3298520" executionId="8510f153-5874-420e-8d66-e1782dca7fa3" testListId="8c84fa94-04c1-424b-9868-57a2d4851a1d" />
  </TestEntries>
  <TestLists>
    <TestList name="不在清單中的結果" id="8c84fa94-04c1-424b-9868-57a2d4851a1d" />
    <TestList name="所有載入的結果" id="19431567-8539-422a-85d7-44ee4e166bda" />
  </TestLists>
  <ResultSummary outcome="Completed">
    <Counters total="3" executed="3" passed="3" failed="0" error="0" timeout="0" aborted="0" inconclusive="0" passedButRunAborted="0" notRunnable="0" notExecuted="0" disconnected="0" warning="0" completed="0" inProgress="0" pending="0" />
    <Output>
      <StdOut>[xUnit.net 00:00:00.00] xUnit.net VSTest Adapter v2.5.3.1+6b60a9e56a (64-bit .NET 8.0.25)&#xD;
[xUnit.net 00:00:00.05]   Discovering: LAL.Tests&#xD;
[xUnit.net 00:00:00.08]   Discovered:  LAL.Tests&#xD;
[xUnit.net 00:00:00.09]   Starting:    LAL.Tests&#xD;
[xUnit.net 00:00:00.13]   Finished:    LAL.Tests&#xD;
</StdOut>
    </Output>
  </ResultSummary>
</TestRun>