<?xml version="1.0" encoding="utf-8"?>
<TestRun id="440fd925-f97c-4e6d-9dac-6ca6991cd670" name="user@704DESKTOP 2026-04-14 13:12:14" runUser="704DESKTOP\user" xmlns="http://microsoft.com/schemas/VisualStudio/TeamTest/2010">
  <Times creation="2026-04-14T13:12:14.0787790+08:00" queuing="2026-04-14T13:12:14.0787792+08:00" start="2026-04-14T13:12:13.5318680+08:00" finish="2026-04-14T13:12:14.0833268+08:00" />
  <TestSettings name="default" id="b5e65ccd-ea8c-43ec-bc81-aa08a7b2ce7d">
    <Deployment runDeploymentRoot="user_704DESKTOP_2026-04-14_13_12_14" />
  </TestSettings>
  <Results>
    <UnitTestResult executionId="a505c163-d8ae-4851-8f1f-21a1fc04b5f7" testId="1a99ebf1-befe-d439-2f5a-2cbe9c4c845b" testName="LAL.Tests.LinalgCore.MatrixOpsTests.Complex_Operations_Work" computerName="704DESKTOP" duration="00:00:00.0043581" startTime="2026-04-14T13:12:13.9792196+08:00" endTime="2026-04-14T13:12:13.9792197+08:00" testType="13cdc9d9-ddb5-4fa4-a97d-d965ccfc6d4b" outcome="Passed" testListId="8c84fa94-04c1-424b-9868-57a2d4851a1d" relativeResultsDirectory="a505c163-d8ae-4851-8f1f-21a1fc04b5f7" />
    <UnitTestResult executionId="efba80de-e013-4e6c-bb88-dc913b045d8a" testId="3d592f73-e4d4-cade-bce5-2b98ad526dfc" testName="LAL.Tests.LinalgCore.MatrixOpsTests.MultiplyMatrixMatrix_Works" computerName="704DESKTOP" duration="00:00:00.0016944" startTime="2026-04-14T13:12:13.9748314+08:00" endTime="2026-04-14T13:12:13.9748315+08:00" testType="13cdc9d9-ddb5-4fa4-a97d-d965ccfc6d4b" outcome="Passed" testListId="8c84fa94-04c1-424b-9868-57a2d4851a1d" relativeResultsDirectory="efba80de-e013-4e6c-bb88-dc913b045d8a" />
    <UnitTestResult executionId="da7491c8-5c2f-4c89-b163-36422f9d531d" testId="bbce24d5-fb93-3127-48e5-cebb0feec38d" testName="LAL.Tests.LinalgCore.MatrixOpsTests.AddSubtractAndDot_Work" computerName="704DESKTOP" duration="00:00:00.0051624" startTime="2026-04-14T13:12:13.9731076+08:00" endTime="2026-04-14T13:12:13.9731077+08:00" testType="13cdc9d9-ddb5-4fa4-a97d-d965ccfc6d4b" outcome="Passed" testListId="8c84fa94-04c1-424b-9868-57a2d4851a1d" relativeResultsDirectory="da7491c8-5c2f-4c89-b163-36422f9d531d" />
    <UnitTestResult executionId="47669c52-ac92-4a19-b7ba-b43f2a59e1ad" testId="b64c683b-a02d-413e-d167-b6617a0b2e32" testName="LAL.Tests.LinalgCore.MatrixOpsTests.Float_Operations_Work" computerName="704DESKTOP" duration="00:00:00.0045503" startTime="2026-04-14T13:12:13.9837980+08:00" endTime="2026-04-14T13:12:13.9837981+08:00" testType="13cdc9d9-ddb5-4fa4-a97d-d965ccfc6d4b" outcome="Passed" testListId="8c84fa94-04c1-424b-9868-57a2d4851a1d" relativeResultsDirectory="47669c52-ac92-4a19-b7ba-b43f2a59e1ad" />
    <UnitTestResult executionId="8c759bb5-824e-45c8-abc9-1c7ee316f2e8" testId="82acf256-f342-2e8d-5e90-102d6ff81593" testName="LAL.Tests.LinalgCore.MatrixOpsTests.MultiplyMatrixVector_Works" computerName="704DESKTOP" duration="00:00:00.0066527" startTime="2026-04-14T13:12:13.9683472+08:00" endTime="2026-04-14T13:12:13.9683619+08:00" testType="13cdc9d9-ddb5-4fa4-a97d-d965ccfc6d4b" outcome="Passed" testListId="8c84fa94-04c1-424b-9868-57a2d4851a1d" relativeResultsDirectory="8c759bb5-824e-45c8-abc9-1c7ee316f2e8" />
  </Results>
  <TestDefinitions>
    <UnitTest name="LAL.Tests.LinalgCore.MatrixOpsTests.Float_Operations_Work" storage="d:\project\lal\lal.tests\bin\release\net8.0\lal.tests.dll" id="b64c683b-a02d-413e-d167-b6617a0b2e32">
      <Execution id="47669c52-ac92-4a19-b7ba-b43f2a59e1ad" />
      <TestMethod codeBase="D:\Project\LAL\LAL.Tests\bin\Release\net8.0\LAL.Tests.dll" adapterTypeName="executor://xunit/VsTestRunner2/netcoreapp" className="LAL.Tests.LinalgCore.MatrixOpsTests" name="Float_Operations_Work" />
    </UnitTest>
    <UnitTest name="LAL.Tests.LinalgCore.MatrixOpsTests.AddSubtractAndDot_Work" storage="d:\project\lal\lal.tests\bin\release\net8.0\lal.tests.dll" id="bbce24d5-fb93-3127-48e5-cebb0feec38d">
      <Execution id="da7491c8-5c2f-4c89-b163-36422f9d531d" />
      <TestMethod codeBase="D:\Project\LAL\LAL.Tests\bin\Release\net8.0\LAL.Tests.dll" adapterTypeName="executor://xunit/VsTestRunner2/netcoreapp" className="LAL.Tests.LinalgCore.MatrixOpsTests" name="AddSubtractAndDot_Work" />
    </UnitTest>
    <UnitTest name="LAL.Tests.LinalgCore.MatrixOpsTests.MultiplyMatrixVector_Works" storage="d:\project\lal\lal.tests\bin\release\net8.0\lal.tests.dll" id="82acf256-f342-2e8d-5e90-102d6ff81593">
      <Execution id="8c759bb5-824e-45c8-abc9-1c7ee316f2e8" />
      <TestMethod codeBase="D:\Project\LAL\LAL.Tests\bin\Release\net8.0\LAL.Tests.dll" adapterTypeName="executor://xunit/VsTestRunner2/netcoreapp" className="LAL.Tests.LinalgCore.MatrixOpsTests" name="MultiplyMatrixVector_Works" />
    </UnitTest>
    <UnitTest name="LAL.Tests.LinalgCore.MatrixOpsTests.Complex_Operations_Work" storage="d:\project\lal\lal.tests\bin\release\net8.0\lal.tests.dll" id="1a99ebf1-befe-d439-2f5a-2cbe9c4c845b">
      <Execution id="a505c163-d8ae-4851-8f1f-21a1fc04b5f7" />
      <TestMethod codeBase="D:\Project\LAL\LAL.Tests\bin\Release\net8.0\LAL.Tests.dll" adapterTypeName="executor://xunit/VsTestRunner2/netcoreapp" className="LAL.Tests.LinalgCore.MatrixOpsTests" name="Complex_Operations_Work" />
    </UnitTest>
    <UnitTest name="LAL.Tests.LinalgCore.MatrixOpsTests.MultiplyMatrixMatrix_Works" storage="d:\project\lal\lal.tests\bin\release\net8.0\lal.tests.dll" id="3d592f73-e4d4-cade-bce5-2b98ad526dfc">
      <Execution id="efba80de-e013-4e6c-bb88-dc913b045d8a" />
      <TestMethod codeBase="D:\Project\LAL\LAL.Tests\bin\Release\net8.0\LAL.Tests.dll" adapterTypeName="executor://xunit/VsTestRunner2/netcoreapp" className="LAL.Tests.LinalgCore.MatrixOpsTests" name="MultiplyMatrixMatrix_Works" />
    </UnitTest>
  </TestDefinitions>
  <TestEntries>
    <TestEntry testId="1a99ebf1-befe-d439-2f5a-2cbe9c4c845b" executionId="a505c163-d8ae-4851-8f1f-21a1fc04b5f7" testListId="8c84fa94-04c1-424b-9868-57a2d4851a1d" />
    <TestEntry testId="3d592f73-e4d4-cade-bce5-2b98ad526dfc" executionId="efba80de-e013-4e6c-bb88-dc913b045d8a" testListId="8c84fa94-04c1-424b-9868-57a2d4851a1d" />
    <TestEntry testId="bbce24d5-fb93-3127-48e5-cebb0feec38d" executionId="da7491c8-5c2f-4c89-b163-36422f9d531d" testListId="8c84fa94-04c1-424b-9868-57a2d4851a1d" />
    <TestEntry testId="b64c683b-a02d-413e-d167-b6617a0b2e32" executionId="47669c52-ac92-4a19-b7ba-b43f2a59e1ad" testListId="8c84fa94-04c1-424b-9868-57a2d4851a1d" />
    <TestEntry testId="82acf256-f342-2e8d-5e90-102d6ff81593" executionId="8c759bb5-824e-45c8-abc9-1c7ee316f2e8" testListId="8c84fa94-04c1-424b-9868-57a2d4851a1d" />
  </TestEntries>
  <TestLists>
    <TestList name="不在清單中的結果" id="8c84fa94-04c1-424b-9868-57a2d4851a1d" />
    <TestList name="所有載入的結果" id="19431567-8539-422a-85d7-44ee4e166bda" />
  </TestLists>
  <ResultSummary outcome="Completed">
    <Counters total="5" executed="5" passed="5" failed="0" error="0" timeout="0" aborted="0" inconclusive="0" passedButRunAborted="0" notRunnable="0" notExecuted="0" disconnected="0" warning="0" completed="0" inProgress="0" pending="0" />
    <Output>
      <StdOut>[xUnit.net 00:00:00.00] xUnit.net VSTest Adapter v2.5.3.1+6b60a9e56a (64-bit .NET 8.0.25)&#xD;
[xUnit.net 00:00:00.05]   Discovering: LAL.Tests&#xD;
[xUnit.net 00:00:00.08]   Discovered:  LAL.Tests&#xD;
[xUnit.net 00:00:00.08]   Starting:    LAL.Tests&#xD;
[xUnit.net 00:00:00.14]   Finished:    LAL.Tests&#xD;
</StdOut>
    </Output>
  </ResultSummary>
</TestRun>