<?xml version="1.0" encoding="utf-8"?>
<TestRun id="1ae2cce0-f0d7-4c04-a3f6-03d480d0fefc" name="user@704DESKTOP 2026-04-14 13:12:24" runUser="704DESKTOP\user" xmlns="http://microsoft.com/schemas/VisualStudio/TeamTest/2010">
  <Times creation="2026-04-14T13:12:24.2125088+08:00" queuing="2026-04-14T13:12:24.2125093+08:00" start="2026-04-14T13:12:23.6965237+08:00" finish="2026-04-14T13:12:24.2165589+08:00" />
  <TestSettings name="default" id="6a2da90c-657a-4f71-80f7-e0b40655bde6">
    <Deployment runDeploymentRoot="user_704DESKTOP_2026-04-14_13_12_24" />
  </TestSettings>
  <Results>
    <UnitTestResult executionId="c69f375b-c354-4bec-8b22-d46cfd976b52" testId="b097790b-5de3-32d6-a712-1a42bc115b2a" testName="LAL.Tests.LinalgCore.VectorOpsTests.Complex_Operations_Work" computerName="704DESKTOP" duration="00:00:00.0020309" startTime="2026-04-14T13:12:24.1232221+08:00" endTime="2026-04-14T13:12:24.1232222+08:00" testType="13cdc9d9-ddb5-4fa4-a97d-d965ccfc6d4b" outcome="Passed" testListId="8c84fa94-04c1-424b-9868-57a2d4851a1d" relativeResultsDirectory="c69f375b-c354-4bec-8b22-d46cfd976b52" />
    <UnitTestResult executionId="639175dc-e75f-4898-9e2f-45efcfd77c6b" testId="817e052d-292f-aaae-49d5-6c6851b92ca9" testName="LAL.Tests.LinalgCore.VectorOpsTests.OuterProduct_Works" computerName="704DESKTOP" duration="00:00:00.0005079" startTime="2026-04-14T13:12:24.1237854+08:00" endTime="2026-04-14T13:12:24.1237855+08:00" testType="13cdc9d9-ddb5-4fa4-a97d-d965ccfc6d4b" outcome="Passed" testListId="8c84fa94-04c1-424b-9868-57a2d4851a1d" relativeResultsDirectory="639175dc-e75f-4898-9e2f-45efcfd77c6b" />
    <UnitTestResult executionId="d8a2f861-6489-488a-8c8b-820af05b2854" testId="77c85753-fa6c-2c54-d9df-919a71736358" testName="LAL.Tests.LinalgCore.VectorOpsTests.Float_Operations_Work" computerName="704DESKTOP" duration="00:00:00.0108076" startTime="2026-04-14T13:12:24.1194361+08:00" endTime="2026-04-14T13:12:24.1194501+08:00" testType="13cdc9d9-ddb5-4fa4-a97d-d965ccfc6d4b" outcome="Passed" testListId="8c84fa94-04c1-424b-9868-57a2d4851a1d" relativeResultsDirectory="d8a2f861-6489-488a-8c8b-820af05b2854" />
    <UnitTestResult executionId="9602ab5f-3539-4189-90fe-d2ee44b9ce04" testId="1041c6f5-e33f-2c48-b11e-9594374e7995" testName="LAL.Tests.LinalgCore.VectorOpsTests.AddAndSubtract_Work" computerName="704DESKTOP" duration="00:00:00.0003235" startTime="2026-04-14T13:12:24.1241544+08:00" endTime="2026-04-14T13:12:24.1241545+08:00" testType="13cdc9d9-ddb5-4fa4-a97d-d965ccfc6d4b" outcome="Passed" testListId="8c84fa94-04c1-424b-9868-57a2d4851a1d" relativeResultsDirectory="9602ab5f-3539-4189-90fe-d2ee44b9ce04" />
    <UnitTestResult executionId="895d08ba-e724-4093-afdc-8ba381da0709" testId="c3790114-7b9e-7ba7-9e6e-7bac2f12f8f2" testName="LAL.Tests.LinalgCore.VectorOpsTests.DotAndInnerProduct_AreEquivalent" computerName="704DESKTOP" duration="00:00:00.0020970" startTime="2026-04-14T13:12:24.1213158+08:00" endTime="2026-04-14T13:12:24.1213158+08:00" testType="13cdc9d9-ddb5-4fa4-a97d-d965ccfc6d4b" outcome="Passed" testListId="8c84fa94-04c1-424b-9868-57a2d4851a1d" relativeResultsDirectory="895d08ba-e724-4093-afdc-8ba381da0709" />
  </Results>
  <TestDefinitions>
    <UnitTest name="LAL.Tests.LinalgCore.VectorOpsTests.Float_Operations_Work" storage="d:\project\lal\lal.tests\bin\release\net8.0\lal.tests.dll" id="77c85753-fa6c-2c54-d9df-919a71736358">
      <Execution id="d8a2f861-6489-488a-8c8b-820af05b2854" />
      <TestMethod codeBase="D:\Project\LAL\LAL.Tests\bin\Release\net8.0\LAL.Tests.dll" adapterTypeName="executor://xunit/VsTestRunner2/netcoreapp" className="LAL.Tests.LinalgCore.VectorOpsTests" name="Float_Operations_Work" />
    </UnitTest>
    <UnitTest name="LAL.Tests.LinalgCore.VectorOpsTests.Complex_Operations_Work" storage="d:\project\lal\lal.tests\bin\release\net8.0\lal.tests.dll" id="b097790b-5de3-32d6-a712-1a42bc115b2a">
      <Execution id="c69f375b-c354-4bec-8b22-d46cfd976b52" />
      <TestMethod codeBase="D:\Project\LAL\LAL.Tests\bin\Release\net8.0\LAL.Tests.dll" adapterTypeName="executor://xunit/VsTestRunner2/netcoreapp" className="LAL.Tests.LinalgCore.VectorOpsTests" name="Complex_Operations_Work" />
    </UnitTest>
    <UnitTest name="LAL.Tests.LinalgCore.VectorOpsTests.AddAndSubtract_Work" storage="d:\project\lal\lal.tests\bin\release\net8.0\lal.tests.dll" id="1041c6f5-e33f-2c48-b11e-9594374e7995">
      <Execution id="9602ab5f-3539-4189-90fe-d2ee44b9ce04" />
      <TestMethod codeBase="D:\Project\LAL\LAL.Tests\bin\Release\net8.0\LAL.Tests.dll" adapterTypeName="executor://xunit/VsTestRunner2/netcoreapp" className="LAL.Tests.LinalgCore.VectorOpsTests" name="AddAndSubtract_Work" />
    </UnitTest>
    <UnitTest name="LAL.Tests.LinalgCore.VectorOpsTests.OuterProduct_Works" storage="d:\project\lal\lal.tests\bin\release\net8.0\lal.tests.dll" id="817e052d-292f-aaae-49d5-6c6851b92ca9">
      <Execution id="639175dc-e75f-4898-9e2f-45efcfd77c6b" />
      <TestMethod codeBase="D:\Project\LAL\LAL.Tests\bin\Release\net8.0\LAL.Tests.dll" adapterTypeName="executor://xunit/VsTestRunner2/netcoreapp" className="LAL.Tests.LinalgCore.VectorOpsTests" name="OuterProduct_Works" />
    </UnitTest>
    <UnitTest name="LAL.Tests.LinalgCore.VectorOpsTests.DotAndInnerProduct_AreEquivalent" storage="d:\project\lal\lal.tests\bin\release\net8.0\lal.tests.dll" id="c3790114-7b9e-7ba7-9e6e-7bac2f12f8f2">
      <Execution id="895d08ba-e724-4093-afdc-8ba381da0709" />
      <TestMethod codeBase="D:\Project\LAL\LAL.Tests\bin\Release\net8.0\LAL.Tests.dll" adapterTypeName="executor://xunit/VsTestRunner2/netcoreapp" className="LAL.Tests.LinalgCore.VectorOpsTests" name="DotAndInnerProduct_AreEquivalent" />
    </UnitTest>
  </TestDefinitions>
  <TestEntries>
    <TestEntry testId="b097790b-5de3-32d6-a712-1a42bc115b2a" executionId="c69f375b-c354-4bec-8b22-d46cfd976b52" testListId="8c84fa94-04c1-424b-9868-57a2d4851a1d" />
    <TestEntry testId="817e052d-292f-aaae-49d5-6c6851b92ca9" executionId="639175dc-e75f-4898-9e2f-45efcfd77c6b" testListId="8c84fa94-04c1-424b-9868-57a2d4851a1d" />
    <TestEntry testId="77c85753-fa6c-2c54-d9df-919a71736358" executionId="d8a2f861-6489-488a-8c8b-820af05b2854" testListId="8c84fa94-04c1-424b-9868-57a2d4851a1d" />
    <TestEntry testId="1041c6f5-e33f-2c48-b11e-9594374e7995" executionId="9602ab5f-3539-4189-90fe-d2ee44b9ce04" testListId="8c84fa94-04c1-424b-9868-57a2d4851a1d" />
    <TestEntry testId="c3790114-7b9e-7ba7-9e6e-7bac2f12f8f2" executionId="895d08ba-e724-4093-afdc-8ba381da0709" testListId="8c84fa94-04c1-424b-9868-57a2d4851a1d" />
  </TestEntries>
  <TestLists>
    <TestList name="不在清單中的結果" id="8c84fa94-04c1-424b-9868-57a2d4851a1d" />
    <TestList name="所有載入的結果" id="19431567-8539-422a-85d7-44ee4e166bda" />
  </TestLists>
  <ResultSummary outcome="Completed">
    <Counters total="5" executed="5" passed="5" failed="0" error="0" timeout="0" aborted="0" inconclusive="0" passedButRunAborted="0" notRunnable="0" notExecuted="0" disconnected="0" warning="0" completed="0" inProgress="0" pending="0" />
    <Output>
      <StdOut>[xUnit.net 00:00:00.00] xUnit.net VSTest Adapter v2.5.3.1+6b60a9e56a (64-bit .NET 8.0.25)&#xD;
[xUnit.net 00:00:00.05]   Discovering: LAL.Tests&#xD;
[xUnit.net 00:00:00.08]   Discovered:  LAL.Tests&#xD;
[xUnit.net 00:00:00.08]   Starting:    LAL.Tests&#xD;
[xUnit.net 00:00:00.13]   Finished:    LAL.Tests&#xD;
</StdOut>
    </Output>
  </ResultSummary>
</TestRun>