<?xml version="1.0" encoding="utf-8"?>
<TestRun id="e55b584e-9cc5-42e2-83de-6524242b85e0" name="user@704DESKTOP 2026-04-14 13:12:59" runUser="704DESKTOP\user" xmlns="http://microsoft.com/schemas/VisualStudio/TeamTest/2010">
  <Times creation="2026-04-14T13:12:59.1855462+08:00" queuing="2026-04-14T13:12:59.1855464+08:00" start="2026-04-14T13:12:58.6618576+08:00" finish="2026-04-14T13:12:59.1896986+08:00" />
  <TestSettings name="default" id="f06ee73d-2fc3-497c-9772-055e34c58924">
    <Deployment runDeploymentRoot="user_704DESKTOP_2026-04-14_13_12_59" />
  </TestSettings>
  <Results>
    <UnitTestResult executionId="093c7ed0-896d-4c10-bc2a-eb53134c1527" testId="0ff479a4-6f59-7469-7139-2f3cfd66694d" testName="LAL.Tests.TensorCore.TypeCoverageTests.EinsumConvolutionFft_SupportsFloatAndComplex" computerName="704DESKTOP" duration="00:00:00.0174216" startTime="2026-04-14T13:12:59.0940612+08:00" endTime="2026-04-14T13:12:59.0940613+08:00" testType="13cdc9d9-ddb5-4fa4-a97d-d965ccfc6d4b" outcome="Passed" testListId="8c84fa94-04c1-424b-9868-57a2d4851a1d" relativeResultsDirectory="093c7ed0-896d-4c10-bc2a-eb53134c1527" />
    <UnitTestResult executionId="296b20d9-3662-4be4-8e9b-58ba3ed26af8" testId="1fd9afab-46ae-38cf-fcf8-e1ca6d4f8f1b" testName="LAL.Tests.TensorCore.EinsumTests.Kronecker_Works" computerName="704DESKTOP" duration="00:00:00.0003980" startTime="2026-04-14T13:12:59.0938475+08:00" endTime="2026-04-14T13:12:59.0938475+08:00" testType="13cdc9d9-ddb5-4fa4-a97d-d965ccfc6d4b" outcome="Passed" testListId="8c84fa94-04c1-424b-9868-57a2d4851a1d" relativeResultsDirectory="296b20d9-3662-4be4-8e9b-58ba3ed26af8" />
    <UnitTestResult executionId="4076a785-4a24-4f1c-9feb-cff0095fba76" testId="da0b9aaa-6043-bb49-c543-63c573994ba2" testName="LAL.Tests.TensorCore.EinsumTests.DotProductPattern_Works" computerName="704DESKTOP" duration="00:00:00.0003654" startTime="2026-04-14T13:12:59.0940408+08:00" endTime="2026-04-14T13:12:59.0940408+08:00" testType="13cdc9d9-ddb5-4fa4-a97d-d965ccfc6d4b" outcome="Passed" testListId="8c84fa94-04c1-424b-9868-57a2d4851a1d" relativeResultsDirectory="4076a785-4a24-4f1c-9feb-cff0095fba76" />
    <UnitTestResult executionId="5fc959ab-1b74-4e35-b6b8-5241360cfb6a" testId="1dbd5cad-eaba-d85e-4d7d-0baa8a87db1b" testName="LAL.Tests.TensorCore.EinsumTests.MatrixMultiplyPattern_Works" computerName="704DESKTOP" duration="00:00:00.0142270" startTime="2026-04-14T13:12:59.0918623+08:00" endTime="2026-04-14T13:12:59.0918770+08:00" testType="13cdc9d9-ddb5-4fa4-a97d-d965ccfc6d4b" outcome="Passed" testListId="8c84fa94-04c1-424b-9868-57a2d4851a1d" relativeResultsDirectory="5fc959ab-1b74-4e35-b6b8-5241360cfb6a" />
  </Results>
  <TestDefinitions>
    <UnitTest name="LAL.Tests.TensorCore.EinsumTests.Kronecker_Works" storage="d:\project\lal\lal.tests\bin\release\net8.0\lal.tests.dll" id="1fd9afab-46ae-38cf-fcf8-e1ca6d4f8f1b">
      <Execution id="296b20d9-3662-4be4-8e9b-58ba3ed26af8" />
      <TestMethod codeBase="D:\Project\LAL\LAL.Tests\bin\Release\net8.0\LAL.Tests.dll" adapterTypeName="executor://xunit/VsTestRunner2/netcoreapp" className="LAL.Tests.TensorCore.EinsumTests" name="Kronecker_Works" />
    </UnitTest>
    <UnitTest name="LAL.Tests.TensorCore.TypeCoverageTests.EinsumConvolutionFft_SupportsFloatAndComplex" storage="d:\project\lal\lal.tests\bin\release\net8.0\lal.tests.dll" id="0ff479a4-6f59-7469-7139-2f3cfd66694d">
      <Execution id="093c7ed0-896d-4c10-bc2a-eb53134c1527" />
      <TestMethod codeBase="D:\Project\LAL\LAL.Tests\bin\Release\net8.0\LAL.Tests.dll" adapterTypeName="executor://xunit/VsTestRunner2/netcoreapp" className="LAL.Tests.TensorCore.TypeCoverageTests" name="EinsumConvolutionFft_SupportsFloatAndComplex" />
    </UnitTest>
    <UnitTest name="LAL.Tests.TensorCore.EinsumTests.MatrixMultiplyPattern_Works" storage="d:\project\lal\lal.tests\bin\release\net8.0\lal.tests.dll" id="1dbd5cad-eaba-d85e-4d7d-0baa8a87db1b">
      <Execution id="5fc959ab-1b74-4e35-b6b8-5241360cfb6a" />
      <TestMethod codeBase="D:\Project\LAL\LAL.Tests\bin\Release\net8.0\LAL.Tests.dll" adapterTypeName="executor://xunit/VsTestRunner2/netcoreapp" className="LAL.Tests.TensorCore.EinsumTests" name="MatrixMultiplyPattern_Works" />
    </UnitTest>
    <UnitTest name="LAL.Tests.TensorCore.EinsumTests.DotProductPattern_Works" storage="d:\project\lal\lal.tests\bin\release\net8.0\lal.tests.dll" id="da0b9aaa-6043-bb49-c543-63c573994ba2">
      <Execution id="4076a785-4a24-4f1c-9feb-cff0095fba76" />
      <TestMethod codeBase="D:\Project\LAL\LAL.Tests\bin\Release\net8.0\LAL.Tests.dll" adapterTypeName="executor://xunit/VsTestRunner2/netcoreapp" className="LAL.Tests.TensorCore.EinsumTests" name="DotProductPattern_Works" />
    </UnitTest>
  </TestDefinitions>
  <TestEntries>
    <TestEntry testId="0ff479a4-6f59-7469-7139-2f3cfd66694d" executionId="093c7ed0-896d-4c10-bc2a-eb53134c1527" testListId="8c84fa94-04c1-424b-9868-57a2d4851a1d" />
    <TestEntry testId="1fd9afab-46ae-38cf-fcf8-e1ca6d4f8f1b" executionId="296b20d9-3662-4be4-8e9b-58ba3ed26af8" testListId="8c84fa94-04c1-424b-9868-57a2d4851a1d" />
    <TestEntry testId="da0b9aaa-6043-bb49-c543-63c573994ba2" executionId="4076a785-4a24-4f1c-9feb-cff0095fba76" testListId="8c84fa94-04c1-424b-9868-57a2d4851a1d" />
    <TestEntry testId="1dbd5cad-eaba-d85e-4d7d-0baa8a87db1b" executionId="5fc959ab-1b74-4e35-b6b8-5241360cfb6a" testListId="8c84fa94-04c1-424b-9868-57a2d4851a1d" />
  </TestEntries>
  <TestLists>
    <TestList name="不在清單中的結果" id="8c84fa94-04c1-424b-9868-57a2d4851a1d" />
    <TestList name="所有載入的結果" id="19431567-8539-422a-85d7-44ee4e166bda" />
  </TestLists>
  <ResultSummary outcome="Completed">
    <Counters total="4" executed="4" passed="4" failed="0" error="0" timeout="0" aborted="0" inconclusive="0" passedButRunAborted="0" notRunnable="0" notExecuted="0" disconnected="0" warning="0" completed="0" inProgress="0" pending="0" />
    <Output>
      <StdOut>[xUnit.net 00:00:00.00] xUnit.net VSTest Adapter v2.5.3.1+6b60a9e56a (64-bit .NET 8.0.25)&#xD;
[xUnit.net 00:00:00.05]   Discovering: LAL.Tests&#xD;
[xUnit.net 00:00:00.08]   Discovered:  LAL.Tests&#xD;
[xUnit.net 00:00:00.08]   Starting:    LAL.Tests&#xD;
[xUnit.net 00:00:00.13]   Finished:    LAL.Tests&#xD;
</StdOut>
    </Output>
  </ResultSummary>
</TestRun>