<?xml version="1.0" encoding="utf-8"?>
<TestRun id="d1bbfb23-7bdf-4ad9-b5cd-333217b288a9" name="user@704DESKTOP 2026-04-14 13:13:05" runUser="704DESKTOP\user" xmlns="http://microsoft.com/schemas/VisualStudio/TeamTest/2010">
  <Times creation="2026-04-14T13:13:05.6307132+08:00" queuing="2026-04-14T13:13:05.6307138+08:00" start="2026-04-14T13:13:05.0864120+08:00" finish="2026-04-14T13:13:05.6345772+08:00" />
  <TestSettings name="default" id="41be59b9-c29d-4f80-bfaa-c15ea2313b4e">
    <Deployment runDeploymentRoot="user_704DESKTOP_2026-04-14_13_13_05" />
  </TestSettings>
  <Results>
    <UnitTestResult executionId="1590127b-c8aa-4f8e-a58e-e79ce6b8dbc6" testId="34e55132-c91a-73be-9275-59d127324d05" testName="LAL.Tests.TensorCore.ShapeOpsTests.SwapAxes2D_Work" computerName="704DESKTOP" duration="00:00:00.0001425" startTime="2026-04-14T13:13:05.5292700+08:00" endTime="2026-04-14T13:13:05.5292700+08:00" testType="13cdc9d9-ddb5-4fa4-a97d-d965ccfc6d4b" outcome="Passed" testListId="8c84fa94-04c1-424b-9868-57a2d4851a1d" relativeResultsDirectory="1590127b-c8aa-4f8e-a58e-e79ce6b8dbc6" />
    <UnitTestResult executionId="b77e4357-f11b-4381-bfe3-fb36a9828424" testId="2fac7d55-1140-5bc6-57e6-d1ec6369cf33" testName="LAL.Tests.TensorCore.ShapeOpsTests.ReshapeCopy_AndTranspose2D_Work" computerName="704DESKTOP" duration="00:00:00.0071184" startTime="2026-04-14T13:13:05.5271859+08:00" endTime="2026-04-14T13:13:05.5272191+08:00" testType="13cdc9d9-ddb5-4fa4-a97d-d965ccfc6d4b" outcome="Passed" testListId="8c84fa94-04c1-424b-9868-57a2d4851a1d" relativeResultsDirectory="b77e4357-f11b-4381-bfe3-fb36a9828424" />
    <UnitTestResult executionId="d383d1ef-e245-45d3-8493-380a5c4a8099" testId="c3474422-89f1-623c-7b7d-a3b0e0635b88" testName="LAL.Tests.TensorCore.ShapeOpsTests.FlattenAndShapeTransforms_Work" computerName="704DESKTOP" duration="00:00:00.0011338" startTime="2026-04-14T13:13:05.5290653+08:00" endTime="2026-04-14T13:13:05.5290653+08:00" testType="13cdc9d9-ddb5-4fa4-a97d-d965ccfc6d4b" outcome="Passed" testListId="8c84fa94-04c1-424b-9868-57a2d4851a1d" relativeResultsDirectory="d383d1ef-e245-45d3-8493-380a5c4a8099" />
  </Results>
  <TestDefinitions>
    <UnitTest name="LAL.Tests.TensorCore.ShapeOpsTests.FlattenAndShapeTransforms_Work" storage="d:\project\lal\lal.tests\bin\release\net8.0\lal.tests.dll" id="c3474422-89f1-623c-7b7d-a3b0e0635b88">
      <Execution id="d383d1ef-e245-45d3-8493-380a5c4a8099" />
      <TestMethod codeBase="D:\Project\LAL\LAL.Tests\bin\Release\net8.0\LAL.Tests.dll" adapterTypeName="executor://xunit/VsTestRunner2/netcoreapp" className="LAL.Tests.TensorCore.ShapeOpsTests" name="FlattenAndShapeTransforms_Work" />
    </UnitTest>
    <UnitTest name="LAL.Tests.TensorCore.ShapeOpsTests.SwapAxes2D_Work" storage="d:\project\lal\lal.tests\bin\release\net8.0\lal.tests.dll" id="34e55132-c91a-73be-9275-59d127324d05">
      <Execution id="1590127b-c8aa-4f8e-a58e-e79ce6b8dbc6" />
      <TestMethod codeBase="D:\Project\LAL\LAL.Tests\bin\Release\net8.0\LAL.Tests.dll" adapterTypeName="executor://xunit/VsTestRunner2/netcoreapp" className="LAL.Tests.TensorCore.ShapeOpsTests" name="SwapAxes2D_Work" />
    </UnitTest>
    <UnitTest name="LAL.Tests.TensorCore.ShapeOpsTests.ReshapeCopy_AndTranspose2D_Work" storage="d:\project\lal\lal.tests\bin\release\net8.0\lal.tests.dll" id="2fac7d55-1140-5bc6-57e6-d1ec6369cf33">
      <Execution id="b77e4357-f11b-4381-bfe3-fb36a9828424" />
      <TestMethod codeBase="D:\Project\LAL\LAL.Tests\bin\Release\net8.0\LAL.Tests.dll" adapterTypeName="executor://xunit/VsTestRunner2/netcoreapp" className="LAL.Tests.TensorCore.ShapeOpsTests" name="ReshapeCopy_AndTranspose2D_Work" />
    </UnitTest>
  </TestDefinitions>
  <TestEntries>
    <TestEntry testId="34e55132-c91a-73be-9275-59d127324d05" executionId="1590127b-c8aa-4f8e-a58e-e79ce6b8dbc6" testListId="8c84fa94-04c1-424b-9868-57a2d4851a1d" />
    <TestEntry testId="2fac7d55-1140-5bc6-57e6-d1ec6369cf33" executionId="b77e4357-f11b-4381-bfe3-fb36a9828424" testListId="8c84fa94-04c1-424b-9868-57a2d4851a1d" />
    <TestEntry testId="c3474422-89f1-623c-7b7d-a3b0e0635b88" executionId="d383d1ef-e245-45d3-8493-380a5c4a8099" testListId="8c84fa94-04c1-424b-9868-57a2d4851a1d" />
  </TestEntries>
  <TestLists>
    <TestList name="不在清單中的結果" id="8c84fa94-04c1-424b-9868-57a2d4851a1d" />
    <TestList name="所有載入的結果" id="19431567-8539-422a-85d7-44ee4e166bda" />
  </TestLists>
  <ResultSummary outcome="Completed">
    <Counters total="3" executed="3" passed="3" failed="0" error="0" timeout="0" aborted="0" inconclusive="0" passedButRunAborted="0" notRunnable="0" notExecuted="0" disconnected="0" warning="0" completed="0" inProgress="0" pending="0" />
    <Output>
      <StdOut>[xUnit.net 00:00:00.00] xUnit.net VSTest Adapter v2.5.3.1+6b60a9e56a (64-bit .NET 8.0.25)&#xD;
[xUnit.net 00:00:00.05]   Discovering: LAL.Tests&#xD;
[xUnit.net 00:00:00.09]   Discovered:  LAL.Tests&#xD;
[xUnit.net 00:00:00.09]   Starting:    LAL.Tests&#xD;
[xUnit.net 00:00:00.13]   Finished:    LAL.Tests&#xD;
</StdOut>
    </Output>
  </ResultSummary>
</TestRun>