<?xml version="1.0" encoding="utf-8"?>
<TestRun id="3510e046-6893-4699-a54a-a93bd41c5dcf" name="user@704DESKTOP 2026-04-14 13:12:30" runUser="704DESKTOP\user" xmlns="http://microsoft.com/schemas/VisualStudio/TeamTest/2010">
  <Times creation="2026-04-14T13:12:30.4116457+08:00" queuing="2026-04-14T13:12:30.4116459+08:00" start="2026-04-14T13:12:29.8843635+08:00" finish="2026-04-14T13:12:30.4161587+08:00" />
  <TestSettings name="default" id="bd41c3e4-0189-466a-95b6-4f6056a641ed">
    <Deployment runDeploymentRoot="user_704DESKTOP_2026-04-14_13_12_30" />
  </TestSettings>
  <Results>
    <UnitTestResult executionId="ee1c8e5c-b75a-474f-b91a-84d2db77822c" testId="44a204a8-2c4b-5c04-37b2-6fb4d9f12d2a" testName="LAL.Tests.NumericalCore.Interpolation.SplineTests.NaturalCubic_Float_ReproducesLinearData" computerName="704DESKTOP" duration="00:00:00.0023310" startTime="2026-04-14T13:12:30.3208974+08:00" endTime="2026-04-14T13:12:30.3208975+08:00" testType="13cdc9d9-ddb5-4fa4-a97d-d965ccfc6d4b" outcome="Passed" testListId="8c84fa94-04c1-424b-9868-57a2d4851a1d" relativeResultsDirectory="ee1c8e5c-b75a-474f-b91a-84d2db77822c" />
    <UnitTestResult executionId="b558fa79-f400-453c-9d99-bb9ca1a1e6ff" testId="fa53f2b0-619d-e81f-cdc0-b8ffa40baa7b" testName="LAL.Tests.NumericalCore.Interpolation.SplineTests.NaturalCubic_ReproducesLinearData" computerName="704DESKTOP" duration="00:00:00.0042037" startTime="2026-04-14T13:12:30.3169832+08:00" endTime="2026-04-14T13:12:30.3169975+08:00" testType="13cdc9d9-ddb5-4fa4-a97d-d965ccfc6d4b" outcome="Passed" testListId="8c84fa94-04c1-424b-9868-57a2d4851a1d" relativeResultsDirectory="b558fa79-f400-453c-9d99-bb9ca1a1e6ff" />
    <UnitTestResult executionId="6912e947-0dab-4072-9112-06eedca14ca2" testId="0d5f4ca7-2511-50ff-9813-24ba331c3c7f" testName="LAL.Tests.NumericalCore.Interpolation.SplineTests.NaturalCubic_ComplexValues_ReproducesLinearData" computerName="704DESKTOP" duration="00:00:00.0020676" startTime="2026-04-14T13:12:30.3188525+08:00" endTime="2026-04-14T13:12:30.3188526+08:00" testType="13cdc9d9-ddb5-4fa4-a97d-d965ccfc6d4b" outcome="Passed" testListId="8c84fa94-04c1-424b-9868-57a2d4851a1d" relativeResultsDirectory="6912e947-0dab-4072-9112-06eedca14ca2" />
  </Results>
  <TestDefinitions>
    <UnitTest name="LAL.Tests.NumericalCore.Interpolation.SplineTests.NaturalCubic_ReproducesLinearData" storage="d:\project\lal\lal.tests\bin\release\net8.0\lal.tests.dll" id="fa53f2b0-619d-e81f-cdc0-b8ffa40baa7b">
      <Execution id="b558fa79-f400-453c-9d99-bb9ca1a1e6ff" />
      <TestMethod codeBase="D:\Project\LAL\LAL.Tests\bin\Release\net8.0\LAL.Tests.dll" adapterTypeName="executor://xunit/VsTestRunner2/netcoreapp" className="LAL.Tests.NumericalCore.Interpolation.SplineTests" name="NaturalCubic_ReproducesLinearData" />
    </UnitTest>
    <UnitTest name="LAL.Tests.NumericalCore.Interpolation.SplineTests.NaturalCubic_Float_ReproducesLinearData" storage="d:\project\lal\lal.tests\bin\release\net8.0\lal.tests.dll" id="44a204a8-2c4b-5c04-37b2-6fb4d9f12d2a">
      <Execution id="ee1c8e5c-b75a-474f-b91a-84d2db77822c" />
      <TestMethod codeBase="D:\Project\LAL\LAL.Tests\bin\Release\net8.0\LAL.Tests.dll" adapterTypeName="executor://xunit/VsTestRunner2/netcoreapp" className="LAL.Tests.NumericalCore.Interpolation.SplineTests" name="NaturalCubic_Float_ReproducesLinearData" />
    </UnitTest>
    <UnitTest name="LAL.Tests.NumericalCore.Interpolation.SplineTests.NaturalCubic_ComplexValues_ReproducesLinearData" storage="d:\project\lal\lal.tests\bin\release\net8.0\lal.tests.dll" id="0d5f4ca7-2511-50ff-9813-24ba331c3c7f">
      <Execution id="6912e947-0dab-4072-9112-06eedca14ca2" />
      <TestMethod codeBase="D:\Project\LAL\LAL.Tests\bin\Release\net8.0\LAL.Tests.dll" adapterTypeName="executor://xunit/VsTestRunner2/netcoreapp" className="LAL.Tests.NumericalCore.Interpolation.SplineTests" name="NaturalCubic_ComplexValues_ReproducesLinearData" />
    </UnitTest>
  </TestDefinitions>
  <TestEntries>
    <TestEntry testId="44a204a8-2c4b-5c04-37b2-6fb4d9f12d2a" executionId="ee1c8e5c-b75a-474f-b91a-84d2db77822c" testListId="8c84fa94-04c1-424b-9868-57a2d4851a1d" />
    <TestEntry testId="fa53f2b0-619d-e81f-cdc0-b8ffa40baa7b" executionId="b558fa79-f400-453c-9d99-bb9ca1a1e6ff" testListId="8c84fa94-04c1-424b-9868-57a2d4851a1d" />
    <TestEntry testId="0d5f4ca7-2511-50ff-9813-24ba331c3c7f" executionId="6912e947-0dab-4072-9112-06eedca14ca2" testListId="8c84fa94-04c1-424b-9868-57a2d4851a1d" />
  </TestEntries>
  <TestLists>
    <TestList name="不在清單中的結果" id="8c84fa94-04c1-424b-9868-57a2d4851a1d" />
    <TestList name="所有載入的結果" id="19431567-8539-422a-85d7-44ee4e166bda" />
  </TestLists>
  <ResultSummary outcome="Completed">
    <Counters total="3" executed="3" passed="3" failed="0" error="0" timeout="0" aborted="0" inconclusive="0" passedButRunAborted="0" notRunnable="0" notExecuted="0" disconnected="0" warning="0" completed="0" inProgress="0" pending="0" />
    <Output>
      <StdOut>[xUnit.net 00:00:00.00] xUnit.net VSTest Adapter v2.5.3.1+6b60a9e56a (64-bit .NET 8.0.25)&#xD;
[xUnit.net 00:00:00.05]   Discovering: LAL.Tests&#xD;
[xUnit.net 00:00:00.08]   Discovered:  LAL.Tests&#xD;
[xUnit.net 00:00:00.09]   Starting:    LAL.Tests&#xD;
[xUnit.net 00:00:00.13]   Finished:    LAL.Tests&#xD;
</StdOut>
    </Output>
  </ResultSummary>
</TestRun>