<?xml version="1.0" encoding="utf-8"?>
<TestRun id="77192f98-d43b-4829-9e0e-13f7084119aa" name="user@704DESKTOP 2026-04-14 13:12:57" runUser="704DESKTOP\user" xmlns="http://microsoft.com/schemas/VisualStudio/TeamTest/2010">
  <Times creation="2026-04-14T13:12:57.9349285+08:00" queuing="2026-04-14T13:12:57.9349287+08:00" start="2026-04-14T13:12:57.4195206+08:00" finish="2026-04-14T13:12:57.9388098+08:00" />
  <TestSettings name="default" id="53319f30-4d3c-4b7b-b3c1-b448caca97cf">
    <Deployment runDeploymentRoot="user_704DESKTOP_2026-04-14_13_12_57" />
  </TestSettings>
  <Results>
    <UnitTestResult executionId="94761a75-3d15-4612-a84f-fb6b20440628" testId="ba098830-9239-cc6a-9f7c-ee3868a90c2c" testName="LAL.Tests.TensorCore.TypeCoverageTests.ReductionsMaskSortCumulative_SupportsFloatAndComplex" computerName="704DESKTOP" duration="00:00:00.0110515" startTime="2026-04-14T13:12:57.8495727+08:00" endTime="2026-04-14T13:12:57.8495727+08:00" testType="13cdc9d9-ddb5-4fa4-a97d-d965ccfc6d4b" outcome="Passed" testListId="8c84fa94-04c1-424b-9868-57a2d4851a1d" relativeResultsDirectory="94761a75-3d15-4612-a84f-fb6b20440628" />
    <UnitTestResult executionId="317538cc-1216-4f08-a5ea-ceeec524972e" testId="fa38d066-044c-3fda-7a44-1506dccfcf1a" testName="LAL.Tests.TensorCore.CumulativeTests.CumProd_Works" computerName="704DESKTOP" duration="00:00:00.0001896" startTime="2026-04-14T13:12:57.8493711+08:00" endTime="2026-04-14T13:12:57.8493711+08:00" testType="13cdc9d9-ddb5-4fa4-a97d-d965ccfc6d4b" outcome="Passed" testListId="8c84fa94-04c1-424b-9868-57a2d4851a1d" relativeResultsDirectory="317538cc-1216-4f08-a5ea-ceeec524972e" />
    <UnitTestResult executionId="c3d252ba-1672-49fa-8772-11f1af68ca38" testId="bc728bda-1495-f1fc-6de0-0f9fba680aa8" testName="LAL.Tests.TensorCore.CumulativeTests.CumSum_Works" computerName="704DESKTOP" duration="00:00:00.0070149" startTime="2026-04-14T13:12:57.8472848+08:00" endTime="2026-04-14T13:12:57.8472988+08:00" testType="13cdc9d9-ddb5-4fa4-a97d-d965ccfc6d4b" outcome="Passed" testListId="8c84fa94-04c1-424b-9868-57a2d4851a1d" relativeResultsDirectory="c3d252ba-1672-49fa-8772-11f1af68ca38" />
  </Results>
  <TestDefinitions>
    <UnitTest name="LAL.Tests.TensorCore.CumulativeTests.CumSum_Works" storage="d:\project\lal\lal.tests\bin\release\net8.0\lal.tests.dll" id="bc728bda-1495-f1fc-6de0-0f9fba680aa8">
      <Execution id="c3d252ba-1672-49fa-8772-11f1af68ca38" />
      <TestMethod codeBase="D:\Project\LAL\LAL.Tests\bin\Release\net8.0\LAL.Tests.dll" adapterTypeName="executor://xunit/VsTestRunner2/netcoreapp" className="LAL.Tests.TensorCore.CumulativeTests" name="CumSum_Works" />
    </UnitTest>
    <UnitTest name="LAL.Tests.TensorCore.CumulativeTests.CumProd_Works" storage="d:\project\lal\lal.tests\bin\release\net8.0\lal.tests.dll" id="fa38d066-044c-3fda-7a44-1506dccfcf1a">
      <Execution id="317538cc-1216-4f08-a5ea-ceeec524972e" />
      <TestMethod codeBase="D:\Project\LAL\LAL.Tests\bin\Release\net8.0\LAL.Tests.dll" adapterTypeName="executor://xunit/VsTestRunner2/netcoreapp" className="LAL.Tests.TensorCore.CumulativeTests" name="CumProd_Works" />
    </UnitTest>
    <UnitTest name="LAL.Tests.TensorCore.TypeCoverageTests.ReductionsMaskSortCumulative_SupportsFloatAndComplex" storage="d:\project\lal\lal.tests\bin\release\net8.0\lal.tests.dll" id="ba098830-9239-cc6a-9f7c-ee3868a90c2c">
      <Execution id="94761a75-3d15-4612-a84f-fb6b20440628" />
      <TestMethod codeBase="D:\Project\LAL\LAL.Tests\bin\Release\net8.0\LAL.Tests.dll" adapterTypeName="executor://xunit/VsTestRunner2/netcoreapp" className="LAL.Tests.TensorCore.TypeCoverageTests" name="ReductionsMaskSortCumulative_SupportsFloatAndComplex" />
    </UnitTest>
  </TestDefinitions>
  <TestEntries>
    <TestEntry testId="ba098830-9239-cc6a-9f7c-ee3868a90c2c" executionId="94761a75-3d15-4612-a84f-fb6b20440628" testListId="8c84fa94-04c1-424b-9868-57a2d4851a1d" />
    <TestEntry testId="fa38d066-044c-3fda-7a44-1506dccfcf1a" executionId="317538cc-1216-4f08-a5ea-ceeec524972e" testListId="8c84fa94-04c1-424b-9868-57a2d4851a1d" />
    <TestEntry testId="bc728bda-1495-f1fc-6de0-0f9fba680aa8" executionId="c3d252ba-1672-49fa-8772-11f1af68ca38" testListId="8c84fa94-04c1-424b-9868-57a2d4851a1d" />
  </TestEntries>
  <TestLists>
    <TestList name="不在清單中的結果" id="8c84fa94-04c1-424b-9868-57a2d4851a1d" />
    <TestList name="所有載入的結果" id="19431567-8539-422a-85d7-44ee4e166bda" />
  </TestLists>
  <ResultSummary outcome="Completed">
    <Counters total="3" executed="3" passed="3" failed="0" error="0" timeout="0" aborted="0" inconclusive="0" passedButRunAborted="0" notRunnable="0" notExecuted="0" disconnected="0" warning="0" completed="0" inProgress="0" pending="0" />
    <Output>
      <StdOut>[xUnit.net 00:00:00.00] xUnit.net VSTest Adapter v2.5.3.1+6b60a9e56a (64-bit .NET 8.0.25)&#xD;
[xUnit.net 00:00:00.05]   Discovering: LAL.Tests&#xD;
[xUnit.net 00:00:00.08]   Discovered:  LAL.Tests&#xD;
[xUnit.net 00:00:00.09]   Starting:    LAL.Tests&#xD;
[xUnit.net 00:00:00.13]   Finished:    LAL.Tests&#xD;
</StdOut>
    </Output>
  </ResultSummary>
</TestRun>