<?xml version="1.0" encoding="utf-8"?>
<TestRun id="d53174dc-27e2-4574-acf8-fa321dc3ae18" name="user@704DESKTOP 2026-04-14 13:13:10" runUser="704DESKTOP\user" xmlns="http://microsoft.com/schemas/VisualStudio/TeamTest/2010">
  <Times creation="2026-04-14T13:13:10.7524606+08:00" queuing="2026-04-14T13:13:10.7524609+08:00" start="2026-04-14T13:13:10.1851817+08:00" finish="2026-04-14T13:13:10.7570983+08:00" />
  <TestSettings name="default" id="07093b20-18c4-45c5-81c9-38c7b93af49d">
    <Deployment runDeploymentRoot="user_704DESKTOP_2026-04-14_13_13_10" />
  </TestSettings>
  <Results>
    <UnitTestResult executionId="2f0229ca-4349-4cd1-b2c1-487a6936b85b" testId="706b7113-2acc-9476-5283-04829101328a" testName="LAL.Tests.TensorCore.UFuncArithmeticTests.Power_ComputesScalarAndElementwiseExponent" computerName="704DESKTOP" duration="00:00:00.0003267" startTime="2026-04-14T13:13:10.6464276+08:00" endTime="2026-04-14T13:13:10.6464276+08:00" testType="13cdc9d9-ddb5-4fa4-a97d-d965ccfc6d4b" outcome="Passed" testListId="8c84fa94-04c1-424b-9868-57a2d4851a1d" relativeResultsDirectory="2f0229ca-4349-4cd1-b2c1-487a6936b85b" />
    <UnitTestResult executionId="0073a8a5-43c5-4bc4-aea2-a34a92e61701" testId="7feaebf8-bb06-f4ef-b8d6-5f312b17d53f" testName="LAL.Tests.TensorCore.UFuncArithmeticTests.Divide_ComputesElementwiseQuotient" computerName="704DESKTOP" duration="00:00:00.0001466" startTime="2026-04-14T13:13:10.6464446+08:00" endTime="2026-04-14T13:13:10.6464446+08:00" testType="13cdc9d9-ddb5-4fa4-a97d-d965ccfc6d4b" outcome="Passed" testListId="8c84fa94-04c1-424b-9868-57a2d4851a1d" relativeResultsDirectory="0073a8a5-43c5-4bc4-aea2-a34a92e61701" />
    <UnitTestResult executionId="82ce3946-c8ff-4db8-a704-6e48f2c2a28c" testId="fad2fa2f-5e97-0ea9-fae8-0ac7b2919669" testName="LAL.Tests.TensorCore.UFuncArithmeticTests.Add_ComputesElementwiseSum" computerName="704DESKTOP" duration="00:00:00.0102593" startTime="2026-04-14T13:13:10.6442445+08:00" endTime="2026-04-14T13:13:10.6442698+08:00" testType="13cdc9d9-ddb5-4fa4-a97d-d965ccfc6d4b" outcome="Passed" testListId="8c84fa94-04c1-424b-9868-57a2d4851a1d" relativeResultsDirectory="82ce3946-c8ff-4db8-a704-6e48f2c2a28c" />
    <UnitTestResult executionId="d64603f4-47b6-4c63-a18b-544161d45caa" testId="98d33923-6e00-1bf2-4531-f85f712c8337" testName="LAL.Tests.TensorCore.UFuncArithmeticTests.Multiply_ComputesElementwiseProduct" computerName="704DESKTOP" duration="00:00:00.0001845" startTime="2026-04-14T13:13:10.6462101+08:00" endTime="2026-04-14T13:13:10.6462101+08:00" testType="13cdc9d9-ddb5-4fa4-a97d-d965ccfc6d4b" outcome="Passed" testListId="8c84fa94-04c1-424b-9868-57a2d4851a1d" relativeResultsDirectory="d64603f4-47b6-4c63-a18b-544161d45caa" />
  </Results>
  <TestDefinitions>
    <UnitTest name="LAL.Tests.TensorCore.UFuncArithmeticTests.Multiply_ComputesElementwiseProduct" storage="d:\project\lal\lal.tests\bin\release\net8.0\lal.tests.dll" id="98d33923-6e00-1bf2-4531-f85f712c8337">
      <Execution id="d64603f4-47b6-4c63-a18b-544161d45caa" />
      <TestMethod codeBase="D:\Project\LAL\LAL.Tests\bin\Release\net8.0\LAL.Tests.dll" adapterTypeName="executor://xunit/VsTestRunner2/netcoreapp" className="LAL.Tests.TensorCore.UFuncArithmeticTests" name="Multiply_ComputesElementwiseProduct" />
    </UnitTest>
    <UnitTest name="LAL.Tests.TensorCore.UFuncArithmeticTests.Add_ComputesElementwiseSum" storage="d:\project\lal\lal.tests\bin\release\net8.0\lal.tests.dll" id="fad2fa2f-5e97-0ea9-fae8-0ac7b2919669">
      <Execution id="82ce3946-c8ff-4db8-a704-6e48f2c2a28c" />
      <TestMethod codeBase="D:\Project\LAL\LAL.Tests\bin\Release\net8.0\LAL.Tests.dll" adapterTypeName="executor://xunit/VsTestRunner2/netcoreapp" className="LAL.Tests.TensorCore.UFuncArithmeticTests" name="Add_ComputesElementwiseSum" />
    </UnitTest>
    <UnitTest name="LAL.Tests.TensorCore.UFuncArithmeticTests.Power_ComputesScalarAndElementwiseExponent" storage="d:\project\lal\lal.tests\bin\release\net8.0\lal.tests.dll" id="706b7113-2acc-9476-5283-04829101328a">
      <Execution id="2f0229ca-4349-4cd1-b2c1-487a6936b85b" />
      <TestMethod codeBase="D:\Project\LAL\LAL.Tests\bin\Release\net8.0\LAL.Tests.dll" adapterTypeName="executor://xunit/VsTestRunner2/netcoreapp" className="LAL.Tests.TensorCore.UFuncArithmeticTests" name="Power_ComputesScalarAndElementwiseExponent" />
    </UnitTest>
    <UnitTest name="LAL.Tests.TensorCore.UFuncArithmeticTests.Divide_ComputesElementwiseQuotient" storage="d:\project\lal\lal.tests\bin\release\net8.0\lal.tests.dll" id="7feaebf8-bb06-f4ef-b8d6-5f312b17d53f">
      <Execution id="0073a8a5-43c5-4bc4-aea2-a34a92e61701" />
      <TestMethod codeBase="D:\Project\LAL\LAL.Tests\bin\Release\net8.0\LAL.Tests.dll" adapterTypeName="executor://xunit/VsTestRunner2/netcoreapp" className="LAL.Tests.TensorCore.UFuncArithmeticTests" name="Divide_ComputesElementwiseQuotient" />
    </UnitTest>
  </TestDefinitions>
  <TestEntries>
    <TestEntry testId="706b7113-2acc-9476-5283-04829101328a" executionId="2f0229ca-4349-4cd1-b2c1-487a6936b85b" testListId="8c84fa94-04c1-424b-9868-57a2d4851a1d" />
    <TestEntry testId="7feaebf8-bb06-f4ef-b8d6-5f312b17d53f" executionId="0073a8a5-43c5-4bc4-aea2-a34a92e61701" testListId="8c84fa94-04c1-424b-9868-57a2d4851a1d" />
    <TestEntry testId="fad2fa2f-5e97-0ea9-fae8-0ac7b2919669" executionId="82ce3946-c8ff-4db8-a704-6e48f2c2a28c" testListId="8c84fa94-04c1-424b-9868-57a2d4851a1d" />
    <TestEntry testId="98d33923-6e00-1bf2-4531-f85f712c8337" executionId="d64603f4-47b6-4c63-a18b-544161d45caa" testListId="8c84fa94-04c1-424b-9868-57a2d4851a1d" />
  </TestEntries>
  <TestLists>
    <TestList name="不在清單中的結果" id="8c84fa94-04c1-424b-9868-57a2d4851a1d" />
    <TestList name="所有載入的結果" id="19431567-8539-422a-85d7-44ee4e166bda" />
  </TestLists>
  <ResultSummary outcome="Completed">
    <Counters total="4" executed="4" passed="4" failed="0" error="0" timeout="0" aborted="0" inconclusive="0" passedButRunAborted="0" notRunnable="0" notExecuted="0" disconnected="0" warning="0" completed="0" inProgress="0" pending="0" />
    <Output>
      <StdOut>[xUnit.net 00:00:00.00] xUnit.net VSTest Adapter v2.5.3.1+6b60a9e56a (64-bit .NET 8.0.25)&#xD;
[xUnit.net 00:00:00.05]   Discovering: LAL.Tests&#xD;
[xUnit.net 00:00:00.09]   Discovered:  LAL.Tests&#xD;
[xUnit.net 00:00:00.09]   Starting:    LAL.Tests&#xD;
[xUnit.net 00:00:00.13]   Finished:    LAL.Tests&#xD;
</StdOut>
    </Output>
  </ResultSummary>
</TestRun>