<?xml version="1.0" encoding="utf-8"?>
<TestRun id="3c3bf03c-cd93-4121-86fc-ee740a37d1e3" name="user@704DESKTOP 2026-04-14 13:12:45" runUser="704DESKTOP\user" xmlns="http://microsoft.com/schemas/VisualStudio/TeamTest/2010">
  <Times creation="2026-04-14T13:12:45.4505464+08:00" queuing="2026-04-14T13:12:45.4505465+08:00" start="2026-04-14T13:12:44.9383137+08:00" finish="2026-04-14T13:12:45.4545964+08:00" />
  <TestSettings name="default" id="f30467b8-9a09-4478-9bfd-7f9d9ed474e2">
    <Deployment runDeploymentRoot="user_704DESKTOP_2026-04-14_13_12_45" />
  </TestSettings>
  <Results>
    <UnitTestResult executionId="f71709c6-c209-4b7b-be3a-8242eab089ba" testId="29b57941-d1eb-86a7-8a9d-415e3623e0fb" testName="LAL.Tests.OdeCore.BdfTests.StepBackwardEuler_ApproximatesImplicitStep" computerName="704DESKTOP" duration="00:00:00.0001519" startTime="2026-04-14T13:12:45.3608709+08:00" endTime="2026-04-14T13:12:45.3608709+08:00" testType="13cdc9d9-ddb5-4fa4-a97d-d965ccfc6d4b" outcome="Passed" testListId="8c84fa94-04c1-424b-9868-57a2d4851a1d" relativeResultsDirectory="f71709c6-c209-4b7b-be3a-8242eab089ba" />
    <UnitTestResult executionId="cfd719a7-6e85-4917-9758-64bed0e6f9a5" testId="f95032d4-a5f2-38a8-8f2b-b81a660325dd" testName="LAL.Tests.OdeCore.BdfTests.StepBackwardEuler_Float_ApproximatesImplicitStep" computerName="704DESKTOP" duration="00:00:00.0023940" startTime="2026-04-14T13:12:45.3607025+08:00" endTime="2026-04-14T13:12:45.3607025+08:00" testType="13cdc9d9-ddb5-4fa4-a97d-d965ccfc6d4b" outcome="Passed" testListId="8c84fa94-04c1-424b-9868-57a2d4851a1d" relativeResultsDirectory="cfd719a7-6e85-4917-9758-64bed0e6f9a5" />
    <UnitTestResult executionId="6300267f-1dd1-4ba7-b39e-38f0fee1fa56" testId="95c728dd-14bf-51c2-a820-fcfa4e0747c7" testName="LAL.Tests.OdeCore.EulerTests.Step_Complex_AdvancesStateForLinearSystem" computerName="704DESKTOP" duration="00:00:00.0041131" startTime="2026-04-14T13:12:45.3572820+08:00" endTime="2026-04-14T13:12:45.3572994+08:00" testType="13cdc9d9-ddb5-4fa4-a97d-d965ccfc6d4b" outcome="Passed" testListId="8c84fa94-04c1-424b-9868-57a2d4851a1d" relativeResultsDirectory="6300267f-1dd1-4ba7-b39e-38f0fee1fa56" />
    <UnitTestResult executionId="c2ae739b-ddb8-40e1-a1a2-56583862f9ff" testId="e73c7e72-ad3f-15f2-0191-2116a223a77d" testName="LAL.Tests.OdeCore.BdfTests.StepBackwardEuler_RemainsStableForStiffDecayWithSmallStep" computerName="704DESKTOP" duration="00:00:00.0040988" startTime="2026-04-14T13:12:45.3588033+08:00" endTime="2026-04-14T13:12:45.3588034+08:00" testType="13cdc9d9-ddb5-4fa4-a97d-d965ccfc6d4b" outcome="Passed" testListId="8c84fa94-04c1-424b-9868-57a2d4851a1d" relativeResultsDirectory="c2ae739b-ddb8-40e1-a1a2-56583862f9ff" />
    <UnitTestResult executionId="3f32e3d1-f32f-4a0d-bd37-5b0f2cca1455" testId="844e0c35-3ae0-f476-f3ac-d7d32ee074d8" testName="LAL.Tests.OdeCore.EulerTests.Step_Float_AdvancesStateForLinearSystem" computerName="704DESKTOP" duration="00:00:00.0011666" startTime="2026-04-14T13:12:45.3606835+08:00" endTime="2026-04-14T13:12:45.3606836+08:00" testType="13cdc9d9-ddb5-4fa4-a97d-d965ccfc6d4b" outcome="Passed" testListId="8c84fa94-04c1-424b-9868-57a2d4851a1d" relativeResultsDirectory="3f32e3d1-f32f-4a0d-bd37-5b0f2cca1455" />
    <UnitTestResult executionId="2389f1db-769e-4e25-8ff1-8bd7823ccb47" testId="612c90f4-7f18-be16-a5f5-28ee49c7eda2" testName="LAL.Tests.OdeCore.BdfTests.StepBackwardEuler_Complex_ApproximatesImplicitStep" computerName="704DESKTOP" duration="00:00:00.0012660" startTime="2026-04-14T13:12:45.3594326+08:00" endTime="2026-04-14T13:12:45.3594327+08:00" testType="13cdc9d9-ddb5-4fa4-a97d-d965ccfc6d4b" outcome="Passed" testListId="8c84fa94-04c1-424b-9868-57a2d4851a1d" relativeResultsDirectory="2389f1db-769e-4e25-8ff1-8bd7823ccb47" />
    <UnitTestResult executionId="5fa33d7b-3afd-4d78-bbdc-4c44f508af44" testId="51ffa7fd-7a66-ab25-50b7-4c454ab183fb" testName="LAL.Tests.OdeCore.EulerTests.Step_AdvancesStateForLinearSystem" computerName="704DESKTOP" duration="00:00:00.0025060" startTime="2026-04-14T13:12:45.3595757+08:00" endTime="2026-04-14T13:12:45.3595757+08:00" testType="13cdc9d9-ddb5-4fa4-a97d-d965ccfc6d4b" outcome="Passed" testListId="8c84fa94-04c1-424b-9868-57a2d4851a1d" relativeResultsDirectory="5fa33d7b-3afd-4d78-bbdc-4c44f508af44" />
  </Results>
  <TestDefinitions>
    <UnitTest name="LAL.Tests.OdeCore.BdfTests.StepBackwardEuler_ApproximatesImplicitStep" storage="d:\project\lal\lal.tests\bin\release\net8.0\lal.tests.dll" id="29b57941-d1eb-86a7-8a9d-415e3623e0fb">
      <Execution id="f71709c6-c209-4b7b-be3a-8242eab089ba" />
      <TestMethod codeBase="D:\Project\LAL\LAL.Tests\bin\Release\net8.0\LAL.Tests.dll" adapterTypeName="executor://xunit/VsTestRunner2/netcoreapp" className="LAL.Tests.OdeCore.BdfTests" name="StepBackwardEuler_ApproximatesImplicitStep" />
    </UnitTest>
    <UnitTest name="LAL.Tests.OdeCore.EulerTests.Step_AdvancesStateForLinearSystem" storage="d:\project\lal\lal.tests\bin\release\net8.0\lal.tests.dll" id="51ffa7fd-7a66-ab25-50b7-4c454ab183fb">
      <Execution id="5fa33d7b-3afd-4d78-bbdc-4c44f508af44" />
      <TestMethod codeBase="D:\Project\LAL\LAL.Tests\bin\Release\net8.0\LAL.Tests.dll" adapterTypeName="executor://xunit/VsTestRunner2/netcoreapp" className="LAL.Tests.OdeCore.EulerTests" name="Step_AdvancesStateForLinearSystem" />
    </UnitTest>
    <UnitTest name="LAL.Tests.OdeCore.EulerTests.Step_Float_AdvancesStateForLinearSystem" storage="d:\project\lal\lal.tests\bin\release\net8.0\lal.tests.dll" id="844e0c35-3ae0-f476-f3ac-d7d32ee074d8">
      <Execution id="3f32e3d1-f32f-4a0d-bd37-5b0f2cca1455" />
      <TestMethod codeBase="D:\Project\LAL\LAL.Tests\bin\Release\net8.0\LAL.Tests.dll" adapterTypeName="executor://xunit/VsTestRunner2/netcoreapp" className="LAL.Tests.OdeCore.EulerTests" name="Step_Float_AdvancesStateForLinearSystem" />
    </UnitTest>
    <UnitTest name="LAL.Tests.OdeCore.BdfTests.StepBackwardEuler_Float_ApproximatesImplicitStep" storage="d:\project\lal\lal.tests\bin\release\net8.0\lal.tests.dll" id="f95032d4-a5f2-38a8-8f2b-b81a660325dd">
      <Execution id="cfd719a7-6e85-4917-9758-64bed0e6f9a5" />
      <TestMethod codeBase="D:\Project\LAL\LAL.Tests\bin\Release\net8.0\LAL.Tests.dll" adapterTypeName="executor://xunit/VsTestRunner2/netcoreapp" className="LAL.Tests.OdeCore.BdfTests" name="StepBackwardEuler_Float_ApproximatesImplicitStep" />
    </UnitTest>
    <UnitTest name="LAL.Tests.OdeCore.BdfTests.StepBackwardEuler_RemainsStableForStiffDecayWithSmallStep" storage="d:\project\lal\lal.tests\bin\release\net8.0\lal.tests.dll" id="e73c7e72-ad3f-15f2-0191-2116a223a77d">
      <Execution id="c2ae739b-ddb8-40e1-a1a2-56583862f9ff" />
      <TestMethod codeBase="D:\Project\LAL\LAL.Tests\bin\Release\net8.0\LAL.Tests.dll" adapterTypeName="executor://xunit/VsTestRunner2/netcoreapp" className="LAL.Tests.OdeCore.BdfTests" name="StepBackwardEuler_RemainsStableForStiffDecayWithSmallStep" />
    </UnitTest>
    <UnitTest name="LAL.Tests.OdeCore.BdfTests.StepBackwardEuler_Complex_ApproximatesImplicitStep" storage="d:\project\lal\lal.tests\bin\release\net8.0\lal.tests.dll" id="612c90f4-7f18-be16-a5f5-28ee49c7eda2">
      <Execution id="2389f1db-769e-4e25-8ff1-8bd7823ccb47" />
      <TestMethod codeBase="D:\Project\LAL\LAL.Tests\bin\Release\net8.0\LAL.Tests.dll" adapterTypeName="executor://xunit/VsTestRunner2/netcoreapp" className="LAL.Tests.OdeCore.BdfTests" name="StepBackwardEuler_Complex_ApproximatesImplicitStep" />
    </UnitTest>
    <UnitTest name="LAL.Tests.OdeCore.EulerTests.Step_Complex_AdvancesStateForLinearSystem" storage="d:\project\lal\lal.tests\bin\release\net8.0\lal.tests.dll" id="95c728dd-14bf-51c2-a820-fcfa4e0747c7">
      <Execution id="6300267f-1dd1-4ba7-b39e-38f0fee1fa56" />
      <TestMethod codeBase="D:\Project\LAL\LAL.Tests\bin\Release\net8.0\LAL.Tests.dll" adapterTypeName="executor://xunit/VsTestRunner2/netcoreapp" className="LAL.Tests.OdeCore.EulerTests" name="Step_Complex_AdvancesStateForLinearSystem" />
    </UnitTest>
  </TestDefinitions>
  <TestEntries>
    <TestEntry testId="29b57941-d1eb-86a7-8a9d-415e3623e0fb" executionId="f71709c6-c209-4b7b-be3a-8242eab089ba" testListId="8c84fa94-04c1-424b-9868-57a2d4851a1d" />
    <TestEntry testId="f95032d4-a5f2-38a8-8f2b-b81a660325dd" executionId="cfd719a7-6e85-4917-9758-64bed0e6f9a5" testListId="8c84fa94-04c1-424b-9868-57a2d4851a1d" />
    <TestEntry testId="95c728dd-14bf-51c2-a820-fcfa4e0747c7" executionId="6300267f-1dd1-4ba7-b39e-38f0fee1fa56" testListId="8c84fa94-04c1-424b-9868-57a2d4851a1d" />
    <TestEntry testId="e73c7e72-ad3f-15f2-0191-2116a223a77d" executionId="c2ae739b-ddb8-40e1-a1a2-56583862f9ff" testListId="8c84fa94-04c1-424b-9868-57a2d4851a1d" />
    <TestEntry testId="844e0c35-3ae0-f476-f3ac-d7d32ee074d8" executionId="3f32e3d1-f32f-4a0d-bd37-5b0f2cca1455" testListId="8c84fa94-04c1-424b-9868-57a2d4851a1d" />
    <TestEntry testId="612c90f4-7f18-be16-a5f5-28ee49c7eda2" executionId="2389f1db-769e-4e25-8ff1-8bd7823ccb47" testListId="8c84fa94-04c1-424b-9868-57a2d4851a1d" />
    <TestEntry testId="51ffa7fd-7a66-ab25-50b7-4c454ab183fb" executionId="5fa33d7b-3afd-4d78-bbdc-4c44f508af44" testListId="8c84fa94-04c1-424b-9868-57a2d4851a1d" />
  </TestEntries>
  <TestLists>
    <TestList name="不在清單中的結果" id="8c84fa94-04c1-424b-9868-57a2d4851a1d" />
    <TestList name="所有載入的結果" id="19431567-8539-422a-85d7-44ee4e166bda" />
  </TestLists>
  <ResultSummary outcome="Completed">
    <Counters total="7" executed="7" passed="7" failed="0" error="0" timeout="0" aborted="0" inconclusive="0" passedButRunAborted="0" notRunnable="0" notExecuted="0" disconnected="0" warning="0" completed="0" inProgress="0" pending="0" />
    <Output>
      <StdOut>[xUnit.net 00:00:00.00] xUnit.net VSTest Adapter v2.5.3.1+6b60a9e56a (64-bit .NET 8.0.25)&#xD;
[xUnit.net 00:00:00.05]   Discovering: LAL.Tests&#xD;
[xUnit.net 00:00:00.08]   Discovered:  LAL.Tests&#xD;
[xUnit.net 00:00:00.08]   Starting:    LAL.Tests&#xD;
[xUnit.net 00:00:00.13]   Finished:    LAL.Tests&#xD;
</StdOut>
    </Output>
  </ResultSummary>
</TestRun>